Archive member included because of file (symbol)

cpu/arm920t/libarm920t.a(interrupts.o)
                              cpu/arm920t/start.o (do_undefined_instruction)
cpu/arm920t/at91rm9200/libat91rm9200.a(interrupts.o)
                              cpu/arm920t/libarm920t.a(interrupts.o) (reset_cpu)
cpu/arm920t/at91rm9200/libat91rm9200.a(mmc.o)
                              cpu/arm920t/libarm920t.a(interrupts.o) (AT91F_MCI_Handler)
lib_arm/libarm.a(_udivsi3.o)  cpu/arm920t/at91rm9200/libat91rm9200.a(interrupts.o) (__udivsi3)
lib_arm/libarm.a(_umodsi3.o)  cpu/arm920t/at91rm9200/libat91rm9200.a(mmc.o) (__umodsi3)
lib_arm/libarm.a(board.o)     cpu/arm920t/start.o (start_armboot)
lib_arm/libarm.a(div0.o)      lib_arm/libarm.a(_udivsi3.o) (__div0)
fs/fat/libfat.a(fat.o)        cpu/arm920t/at91rm9200/libat91rm9200.a(mmc.o) (fat_register_device)
net/libnet.a(net.o)           lib_arm/libarm.a(board.o) (copy_filename)
net/libnet.a(tftp.o)          net/libnet.a(net.o) (TftpStart)
net/libnet.a(bootp.o)         net/libnet.a(net.o) (BootpRequest)
net/libnet.a(rarp.o)          net/libnet.a(net.o) (RarpRequest)
net/libnet.a(eth.o)           lib_arm/libarm.a(board.o) (eth_initialize)
net/libnet.a(nfs.o)           net/libnet.a(net.o) (NfsStart)
disk/libdisk.a(part.o)        fs/fat/libfat.a(fat.o) (dev_print)
disk/libdisk.a(part_dos.o)    disk/libdisk.a(part.o) (test_part_dos)
drivers/libdrivers.a(dataflash.o)
                              lib_arm/libarm.a(board.o) (AT91F_DataflashInit)
common/libcommon.a(main.o)    lib_arm/libarm.a(board.o) (main_loop)
common/libcommon.a(cmd_boot.o)
                              (__u_boot_cmd_reset)
common/libcommon.a(cmd_bootm.o)
                              (__u_boot_cmd_imls)
common/libcommon.a(cmd_console.o)
                              (__u_boot_cmd_coninfo)
common/libcommon.a(cmd_fat.o)
                              (__u_boot_cmd_fatinfo)
common/libcommon.a(cmd_flash.o)
                              (__u_boot_cmd_protect)
common/libcommon.a(cmd_itest.o)
                              (__u_boot_cmd_itest)
common/libcommon.a(cmd_load.o)
                              (__u_boot_cmd_loady)
common/libcommon.a(cmd_mem.o)
                              (__u_boot_cmd_mtest)
common/libcommon.a(cmd_mii.o)
                              (__u_boot_cmd_mii)
common/libcommon.a(cmd_mmc.o)
                              (__u_boot_cmd_mmcinit)
common/libcommon.a(cmd_net.o)
                              (__u_boot_cmd_nfs)
common/libcommon.a(cmd_nvedit.o)
                              (__u_boot_cmd_run)
common/libcommon.a(command.o)
                              (__u_boot_cmd_question_mark)
common/libcommon.a(console.o)
                              cpu/arm920t/libarm920t.a(interrupts.o) (printf)
common/libcommon.a(devices.o)
                              common/libcommon.a(cmd_console.o) (stdio_names)
common/libcommon.a(dlmalloc.o)
                              common/libcommon.a(cmd_bootm.o) (free)
common/libcommon.a(env_common.o)
                              common/libcommon.a(cmd_nvedit.o) (env_get_char)
common/libcommon.a(env_flash.o)
                              common/libcommon.a(env_common.o) (env_ptr)
common/libcommon.a(exports.o)
                              lib_arm/libarm.a(board.o) (jumptable_init)
common/libcommon.a(flash.o)   common/libcommon.a(cmd_load.o) (addr2info)
common/libcommon.a(lists.o)   common/libcommon.a(devices.o) (ListCreate)
common/libcommon.a(miiphyutil.o)
                              net/libnet.a(eth.o) (miiphy_init)
common/libcommon.a(xyzModem.o)
                              common/libcommon.a(cmd_load.o) (xyzModem_stream_open)
common/libcommon.a(crc16.o)   common/libcommon.a(xyzModem.o) (cyg_crc16)
lib_generic/libgeneric.a(crc32.o)
                              common/libcommon.a(cmd_bootm.o) (crc32)
lib_generic/libgeneric.a(display_options.o)
                              lib_arm/libarm.a(board.o) (print_size)
lib_generic/libgeneric.a(string.o)
                              fs/fat/libfat.a(fat.o) (strcpy)
lib_generic/libgeneric.a(vsprintf.o)
                              lib_arm/libarm.a(board.o) (simple_strtoul)
lib_generic/libgeneric.a(zlib.o)
                              common/libcommon.a(cmd_bootm.o) (inflateEnd)
lib_generic/libgeneric.a(ctype.o)
                              lib_generic/libgeneric.a(vsprintf.o) (_ctype)
board/at91rm9200dk/libat91rm9200dk.a(at91rm9200dk.o)
                              lib_arm/libarm.a(board.o) (board_init)
board/at91rm9200dk/libat91rm9200dk.a(at45.o)
                              drivers/libdrivers.a(dataflash.o) (AT91F_SpiInit)
board/at91rm9200dk/libat91rm9200dk.a(flash.o)
                              common/libcommon.a(cmd_flash.o) (flash_print_info)
cpu/arm920t/libarm920t.a(cpu.o)
                              lib_arm/libarm.a(board.o) (cpu_init)
cpu/arm920t/at91rm9200/libat91rm9200.a(dm9161.o)
                              board/at91rm9200dk/libat91rm9200dk.a(at91rm9200dk.o) (dm9161_IsPhyConnected)
[...]
Memory Configuration

Name             Origin             Length             Attributes
*default*        0x00000000         0xffffffff

Linker script and memory map

                0x00000000                . = 0x0
                0x00000000                . = ALIGN (0x4)

.text           0x21f00000    0x16900
 cpu/arm920t/start.o(.text)
 .text          0x21f00000      0x340 cpu/arm920t/start.o
                0x21f00050                IRQ_STACK_START
                0x21f00048                _bss_start
                0x21f0004c                _bss_end
                0x21f00044                _armboot_start
                0x21f00000                _start
                0x21f00054                FIQ_STACK_START
 *(.text)
 .text          0x21f00340      0x264 cpu/arm920t/libarm920t.a(interrupts.o)
                0x21f0057c                do_fiq
                0x21f004c8                do_undefined_instruction
                0x21f00388                show_regs
                0x21f005a0                do_irq
                0x21f0036c                bad_mode
                0x21f00510                do_prefetch_abort
                0x21f00350                disable_interrupts
                0x21f00558                do_not_used
                0x21f00534                do_data_abort
                0x21f004ec                do_software_interrupt
                0x21f00340                enable_interrupts
 .text          0x21f005a4      0x230 cpu/arm920t/at91rm9200/libat91rm9200.a(interrupts.o)
                0x21f00660                set_timer
                0x21f0079c                reset_timer
                0x21f005a4                interrupt_init
                0x21f00744                get_tbclk
                0x21f0071c                get_timer
                0x21f00628                reset_timer_masked
                0x21f00708                get_timer_masked
                0x21f00704                udelay
                0x21f006cc                udelay_masked
                0x21f0074c                reset_cpu
                0x21f00730                get_ticks
                0x21f00670                get_timer_raw
 .text          0x21f007d4     0x1ff0 cpu/arm920t/at91rm9200/libat91rm9200.a(mmc.o)
                0x21f00f14                AT91F_UDP_EpClear
                0x21f00f60                AT91F_UDP_GetInterruptMaskStatus
                0x21f007ec                AT91F_PDC_SetRx
                0x21f00cb0                AT91F_US_DisableRx
                0x21f00b24                AT91F_PIO_GetOutputStatus
                0x21f009cc                AT91F_SPI_PutChar
                0x21f01a34                mmc_ident
                0x21f01f30                AT91F_US0_CfgPIO
                0x21f009a0                AT91F_SPI_CfgMode
                0x21f00f8c                AT91F_ST_EnableIt
                0x21f0238c                AT91F_SPI_IsInterruptMasked
                0x21f0090c                AT91F_SSC_EnableRx
                0x21f00a70                AT91F_PIO_CfgPeriph
                0x21f02744                AT91F_AIC_Open
                0x21f00804                AT91F_PDC_EnableTx
                0x21f00b5c                AT91F_PIO_GetInterruptMaskStatus
                0x21f01a20                doswap
                0x21f00b14                AT91F_PIO_OutputEnable
                0x21f01be4                AT91F_SPI_CfgPMC
                0x21f00c9c                AT91F_US_ResetTx
                0x21f01b24                AT91F_MCI_Handler
                0x21f014b0                AT91F_MCI_MMC_GetAllCID
                0x21f01e14                AT91F_SSC2_CfgPIO
                0x21f01df0                AT91F_EMAC_CfgPIO
                0x21f00e9c                AT91F_UDP_GetState
                0x21f01c48                AT91F_TC1_CfgPMC
                0x21f009a8                AT91F_SPI_CfgPCS
                0x21f01b58                AT91F_SYS_CfgPMC
                0x21f01d64                AT91F_UDP_CfgPMC
                0x21f01a90                AT91F_CfgDevice
                0x21f01cfc                AT91F_US2_CfgPMC
                0x21f008a4                AT91F_SSC_SetBaudrate
                0x21f023d4                AT91F_UDP_IsInterruptMasked
                0x21f02118                AT91F_SPI_Close
                0x21f00e70                AT91F_UDP_DisableEp
                0x21f01bf8                AT91F_TC5_CfgPMC
                0x21f00d0c                AT91F_US_SetIrdaFilter
                0x21f02500                AT91F_PDC_Open
                0x21f026f8                AT91F_SSC_Configure
                0x21f00864                AT91F_PDC_IsNextRxEmpty
                0x21f01ce8                AT91F_US3_CfgPMC
                0x21f024f0                AT91F_SPI_SendFrame
                0x21f0178c                AT91F_MCI_SDCard_SetBusWidth
                0x21f00a14                AT91F_TC_GetInterruptMaskStatus
                0x21f02374                AT91F_PIO_IsInputFilterSet
                0x21f023ec                AT91F_PIO_IsInterruptMasked
                0x21f019e0                AT91F_MCIDeviceWaitReady
                0x21f00a0c                AT91F_TC_InterruptDisable
                0x21f01cc0                AT91F_PIOA_CfgPMC
                0x21f00b4c                AT91F_PIO_InterruptEnable
                0x21f00884                AT91F_DBGU_GetInterruptMaskStatus
                0x21f026bc                AT91F_US_Configure
                0x21f01010                AT91F_MCI_SDCard_SendAppCommand
                0x21f00f94                AT91F_ST_DisableIt
                0x21f007d4                AT91F_PDC_SetNextRx
                0x21f00b9c                AT91F_PIO_OutputWriteEnable
                0x21f02194                mmc_block_read
                0x21f023c8                AT91F_PIO_IsInputSet
                0x21f00bc4                AT91F_TWI_DisableIt
                0x21f01528                AT91F_MCI_MMC_Init
                0x21f023f8                AT91F_PIO_IsInterruptSet
                0x21f00d38                AT91F_MCI_EnableIt
                0x21f00e30                AT91F_AIC_IsPending
                0x21f02368                AT91F_PIO_IsOutputSet
                0x21f02488                AT91F_US_ReceiveFrame
                0x21f01378                AT91F_MCI_MMC_SelectCard
                0x21f0145c                AT91F_MCI_SetBlocklength
                0x21f023bc                AT91F_ST_IsInterruptMasked
                0x21f00cec                AT91F_US_PutChar
                0x21f00b84                AT91F_PIO_A_RegisterSelection
                0x21f01738                AT91F_MCI_SDCard_GetCID
                0x21f0093c                AT91F_SSC_EnableIt
                0x21f00afc                AT91F_PIO_Enable
                0x21f02410                AT91F_PIO_IsAB_RegisterSet
                0x21f00bac                AT91F_PIO_GetOutputWriteStatus
                0x21f00cd4                AT91F_US_RxReady
                0x21f01c70                AT91F_PMC_CfgPMC
                0x21f00e60                AT91F_UDP_EnableEp
                0x21f00e80                AT91F_UDP_SetState
                0x21f00cbc                AT91F_US_DisableTx
                0x21f007f8                AT91F_PDC_SetTx
                0x21f01d78                AT91F_ST_CfgPMC
                0x21f01c20                AT91F_TC3_CfgPMC
                0x21f020ac                AT91F_PDC_Close
                0x21f00abc                AT91F_PIO_CfgDirectDrive
                0x21f01a18                mmc_write
                0x21f00ce0                AT91F_US_Error
                0x21f00b04                AT91F_PIO_Disable
                0x21f02398                AT91F_DBGU_IsInterruptMasked
                0x21f00d60                AT91F_MCI_Cfg_ModeRegister
                0x21f023a4                AT91F_RTC_IsInterruptMasked
                0x21f00894                AT91F_RTC_InterruptDisable
                0x21f00954                AT91F_SPI_Open
                0x21f01e94                AT91F_PMC_CfgPIO
                0x21f02498                AT91F_SSC_ReceiveFrame
                0x21f00c7c                AT91F_US_EnableTx
                0x21f00874                AT91F_DBGU_InterruptEnable
                0x21f01094                AT91F_MCI_GetStatus
                0x21f0241c                AT91F_PIO_IsOutputWriteSet
                0x21f00c3c                AT91F_US_SetBaudrate
                0x21f00e48                AT91F_UDP_DisableIt
                0x21f02088                AT91F_PMC_GetMasterClock
                0x21f01c5c                AT91F_TC0_CfgPMC
                0x21f016dc                AT91F_MCI_SDCard_GetOCR
                0x21f0081c                AT91F_PDC_DisableTx
                0x21f01dac                AT91F_DBGU_CfgPIO
                0x21f02548                mmc_init
                0x21f01b6c                AT91F_UHP_CfgPMC
                0x21f00e40                AT91F_UDP_EnableIt
                0x21f00b1c                AT91F_PIO_OutputDisable
                0x21f0096c                AT91F_SPI_EnableIt
                0x21f00810                AT91F_PDC_EnableRx
                0x21f00cfc                AT91F_US_GetChar
                0x21f00aec                AT91F_PIO_ClearOutput
                0x21f00be8                AT91F_TWI_GetInterruptMaskStatus
                0x21f02440                AT91F_PDC_ReceiveFrame
                0x21f01bbc                AT91F_SSC1_CfgPMC
                0x21f00b8c                AT91F_PIO_B_RegisterSelection
                0x21f00dd0                AT91F_AIC_AcknowledgeIt
                0x21f024a0                AT91F_PDC_SendFrame
                0x21f0235c                AT91F_PIO_IsSet
                0x21f00b3c                AT91F_PIO_GetInputFilterStatus
                0x21f00a04                AT91F_TC_InterruptEnable
                0x21f00918                AT91F_SSC_DisableRx
                0x21f00834                AT91F_PDC_IsTxEmpty
                0x21f00d18                AT91F_MCI_Configure
                0x21f00d48                AT91F_MCI_Enable_Interface
                0x21f00b7c                AT91F_PIO_GetMultiDriverStatus
                0x21f00b94                AT91F_PIO_Get_AB_RegisterStatus
                0x21f0089c                AT91F_RTC_GetInterruptMaskStatus
                0x21f00fa4                AT91F_MCI_SendCommand
                0x21f00ae4                AT91F_PIO_SetOutput
                0x21f01ba8                AT91F_SSC2_CfgPMC
                0x21f00eb0                AT91F_UDP_EpStall
                0x21f020e4                AT91F_US_Close
                0x21f00acc                AT91F_PIO_CfgInputFilter
                0x21f01f50                AT91F_MCI_CfgPIO
                0x21f024f8                AT91F_SSC_SendFrame
                0x21f00d54                AT91F_MCI_Disable_Interface
                0x21f01ecc                AT91F_TWI_CfgPIO
                0x21f00c88                AT91F_US_ResetRx
                0x21f00e50                AT91F_UDP_SetAddress
                0x21f00f9c                AT91F_ST_GetInterruptMaskStatus
                0x21f01e74                AT91F_SMC2_CfgPIO
                0x21f01d10                AT91F_US1_CfgPMC
                0x21f01eec                AT91F_US2_CfgPIO
                0x21f00854                AT91F_PDC_IsRxEmpty
                0x21f024e8                AT91F_US_SendFrame
                0x21f0146c                AT91F_MCI_MMC_GetAllOCR
                0x21f01e34                AT91F_SSC1_CfgPIO
                0x21f01c0c                AT91F_TC4_CfgPMC
                0x21f0087c                AT91F_DBGU_InterruptDisable
                0x21f00d40                AT91F_MCI_DisableIt
                0x21f01d38                AT91F_MCI_CfgPMC
                0x21f01c98                AT91F_PIOC_CfgPMC
                0x21f00dac                AT91F_AIC_DisableIt
                0x21f009ec                AT91F_SPI_GetChar
                0x21f023e0                AT91F_PIO_IsOutputDataStatusSet
                0x21f00b2c                AT91F_PIO_InputFilterEnable
                0x21f0088c                AT91F_RTC_InterruptEnable
                0x21f02490                AT91F_SPI_ReceiveFrame
                0x21f019d4                mmc_get_dev
                0x21f00f4c                AT91F_UDP_EpStatus
                0x21f00ee4                AT91F_UDP_EpRead
                0x21f00ea8                AT91F_UDP_ResetEp
                0x21f00930                AT91F_SSC_DisableTx
                0x21f00b74                AT91F_PIO_MultiDriverDisable
                0x21f00bbc                AT91F_TWI_EnableIt
                0x21f01d24                AT91F_US0_CfgPMC
                0x21f00a44                AT91F_PMC_EnablePCK
                0x21f00a84                AT91F_PIO_CfgOutput
                0x21f00988                AT91F_SPI_Enable
                0x21f01a3c                mmc2info
                0x21f007e0                AT91F_PDC_SetNextTx
                0x21f00aac                AT91F_PIO_CfgPullup
                0x21f00f68                AT91F_ST_SetPeriodInterval
                0x21f00c60                AT91F_US_EnableIt
                0x21f00ef8                AT91F_UDP_EpEndOfWr
                0x21f00844                AT91F_PDC_IsNextTxEmpty
                0x21f00bcc                AT91F_TWI_Configure
                0x21f02380                AT91F_SSC_IsInterruptMasked
                0x21f02154                AT91F_MCI_CorrectByteOrder
                0x21f01cac                AT91F_PIOB_CfgPMC
                0x21f00d68                AT91F_AIC_ConfigureIt
                0x21f01dcc                AT91F_SDRC_CfgPIO
                0x21f00bb4                AT91F_PIO_GetCfgPullup
                0x21f010c0                AT91F_MCI_Device_Handler
                0x21f02428                AT91F_PIO_IsCfgPullupStatusSet
                0x21f00b64                AT91F_PIO_GetInterruptStatus
                0x21f00f30                AT91F_UDP_EpSet
                0x21f0124c                AT91F_MCI_WriteBlock
                0x21f01bd0                AT91F_SSC0_CfgPMC
                0x21f00e10                AT91F_AIC_Trig
                0x21f00ba4                AT91F_PIO_OutputWriteDisable
                0x21f009fc                AT91F_SPI_GetInterruptMaskStatus
                0x21f01cd4                AT91F_TWI_CfgPMC
                0x21f01c34                AT91F_TC2_CfgPMC
                0x21f01400                AT91F_MCI_GetCSD
                0x21f01120                AT91F_MCI_ReadBlock
                0x21f00b6c                AT91F_PIO_MultiDriverEnable
                0x21f02228                mmc_read
                0x21f00c68                AT91F_US_DisableIt
                0x21f023b0                AT91F_TC_IsInterruptMasked
                0x21f01b94                AT91F_RTC_CfgPMC
                0x21f00a90                AT91F_PIO_CfgInput
                0x21f00b54                AT91F_PIO_InterruptDisable
                0x21f0097c                AT91F_SPI_Reset
                0x21f00af4                AT91F_PIO_ForceOutput
                0x21f00994                AT91F_SPI_Disable
                0x21f00974                AT91F_SPI_DisableIt
                0x21f00bf0                AT91F_US_Baudrate
                0x21f00a9c                AT91F_PIO_CfgOpendrain
                0x21f01f0c                AT91F_US1_CfgPIO
                0x21f01ae8                AT91F_Test_SDCard
                0x21f01f88                AT91F_PMC_GetProcessorClock
                0x21f01d8c                AT91F_EBI_CfgPIO
                0x21f0094c                AT91F_SSC_GetInterruptMaskStatus
                0x21f00b34                AT91F_PIO_InputFilterDisable
                0x21f0095c                AT91F_SPI_CfgCs
                0x21f01814                AT91F_MCI_SDCard_Init
                0x21f01b80                AT91F_EMAC_CfgPMC
                0x21f00a3c                AT91F_PMC_DisablePeriphClock
                0x21f00adc                AT91F_PIO_GetInput
                0x21f00ddc                AT91F_AIC_SetExceptionVector
                0x21f01e54                AT91F_SPI_CfgPIO
                0x21f00ecc                AT91F_UDP_EpWrite
                0x21f00d9c                AT91F_AIC_EnableIt
                0x21f00a1c                AT91F_CKGR_GetMainClock
                0x21f01c84                AT91F_PIOD_CfgPMC
                0x21f00dc0                AT91F_AIC_ClearIt
                0x21f00b44                AT91F_PIO_GetOutputDataStatus
                0x21f01b44                AT91F_DBGU_CfgPMC
                0x21f00944                AT91F_SSC_DisableIt
                0x21f00a34                AT91F_PMC_EnablePeriphClock
                0x21f02434                AT91F_TWI_IsInterruptMasked
                0x21f00b0c                AT91F_PIO_GetStatus
                0x21f00c70                AT91F_US_EnableRx
                0x21f00c58                AT91F_US_SetTimeguard
                0x21f00828                AT91F_PDC_DisableRx
                0x21f00e20                AT91F_AIC_IsActive
                0x21f02404                AT91F_PIO_IsMultiDriverSet
                0x21f01d4c                AT91F_AIC_CfgPMC
                0x21f00cc8                AT91F_US_TxReady
                0x21f00924                AT91F_SSC_EnableTx
                0x21f00a60                AT91F_PMC_DisablePCK
 .text          0x21f027c4       0x98 lib_arm/libarm.a(_udivsi3.o)
                0x21f027c4                __udivsi3
 .text          0x21f0285c       0xb4 lib_arm/libarm.a(_umodsi3.o)
                0x21f0285c                __umodsi3
 .text          0x21f02910      0x304 lib_arm/libarm.a(board.o)
                0x21f02a08                hang
                0x21f02a1c                start_armboot
                0x21f02910                sbrk
 .text          0x21f02c14        0x4 lib_arm/libarm.a(div0.o)
                0x21f02c14                __div0
 .text          0x21f02c18     0x12dc fs/fat/libfat.a(fat.o)
                0x21f03ebc                file_fat_read
                0x21f0347c                do_fat_read
                0x21f03eac                file_fat_ls
                0x21f03d60                file_fat_detectfs
                0x21f02c40                disk_read
                0x21f02c9c                fat_register_device
 .text          0x21f03ef4     0x1240 net/libnet.a(net.o)
                0x21f04b18                getenv_IPaddr
                0x21f04480                NetCksumOk
                0x21f04174                NetSetTimeout
                0x21f044e8                copy_filename
                0x21f044a4                NetEthHdrSize
                0x21f04538                ip_to_string
                0x21f04c70                ArpTimeoutCheck
                0x21f045a8                NetReceive
                0x21f04a98                string_to_ip
                0x21f04314                NetSendUDPPacket
                0x21f04584                print_IPaddr
                0x21f03f7c                NetSetEther
                0x21f04cf8                NetLoop
                0x21f04030                ArpRequest
                0x21f04b28                VLAN_to_string
                0x21f04be0                getenv_VLAN
                0x21f041c4                NetCksum
                0x21f04208                NetSetIP
                0x21f04b8c                string_to_VLAN
                0x21f04bf0                NetStartAgain
                0x21f041b0                NetSetHandler
                0x21f041c0                NetSendPacket
 .text          0x21f05134      0x690 net/libnet.a(tftp.o)
                0x21f055a0                TftpStart
 .text          0x21f057c4      0x9a8 net/libnet.a(bootp.o)
                0x21f06168                DhcpRequest
                0x21f05a70                BootpRequest
 .text          0x21f0616c      0x1ac net/libnet.a(rarp.o)
                0x21f061c8                RarpRequest
 .text          0x21f06318       0x1c net/libnet.a(eth.o)
                0x21f06318                eth_initialize
 .text          0x21f06334      0xd6c net/libnet.a(nfs.o)
                0x21f06e2c                NfsStart
 .text          0x21f070a0      0x2a0 disk/libdisk.a(part.o)
                0x21f070a0                dev_print
                0x21f0727c                print_part
                0x21f07258                get_partition_info
                0x21f0723c                init_part
 .text          0x21f07340      0x500 disk/libdisk.a(part_dos.o)
                0x21f07818                get_partition_info_dos
                0x21f077ec                print_part_dos
                0x21f07390                test_part_dos
 .text          0x21f07840      0x658 drivers/libdrivers.a(dataflash.o)
                0x21f07840                AT91F_DataflashInit
                0x21f07e00                dataflash_perror
                0x21f07acc                AT91F_DataflashSelect
                0x21f079b0                dataflash_print_info
                0x21f07ba8                prot_dataflash
                0x21f07b3c                addr_dataflash
                0x21f07b78                size_dataflash
                0x21f07bfc                dataflash_real_protect
                0x21f07d68                write_dataflash
                0x21f07cf4                read_dataflash
 .text          0x21f07e98      0x8e8 common/libcommon.a(main.o)
                0x21f08154                run_command
                0x21f08704                do_run
                0x21f07f74                readline
                0x21f08598                main_loop
 .text          0x21f08780       0x80 common/libcommon.a(cmd_boot.o)
                0x21f08780                do_go
 .text          0x21f08800      0xc20 common/libcommon.a(cmd_bootm.o)
                0x21f08844                print_image_hdr
                0x21f08820                do_bootd
                0x21f08d30                gunzip
                0x21f08e8c                do_bootm
 .text          0x21f09420       0xe0 common/libcommon.a(cmd_console.o)
                0x21f09420                do_coninfo
 .text          0x21f09500      0x3ac common/libcommon.a(cmd_fat.o)
                0x21f09534                do_fat_fsload
                0x21f097c8                do_fat_fsinfo
                0x21f096b8                do_fat_ls
                0x21f09500                get_dev
 .text          0x21f098ac      0xc38 common/libcommon.a(cmd_flash.o)
                0x21f09da0                do_flinfo
                0x21f09e2c                flash_sect_erase
                0x21f0a190                do_protect
                0x21f09f08                do_flerase
                0x21f0a08c                flash_sect_protect
 .text          0x21f0a4e4      0x2fc common/libcommon.a(cmd_itest.o)
                0x21f0a54c                binary_test
                0x21f0a734                do_itest
 .text          0x21f0a7e0      0xb64 common/libcommon.a(cmd_load.o)
                0x21f0a9d8                k_data_init
                0x21f0a868                s1_sendpacket
                0x21f0ab38                handle_send_packet
                0x21f0aa64                k_data_restore
                0x21f0a8f8                send_nack
                0x21f0ad70                do_load_serial_bin
                0x21f0aac8                k_data_char
                0x21f0a83c                chk1
                0x21f0aa00                k_data_save
                0x21f0a814                ktrans
                0x21f0a7e0                send_pad
                0x21f0a894                send_ack
 .text          0x21f0b344      0xd7c common/libcommon.a(cmd_mem.o)
                0x21f0bba8                do_mem_base
                0x21f0b61c                do_mem_mw
                0x21f0c004                do_mem_crc
                0x21f0bfb4                do_mem_nm
                0x21f0bfdc                do_mem_mm
                0x21f0b8d0                do_mem_cp
                0x21f0bcec                do_mem_mtest
                0x21f0b6e8                do_mem_cmp
                0x21f0b344                cmd_get_data_size
                0x21f0bbec                do_mem_loop
                0x21f0b3bc                do_mem_md
 .text          0x21f0c0c0      0x804 common/libcommon.a(cmd_mii.o)
                0x21f0c0c0                MII_dump_0_to_5
                0x21f0c414                do_mii
 .text          0x21f0c8c4       0x30 common/libcommon.a(cmd_mmc.o)
                0x21f0c8c4                do_mmc
 .text          0x21f0c8f4      0x2ec common/libcommon.a(cmd_net.o)
                0x21f0cbbc                do_rarpb
                0x21f0cbc8                do_tftpb
                0x21f0cbb0                do_dhcp
                0x21f0cbd4                do_bootp
                0x21f0cba4                do_nfs
 .text          0x21f0cbe0      0x914 common/libcommon.a(cmd_nvedit.o)
                0x21f0d380                getenv
                0x21f0ce00                _do_setenv
                0x21f0d3fc                getenv_r
                0x21f0cc50                do_printenv
                0x21f0d304                setenv
                0x21f0d4c8                do_saveenv
                0x21f0d340                do_setenv
 .text          0x21f0d4f4      0x2d4 common/libcommon.a(command.o)
                0x21f0d514                do_echo
                0x21f0d598                find_cmd
                0x21f0d634                do_help
                0x21f0d4f4                do_version
 .text          0x21f0d7c8      0x5a8 common/libcommon.a(console.o)
                0x21f0dbe0                console_init_r
                0x21f0da2c                printf
                0x21f0db40                console_assign
                0x21f0d9b8                getc
                0x21f0da10                puts
                0x21f0db34                dbg
                0x21f0d86c                serial_printf
                0x21f0d8e0                ftstc
                0x21f0d96c                fprintf
                0x21f0d9d0                tstc
                0x21f0da70                vprintf
                0x21f0daa0                ctrlc
                0x21f0d9e8                putc
                0x21f0daf8                disable_ctrlc
                0x21f0d8b0                fgetc
                0x21f0db10                had_ctrlc
                0x21f0d910                fputc
                0x21f0dbd0                console_init_f
                0x21f0db20                clear_ctrlc
                0x21f0d940                fputs
 .text          0x21f0dd70       0xf0 common/libcommon.a(devices.o)
                0x21f0dd70                device_register
                0x21f0de44                devices_done
                0x21f0dd94                devices_init
 .text          0x21f0de60     0x1100 common/libcommon.a(dlmalloc.o)
                0x21f0e1b8                malloc
                0x21f0edb0                pvalloc
                0x21f0edc8                calloc
                0x21f0eea8                malloc_usable_size
                0x21f0e804                realloc
                0x21f0dea0                malloc_trim
                0x21f0de60                malloc_bin_reloc
                0x21f0eeec                mallopt
                0x21f0ec94                memalign
                0x21f0eea4                cfree
                0x21f0eda4                valloc
                0x21f0df78                free
 .text          0x21f0ef60      0x128 common/libcommon.a(env_common.o)
                0x21f0efd4                env_get_addr
                0x21f0eff4                env_relocate
                0x21f0ef60                env_crc_update
                0x21f0efb4                env_get_char_memory
 .text          0x21f0f088      0x144 common/libcommon.a(env_flash.o)
                0x21f0f1ac                env_relocate_spec
                0x21f0f0f0                saveenv
                0x21f0f088                env_get_char_spec
                0x21f0f094                env_init
 .text          0x21f0f1cc       0xc8 common/libcommon.a(exports.o)
                0x21f0f1d8                jumptable_init
                0x21f0f1d0                get_version
 .text          0x21f0f294      0x394 common/libcommon.a(flash.o)
                0x21f0f3d4                flash_write
                0x21f0f294                flash_protect
                0x21f0f38c                addr2info
                0x21f0f548                flash_perror
 .text          0x21f0f628      0x3f0 common/libcommon.a(lists.o)
                0x21f0f688                DisposeHandle
                0x21f0f7ac                ListDispose
                0x21f0f7b0                ListInsertItems
                0x21f0f798                ListSetAllocationPolicy
                0x21f0fa00                ListGetItemSize
                0x21f0f9f4                ListGetDataPtr
                0x21f0f628                NewHandle
                0x21f0f6b0                SetHandleSize
                0x21f0f974                ListInsertItem
                0x21f0f6a8                GetHandleSize
                0x21f0fa0c                ListNumItems
                0x21f0f9c4                ListGetPtrToItem
                0x21f0f738                ListCreate
                0x21f0f97c                ListGetItems
 .text          0x21f0fa18      0x59c common/libcommon.a(miiphyutil.o)
                0x21f0fcc8                miiphy_speed
                0x21f0fd58                miiphy_info
                0x21f0fe88                miiphy_reset
                0x21f0fb44                miiphy_set_current_dev
                0x21f0ff40                miiphy_listdev
                0x21f0fba8                miiphy_read
                0x21f0fa3c                miiphy_get_current_dev
                0x21f0fc38                miiphy_duplex
                0x21f0fdf4                miiphy_write
                0x21f0fa58                miiphy_register
                0x21f0fa18                miiphy_init
 .text          0x21f0ffb4      0xa14 common/libcommon.a(xyzModem.o)
                0x21f1092c                xyzModem_error
                0x21f10800                xyzModem_stream_close
                0x21f0ffb4                CYGACC_COMM_IF_GETC_TIMEOUT
                0x21f10014                parse_num
                0x21f10854                xyzModem_stream_terminate
                0x21f103fc                xyzModem_stream_open
                0x21f10008                CYGACC_COMM_IF_PUTC
                0x21f10560                xyzModem_stream_read
 .text          0x21f109c8       0x48 common/libcommon.a(crc16.o)
                0x21f109c8                cyg_crc16
 .text          0x21f10a10      0x104 lib_generic/libgeneric.a(crc32.o)
                0x21f10a10                crc32
 .text          0x21f10b14       0xb4 lib_generic/libgeneric.a(display_options.o)
                0x21f10b14                display_options
                0x21f10b34                print_size
 .text          0x21f10bc8      0x560 lib_generic/libgeneric.a(string.o)
                0x21f10bc8                strcpy
                0x21f1105c                memscan
                0x21f10fd0                memmove
                0x21f10fb0                memcpy
                0x21f10f18                strswab
                0x21f10d7c                strnlen
                0x21f10d44                strrchr
                0x21f10c04                strcat
                0x21f110f0                memchr
                0x21f1108c                strstr
                0x21f10cb4                strncmp
                0x21f10be0                strncpy
                0x21f10f84                bcopy
                0x21f10e64                strtok
                0x21f11024                memcmp
                0x21f10c30                strncat
                0x21f10da8                strdup
                0x21f10f68                memset
                0x21f10c88                strcmp
                0x21f10ee8                strsep
                0x21f10de0                strspn
                0x21f10d24                strlen
                0x21f10cf8                strchr
                0x21f10e24                strpbrk
 .text          0x21f11128      0x7e8 lib_generic/libgeneric.a(vsprintf.o)
                0x21f11498                vsprintf
                0x21f111ec                simple_strtol
                0x21f118b8                panic
                0x21f11888                sprintf
                0x21f11128                simple_strtoul
 .text          0x21f11910     0x2eb4 lib_generic/libgeneric.a(zlib.o)
                0x21f126b4                inflate
                0x21f11c34                inflateInit2
                0x21f11de0                inflateIncomp
                0x21f14658                adler32
                0x21f11ad0                inflateReset
                0x21f11b38                inflateSync
                0x21f11d88                inflateInit
                0x21f11a34                inflateEnd
 .text          0x21f147c4       0x8c board/at91rm9200dk/libat91rm9200dk.a(at91rm9200dk.o)
                0x21f147fc                dram_init
                0x21f147c4                board_init
                0x21f1481c                at91rm9200_GetPhyInterface
 .text          0x21f14850      0x988 board/at91rm9200dk/libat91rm9200dk.a(at45.o)
                0x21f14c50                AT91F_DataFlashPagePgmBuf
                0x21f14be4                AT91F_DataFlashContinuousRead
                0x21f14e78                AT91F_WriteBufferToMain
                0x21f14b98                AT91F_DataFlashWaitReady
                0x21f14e44                AT91F_BlockErase
                0x21f1511c                AT91F_DataFlashRead
                0x21f14b30                AT91F_DataFlashGetStatus
                0x21f14e14                AT91F_PageErase
                0x21f14ca4                AT91F_MainMemoryToBufferTransfert
                0x21f151b0                AT91F_DataflashProbe
                0x21f14928                AT91F_SpiWrite
                0x21f14cf8                AT91F_DataFlashWriteBuffer
                0x21f14f9c                AT91F_DataFlashWrite
                0x21f148ac                AT91F_SpiEnable
                0x21f14a00                AT91F_DataFlashSendCommand
                0x21f14ed4                AT91F_PartialPageWrite
                0x21f14850                AT91F_SpiInit
 .text          0x21f151d8      0x764 board/at91rm9200dk/libat91rm9200dk.a(flash.o)
                0x21f151d8                flash_identification
                0x21f15430                flash_erase
                0x21f157a4                flash_init
                0x21f1531c                flash_print_info
                0x21f152f8                flash_unlock_sector
                0x21f152c8                flash_number_sector
                0x21f15714                write_buff
 .text          0x21f1593c      0x130 cpu/arm920t/libarm920t.a(cpu.o)
                0x21f159a0                cleanup_before_linux
                0x21f15a0c                dcache_enable
                0x21f15968                cpu_init
                0x21f15a3c                icache_enable
                0x21f159c8                do_reset
                0x21f15a24                icache_disable
                0x21f159e0                dcache_status
                0x21f159f0                icache_status
                0x21f15a54                dcache_disable
 .text          0x21f15a6c      0x324 cpu/arm920t/at91rm9200/libat91rm9200.a(dm9161.o)
                0x21f15ad8                dm9161_GetLinkSpeed
                0x21f15c24                dm9161_AutoNegotiate
                0x21f15bb0                dm9161_InitPhy
                0x21f15a6c                dm9161_IsPhyConnected
 .text          0x21f15d90      0x3d4 cpu/arm920t/at91rm9200/libat91rm9200.a(ether.o)
                0x21f1609c                eth_halt
                0x21f16110                at91rm9200_miiphy_write
                0x21f15d90                at91rm9200_EmacEnableMDIO
                0x21f160a0                at91rm9200_miiphy_initialize
                0x21f15dec                at91rm9200_EmacWritePhy
                0x21f15db0                at91rm9200_EmacReadPhy
                0x21f16014                eth_rx
                0x21f15da0                at91rm9200_EmacDisableMDIO
                0x21f15e20                eth_init
                0x21f160c8                at91rm9200_miiphy_read
                0x21f15fc4                eth_send
 .text          0x21f16164      0x134 cpu/arm920t/at91rm9200/libat91rm9200.a(serial.o)
                0x21f16164                serial_setbrg
                0x21f16280                serial_tstc
                0x21f16204                serial_putc
                0x21f1619c                serial_init
                0x21f16238                serial_puts
                0x21f16260                serial_getc
 *fill*         0x21f16298        0x8 00
 .text          0x21f162a0      0x140 lib_arm/libarm.a(_divsi3.o)
                0x21f162a0                __divsi3
 .text          0x21f163e0      0x100 lib_arm/libarm.a(_modsi3.o)
                0x21f163e0                __modsi3
 .text          0x21f164e0      0x41c lib_arm/libarm.a(armlinux.o)
                0x21f16500                do_bootm_linux
 .text          0x21f168fc        0x4 lib_arm/libarm.a(cache.o)
                0x21f168fc                flush_cache

.glue_7         0x21f16900        0x0

.glue_7t        0x21f16900        0x0
                0x21f16900                . = ALIGN (0x4)

.rodata         0x21f16900      0x6c4
 *(.rodata)
 .rodata        0x21f16900       0x80 cpu/arm920t/libarm920t.a(interrupts.o)
 .rodata        0x21f16980       0x28 lib_arm/libarm.a(board.o)
                0x21f16980                version_string
 .rodata        0x21f169a8        0x8 net/libnet.a(net.o)
 .rodata        0x21f169b0       0x14 common/libcommon.a(cmd_nvedit.o)
 .rodata        0x21f169c4      0x200 common/libcommon.a(crc16.o)
 .rodata        0x21f16bc4      0x400 lib_generic/libgeneric.a(crc32.o)

.rodata.str1.4  0x21f16fc4     0x3903
 .rodata.str1.4
                0x21f16fc4      0x280 cpu/arm920t/libarm920t.a(interrupts.o)
                                0x288 (size before relaxing)
 .rodata.str1.4
                0x21f17244      0x166 cpu/arm920t/at91rm9200/libat91rm9200.a(mmc.o)
                                0x16c (size before relaxing)
 *fill*         0x21f173aa        0x2 00
 .rodata.str1.4
                0x21f173ac       0x75 lib_arm/libarm.a(board.o)
                                 0x7c (size before relaxing)
 *fill*         0x21f17421        0x3 00
 .rodata.str1.4
                0x21f17424      0x188 fs/fat/libfat.a(fat.o)
                                0x18c (size before relaxing)
 .rodata.str1.4
                0x21f175ac      0x1c9 net/libnet.a(net.o)
                                0x1cc (size before relaxing)
 *fill*         0x21f17775        0x3 00
 .rodata.str1.4
                0x21f17778      0x1cb net/libnet.a(tftp.o)
                                0x1d4 (size before relaxing)
 *fill*         0x21f17943        0x1 00
 .rodata.str1.4
                0x21f17944      0x115 net/libnet.a(bootp.o)
                                0x14c (size before relaxing)
 *fill*         0x21f17a59        0x3 00
 .rodata.str1.4
                0x21f17a5c       0x13 net/libnet.a(rarp.o)
                                 0x4c (size before relaxing)
 *fill*         0x21f17a6f        0x1 00
 .rodata.str1.4
                0x21f17a70      0x101 net/libnet.a(nfs.o)
                                0x18c (size before relaxing)
 *fill*         0x21f17b71        0x3 00
 .rodata.str1.4
                0x21f17b74      0x17c disk/libdisk.a(part.o)
                                0x19c (size before relaxing)
 .rodata.str1.4
                0x21f17cf0      0x101 disk/libdisk.a(part_dos.o)
                                0x10c (size before relaxing)
 *fill*         0x21f17df1        0x3 00
 .rodata.str1.4
                0x21f17df4      0x17c drivers/libdrivers.a(dataflash.o)
                                0x180 (size before relaxing)
 .rodata.str1.4
                0x21f17f70      0x100 common/libcommon.a(main.o)
 .rodata.str1.4
                0x21f18070       0xaf common/libcommon.a(cmd_boot.o)
                                 0xbc (size before relaxing)
 *fill*         0x21f1811f        0x1 00
 .rodata.str1.4
                0x21f18120      0x61d common/libcommon.a(cmd_bootm.o)
                                0x654 (size before relaxing)
 *fill*         0x21f1873d        0x3 00
 .rodata.str1.4
                0x21f18740       0x70 common/libcommon.a(cmd_console.o)
 .rodata.str1.4
                0x21f187b0      0x27b common/libcommon.a(cmd_fat.o)
                                0x290 (size before relaxing)
 *fill*         0x21f18a2b        0x1 00
 .rodata.str1.4
                0x21f18a2c      0x35f common/libcommon.a(cmd_flash.o)
                                0x378 (size before relaxing)
 *fill*         0x21f18d8b        0x1 00
 .rodata.str1.4
                0x21f18d8c       0xa2 common/libcommon.a(cmd_itest.o)
                                 0xb0 (size before relaxing)
 *fill*         0x21f18e2e        0x2 00
 .rodata.str1.4
                0x21f18e30      0x1e0 common/libcommon.a(cmd_load.o)
                                0x1fc (size before relaxing)
 .rodata.str1.4
                0x21f19010      0x471 common/libcommon.a(cmd_mem.o)
                                0x4a8 (size before relaxing)
 *fill*         0x21f19481        0x3 00
 .rodata.str1.4
                0x21f19484      0x637 common/libcommon.a(cmd_mii.o)
                                0x650 (size before relaxing)
 *fill*         0x21f19abb        0x1 00
 .rodata.str1.4
                0x21f19abc       0x37 common/libcommon.a(cmd_mmc.o)
                                 0x38 (size before relaxing)
 *fill*         0x21f19af3        0x1 00
 .rodata.str1.4
                0x21f19af4      0x19d common/libcommon.a(cmd_net.o)
                                0x1ec (size before relaxing)
 *fill*         0x21f19c91        0x3 00
 .rodata.str1.4
                0x21f19c94      0x201 common/libcommon.a(cmd_nvedit.o)
                                0x294 (size before relaxing)
 *fill*         0x21f19e95        0x3 00
 .rodata.str1.4
                0x21f19e98       0xf9 common/libcommon.a(command.o)
                                 0xfc (size before relaxing)
 *fill*         0x21f19f91        0x3 00
 .rodata.str1.4
                0x21f19f94       0x75 common/libcommon.a(console.o)
                                 0x7c (size before relaxing)
 *fill*         0x21f1a009        0x3 00
 .rodata.str1.4
                0x21f1a00c       0x2f common/libcommon.a(devices.o)
                                 0x48 (size before relaxing)
 *fill*         0x21f1a03b        0x1 00
 .rodata.str1.4
                0x21f1a03c       0x33 common/libcommon.a(env_common.o)
                                 0x34 (size before relaxing)
 *fill*         0x21f1a06f        0x1 00
 .rodata.str1.4
                0x21f1a070       0x31 common/libcommon.a(env_flash.o)
                                 0x3c (size before relaxing)
 *fill*         0x21f1a0a1        0x3 00
 .rodata.str1.4
                0x21f1a0a4       0xfd common/libcommon.a(flash.o)
                                0x120 (size before relaxing)
 *fill*         0x21f1a1a1        0x3 00
 .rodata.str1.4
                0x21f1a1a4      0x18a common/libcommon.a(miiphyutil.o)
                                0x190 (size before relaxing)
 *fill*         0x21f1a32e        0x2 00
 .rodata.str1.4
                0x21f1a330       0xf3 common/libcommon.a(xyzModem.o)
                                 0xf8 (size before relaxing)
 *fill*         0x21f1a423        0x1 00
 .rodata.str1.4
                0x21f1a424       0x17 lib_generic/libgeneric.a(display_options.o)
                                 0x20 (size before relaxing)
 *fill*         0x21f1a43b        0x1 00
 .rodata.str1.4
                0x21f1a43c       0x57 lib_generic/libgeneric.a(vsprintf.o)
                                 0x58 (size before relaxing)
 *fill*         0x21f1a493        0x1 00
 .rodata.str1.4
                0x21f1a494      0x20d lib_generic/libgeneric.a(zlib.o)
                                0x214 (size before relaxing)
 *fill*         0x21f1a6a1        0x3 00
 .rodata.str1.4
                0x21f1a6a4       0x10 board/at91rm9200dk/libat91rm9200dk.a(at45.o)
 .rodata.str1.4
                0x21f1a6b4      0x15c board/at91rm9200dk/libat91rm9200dk.a(flash.o)
                                0x160 (size before relaxing)
 .rodata.str1.4
                0x21f1a810       0x5a cpu/arm920t/at91rm9200/libat91rm9200.a(ether.o)
                                 0x5c (size before relaxing)
 *fill*         0x21f1a86a        0x2 00
 .rodata.str1.4
                0x21f1a86c       0x5b lib_arm/libarm.a(armlinux.o)
                                 0xc4 (size before relaxing)
                0x21f1a8c8                . = ALIGN (0x4)

.data           0x21f1a8c8      0xc14
 *(.data)
 .data          0x21f1a8c8       0x2c lib_arm/libarm.a(board.o)
                0x21f1a8c8                init_sequence
 .data          0x21f1a8f4        0x4 fs/fat/libfat.a(fat.o)
 .data          0x21f1a8f8        0xa net/libnet.a(net.o)
                0x21f1a8fc                NetBcastAddr
                0x21f1a8f8                NetOurNativeVLAN
                0x21f1a8fa                NetOurVLAN
 *fill*         0x21f1a902        0x2 00
 .data          0x21f1a904        0x4 net/libnet.a(nfs.o)
 .data          0x21f1a908       0x40 drivers/libdrivers.a(dataflash.o)
                0x21f1a938                cs
                0x21f1a908                area_list
 .data          0x21f1a948       0x10 common/libcommon.a(main.o)
 .data          0x21f1a958        0x4 common/libcommon.a(cmd_bootm.o)
                0x21f1a958                load_addr
 .data          0x21f1a95c       0x68 common/libcommon.a(cmd_itest.o)
                0x21f1a95c                op_table
 .data          0x21f1a9c4        0x4 common/libcommon.a(cmd_mem.o)
                0x21f1a9c4                dp_last_length
 .data          0x21f1a9c8      0x2e8 common/libcommon.a(cmd_mii.o)
                0x21f1ab18                reg_3_desc_tbl
                0x21f1ac08                reg_0_desc_tbl
                0x21f1aa88                reg_4_desc_tbl
                0x21f1a9c8                desc_and_len_tbl
                0x21f1ac80                reg_0_5_desc_tbl
                0x21f1a9f8                reg_5_desc_tbl
                0x21f1ab48                reg_1_desc_tbl
                0x21f1ab3c                reg_2_desc_tbl
 .data          0x21f1acb0        0xc common/libcommon.a(devices.o)
                0x21f1acb0                stdio_names
 .data          0x21f1acbc      0x414 common/libcommon.a(dlmalloc.o)
 .data          0x21f1b0d0       0x24 common/libcommon.a(env_common.o)
                0x21f1b0f0                env_get_char
                0x21f1b0d0                default_environment
 .data          0x21f1b0f4        0xc common/libcommon.a(env_flash.o)
                0x21f1b0f8                env_name_spec
                0x21f1b0f4                env_ptr
 .data          0x21f1b100      0x2a0 lib_generic/libgeneric.a(zlib.o)
                0x21f1b120                zlib_version
                0x21f1b100                z_errmsg
 .data          0x21f1b3a0      0x100 lib_generic/libgeneric.a(ctype.o)
                0x21f1b3a0                _ctype
 .data          0x21f1b4a0       0x38 board/at91rm9200dk/libat91rm9200dk.a(flash.o)
                0x21f1b4a0                OrgAT49BV6416
                0x21f1b4c0                OrgAT49BV16x4
                0x21f1b4b0                OrgAT49BV16x4A
 .data          0x21f1b4d8        0x4 cpu/arm920t/at91rm9200/libat91rm9200.a(serial.o)
                0x21f1b4d8                us
                0x21f1b4dc                . = ALIGN (0x4)

.got
 *(.got)
                0x21f1b4dc                . = .
                0x21f1b4dc                __u_boot_cmd_start = .

.u_boot_cmd     0x21f1b4dc      0x334
 *(.u_boot_cmd)
 .u_boot_cmd    0x21f1b4dc       0x28 common/libcommon.a(cmd_boot.o)
                0x21f1b4dc                __u_boot_cmd_reset
                0x21f1b4f0                __u_boot_cmd_go
 .u_boot_cmd    0x21f1b504       0x50 common/libcommon.a(cmd_bootm.o)
                0x21f1b540                __u_boot_cmd_bootm
                0x21f1b518                __u_boot_cmd_bootd
                0x21f1b52c                __u_boot_cmd_boot
                0x21f1b504                __u_boot_cmd_imls
 .u_boot_cmd    0x21f1b554       0x14 common/libcommon.a(cmd_console.o)
                0x21f1b554                __u_boot_cmd_coninfo
 .u_boot_cmd    0x21f1b568       0x3c common/libcommon.a(cmd_fat.o)
                0x21f1b568                __u_boot_cmd_fatinfo
                0x21f1b590                __u_boot_cmd_fatload
                0x21f1b57c                __u_boot_cmd_fatls
 .u_boot_cmd    0x21f1b5a4       0x3c common/libcommon.a(cmd_flash.o)
                0x21f1b5cc                __u_boot_cmd_flinfo
                0x21f1b5b8                __u_boot_cmd_erase
                0x21f1b5a4                __u_boot_cmd_protect
 .u_boot_cmd    0x21f1b5e0       0x14 common/libcommon.a(cmd_itest.o)
                0x21f1b5e0                __u_boot_cmd_itest
 .u_boot_cmd    0x21f1b5f4       0x28 common/libcommon.a(cmd_load.o)
                0x21f1b5f4                __u_boot_cmd_loady
                0x21f1b608                __u_boot_cmd_loadb
 .u_boot_cmd    0x21f1b61c       0xc8 common/libcommon.a(cmd_mem.o)
                0x21f1b6d0                __u_boot_cmd_md
                0x21f1b66c                __u_boot_cmd_cmp
                0x21f1b694                __u_boot_cmd_mw
                0x21f1b630                __u_boot_cmd_loop
                0x21f1b644                __u_boot_cmd_base
                0x21f1b6bc                __u_boot_cmd_mm
                0x21f1b658                __u_boot_cmd_crc32
                0x21f1b6a8                __u_boot_cmd_nm
                0x21f1b61c                __u_boot_cmd_mtest
                0x21f1b680                __u_boot_cmd_cp
 .u_boot_cmd    0x21f1b6e4       0x14 common/libcommon.a(cmd_mii.o)
                0x21f1b6e4                __u_boot_cmd_mii
 .u_boot_cmd    0x21f1b6f8       0x14 common/libcommon.a(cmd_mmc.o)
                0x21f1b6f8                __u_boot_cmd_mmcinit
 .u_boot_cmd    0x21f1b70c       0x64 common/libcommon.a(cmd_net.o)
                0x21f1b70c                __u_boot_cmd_nfs
                0x21f1b734                __u_boot_cmd_rarpboot
                0x21f1b748                __u_boot_cmd_tftpboot
                0x21f1b75c                __u_boot_cmd_bootp
                0x21f1b720                __u_boot_cmd_dhcp
 .u_boot_cmd    0x21f1b770       0x50 common/libcommon.a(cmd_nvedit.o)
                0x21f1b770                __u_boot_cmd_run
                0x21f1b784                __u_boot_cmd_saveenv
                0x21f1b7ac                __u_boot_cmd_printenv
                0x21f1b798                __u_boot_cmd_setenv
 .u_boot_cmd    0x21f1b7c0       0x50 common/libcommon.a(command.o)
                0x21f1b7e8                __u_boot_cmd_echo
                0x21f1b7c0                __u_boot_cmd_question_mark
                0x21f1b7fc                __u_boot_cmd_version
                0x21f1b7d4                __u_boot_cmd_help
                0x21f1b810                __u_boot_cmd_end = .
                0x21f1b810                . = ALIGN (0x4)
                0x21f1b810                __bss_start = .

.bss            0x21f1ba00    0x4d404
 *(.bss)
 .bss           0x21f1ba00        0xc cpu/arm920t/at91rm9200/libat91rm9200.a(interrupts.o)
                0x21f1ba00                tmr
 .bss           0x21f1ba0c      0x28c cpu/arm920t/at91rm9200/libat91rm9200.a(mmc.o)
                0x21f1ba18                MCI_Device_Features
                0x21f1ba14                MCI_Device_Desc
                0x21f1ba0c                MCI_Device
 .bss           0x21f1bc98       0x10 lib_arm/libarm.a(board.o)
                0x21f1bc98                monitor_flash_len
 .bss           0x21f1bca8    0x30008 fs/fat/libfat.a(fat.o)
                0x21f3bca8                get_vfatname_block
                0x21f2bca8                get_dentfromdir_block
                0x21f1bca8                do_fat_read_block
 .bss           0x21f4bcb0     0x25c0 net/libnet.a(net.o)
                0x21f4bd50                NetArpWaitTry
                0x21f4c380                NetArpWaitPacketMAC
                0x21f4e254                NetOurEther
                0x21f4e250                NetOurIP
                0x21f4e24c                NetServerIP
                0x21f4c378                NetArpWaitTxPacketSize
                0x21f4c384                NetArpWaitReplyIP
                0x21f4e23c                NetRxPackets
                0x21f4c37c                NetArpWaitTxPacket
                0x21f4bd22                NetOurNISDomain
                0x21f4c388                NetArpWaitPacketIP
                0x21f4e22c                NetState
                0x21f4e1ac                BootFile
                0x21f4bcba                NetServerEther
                0x21f4bd4c                NetOurSubnetMask
                0x21f4bcc0                NetBootFileSize
                0x21f4e230                NetIPID
                0x21f4bd02                NetOurHostName
                0x21f4e238                NetRxPkt
                0x21f4bd48                NetOurGatewayIP
                0x21f4bcb4                NetEtherNullAddr
                0x21f4bd58                NetArpWaitPacketBuf
                0x21f4e234                NetRxPktLen
                0x21f4bcb0                NetTxPacket
                0x21f4e25c                NetBootFileXferSize
                0x21f4bd44                NetOurDNSIP
                0x21f4c38c                PktBuf
                0x21f4bcc2                NetOurRootPath
                0x21f4bd54                NetArpWaitTimerStart
 .bss           0x21f4e270       0x34 net/libnet.a(tftp.o)
 .bss           0x21f4e2a4       0x14 net/libnet.a(bootp.o)
                0x21f4e2a4                NetDHCPServerIP
                0x21f4e2ac                dhcp_state
                0x21f4e2b0                BootpTry
                0x21f4e2b4                BootpID
                0x21f4e2a8                dhcp_leasetime
 .bss           0x21f4e2b8        0x4 net/libnet.a(rarp.o)
                0x21f4e2b8                RarpTry
 .bss           0x21f4e2bc      0x8b0 net/libnet.a(nfs.o)
 .bss           0x21f4eb6c       0xf8 drivers/libdrivers.a(dataflash.o)
                0x21f4eb6c                dataflash_info
 .bss           0x21f4ec64      0x200 common/libcommon.a(main.o)
                0x21f4ec64                console_buffer
 .bss           0x21f4ee64       0x40 common/libcommon.a(cmd_bootm.o)
                0x21f4ee64                header
 .bss           0x21f4eea4       0x88 common/libcommon.a(cmd_load.o)
                0x21f4eec5                his_pad_char
                0x21f4eef0                os_data_count
                0x21f4eec0                os_data_init
                0x21f4eea4                send_ptr
                0x21f4eed0                os_data_header
                0x21f4eebc                os_data_char
                0x21f4eecc                his_eol
                0x21f4eec4                his_quote
                0x21f4eea8                send_parms
                0x21f4eec8                his_pad_count
 .bss           0x21f4ef2c       0x14 common/libcommon.a(cmd_mem.o)
                0x21f4ef34                dp_last_size
                0x21f4ef38                dp_last_addr
                0x21f4ef2c                mm_last_size
                0x21f4ef30                mm_last_addr
 .bss           0x21f4ef40       0x18 common/libcommon.a(cmd_mii.o)
                0x21f4ef40                last_reg_hi
                0x21f4ef50                last_data
                0x21f4ef48                last_addr_hi
                0x21f4ef44                last_reg_lo
                0x21f4ef54                last_op
                0x21f4ef4c                last_addr_lo
 .bss           0x21f4ef58        0x8 common/libcommon.a(console.o)
 .bss           0x21f4ef60       0x10 common/libcommon.a(devices.o)
                0x21f4ef6c                devlist
                0x21f4ef60                stdio_devices
 .bss           0x21f4ef70       0x3c common/libcommon.a(dlmalloc.o)
 .bss           0x21f4efac        0xc common/libcommon.a(miiphyutil.o)
 .bss           0x21f4efb8      0x43c common/libcommon.a(xyzModem.o)
 .bss           0x21f4f3f4        0x4 lib_generic/libgeneric.a(string.o)
                0x21f4f3f4                ___strtok
 .bss           0x21f4f3f8     0x10a8 lib_generic/libgeneric.a(zlib.o)
 .bss           0x21f504a0      0x50c board/at91rm9200dk/libat91rm9200dk.a(flash.o)
                0x21f504a0                flash_info
 *fill*         0x21f509ac       0x54 00
 .bss           0x21f50a00    0x18400 cpu/arm920t/at91rm9200/libat91rm9200.a(ether.o)
                0x21f68a14                rbfp
                0x21f68c00                rbfdt
                0x21f50a04                PhyOps
                0x21f50a14                rbf_framebuf
                0x21f50a00                p_mac
 .bss           0x21f68e00        0x4 lib_arm/libarm.a(armlinux.o)
                0x21f68e04                _end = .
Address of section .text set to 0x21f00000
LOAD cpu/arm920t/start.o
START GROUP
LOAD lib_generic/libgeneric.a
LOAD board/at91rm9200dk/libat91rm9200dk.a
LOAD cpu/arm920t/libarm920t.a
LOAD cpu/arm920t/at91rm9200/libat91rm9200.a
LOAD lib_arm/libarm.a
LOAD fs/cramfs/libcramfs.a
LOAD fs/fat/libfat.a
LOAD fs/fdos/libfdos.a
LOAD fs/jffs2/libjffs2.a
LOAD fs/reiserfs/libreiserfs.a
LOAD fs/ext2/libext2fs.a
LOAD net/libnet.a
LOAD disk/libdisk.a
LOAD rtc/librtc.a
LOAD dtt/libdtt.a
LOAD drivers/libdrivers.a
LOAD drivers/nand/libnand.a
LOAD drivers/nand_legacy/libnand_legacy.a
LOAD drivers/sk98lin/libsk98lin.a
LOAD post/libpost.a
LOAD post/cpu/libcpu.a
LOAD common/libcommon.a
END GROUP
LOAD /home/guitar/ELDK/usr/bin/../lib/gcc/arm-linux/4.0.0/libgcc.a
OUTPUT(u-boot elf32-littlearm)

.debug_line     0x00000000     0x5fc8
 .debug_line    0x00000000       0x86 cpu/arm920t/start.o
 .debug_line    0x00000086       0xd0 cpu/arm920t/libarm920t.a(interrupts.o)
 .debug_line    0x00000156      0x131 cpu/arm920t/at91rm9200/libat91rm9200.a(interrupts.o)
 .debug_line    0x00000287      0x8ee cpu/arm920t/at91rm9200/libat91rm9200.a(mmc.o)
 .debug_line    0x00000b75       0x5c lib_arm/libarm.a(_udivsi3.o)
 .debug_line    0x00000bd1       0x63 lib_arm/libarm.a(_umodsi3.o)
 .debug_line    0x00000c34      0x192 lib_arm/libarm.a(board.o)
 .debug_line    0x00000dc6       0x33 lib_arm/libarm.a(div0.o)
 .debug_line    0x00000df9      0x3a3 fs/fat/libfat.a(fat.o)
 .debug_line    0x0000119c      0x421 net/libnet.a(net.o)
 .debug_line    0x000015bd      0x228 net/libnet.a(tftp.o)
 .debug_line    0x000017e5      0x2df net/libnet.a(bootp.o)
 .debug_line    0x00001ac4       0xfd net/libnet.a(rarp.o)
 .debug_line    0x00001bc1       0xb8 net/libnet.a(eth.o)
 .debug_line    0x00001c79      0x322 net/libnet.a(nfs.o)
 .debug_line    0x00001f9b      0x128 disk/libdisk.a(part.o)
 .debug_line    0x000020c3      0x15b disk/libdisk.a(part_dos.o)
 .debug_line    0x0000221e      0x123 drivers/libdrivers.a(dataflash.o)
 .debug_line    0x00002341      0x1a8 common/libcommon.a(main.o)
 .debug_line    0x000024e9       0xc9 common/libcommon.a(cmd_boot.o)
 .debug_line    0x000025b2      0x2e5 common/libcommon.a(cmd_bootm.o)
 .debug_line    0x00002897       0xa3 common/libcommon.a(cmd_console.o)
 .debug_line    0x0000293a      0x13a common/libcommon.a(cmd_fat.o)
 .debug_line    0x00002a74      0x25b common/libcommon.a(cmd_flash.o)
 .debug_line    0x00002ccf      0x106 common/libcommon.a(cmd_itest.o)
 .debug_line    0x00002dd5      0x2b8 common/libcommon.a(cmd_load.o)
 .debug_line    0x0000308d      0x288 common/libcommon.a(cmd_mem.o)
 .debug_line    0x00003315      0x1b9 common/libcommon.a(cmd_mii.o)
 .debug_line    0x000034ce       0x77 common/libcommon.a(cmd_mmc.o)
 .debug_line    0x00003545      0x121 common/libcommon.a(cmd_net.o)
 .debug_line    0x00003666      0x287 common/libcommon.a(cmd_nvedit.o)
 .debug_line    0x000038ed       0xef common/libcommon.a(command.o)
 .debug_line    0x000039dc      0x1d9 common/libcommon.a(console.o)
 .debug_line    0x00003bb5       0xb8 common/libcommon.a(devices.o)
 .debug_line    0x00003c6d      0x361 common/libcommon.a(dlmalloc.o)
 .debug_line    0x00003fce       0xf3 common/libcommon.a(env_common.o)
 .debug_line    0x000040c1      0x14e common/libcommon.a(env_flash.o)
 .debug_line    0x0000420f       0x45 common/libcommon.a(exports.o)
 .debug_line    0x00004254      0x12d common/libcommon.a(flash.o)
 .debug_line    0x00004381       0xfa common/libcommon.a(lists.o)
 .debug_line    0x0000447b      0x175 common/libcommon.a(miiphyutil.o)
 .debug_line    0x000045f0      0x1ef common/libcommon.a(xyzModem.o)
 .debug_line    0x000047df       0xb9 common/libcommon.a(crc16.o)
 .debug_line    0x00004898       0x7d lib_generic/libgeneric.a(crc32.o)
 .debug_line    0x00004915       0x9b lib_generic/libgeneric.a(display_options.o)
 .debug_line    0x000049b0      0x19b lib_generic/libgeneric.a(string.o)
 .debug_line    0x00004b4b      0x1a8 lib_generic/libgeneric.a(vsprintf.o)
 .debug_line    0x00004cf3      0x602 lib_generic/libgeneric.a(zlib.o)
 .debug_line    0x000052f5       0x25 lib_generic/libgeneric.a(ctype.o)
 .debug_line    0x0000531a       0xda board/at91rm9200dk/libat91rm9200dk.a(at91rm9200dk.o)
 .debug_line    0x000053f4      0x1d4 board/at91rm9200dk/libat91rm9200dk.a(at45.o)
 .debug_line    0x000055c8      0x20e board/at91rm9200dk/libat91rm9200dk.a(flash.o)
 .debug_line    0x000057d6      0x15e cpu/arm920t/libarm920t.a(cpu.o)
 .debug_line    0x00005934      0x118 cpu/arm920t/at91rm9200/libat91rm9200.a(dm9161.o)
 .debug_line    0x00005a4c      0x1f8 cpu/arm920t/at91rm9200/libat91rm9200.a(ether.o)
 .debug_line    0x00005c44       0xa5 cpu/arm920t/at91rm9200/libat91rm9200.a(serial.o)
 .debug_line    0x00005ce9       0x63 lib_arm/libarm.a(_divsi3.o)
 .debug_line    0x00005d4c       0x51 lib_arm/libarm.a(_modsi3.o)
 .debug_line    0x00005d9d      0x1f7 lib_arm/libarm.a(armlinux.o)
 .debug_line    0x00005f94       0x34 lib_arm/libarm.a(cache.o)

.debug_info     0x00000000    0x184f0
 .debug_info    0x00000000       0x63 cpu/arm920t/start.o
 .debug_info    0x00000063      0x291 cpu/arm920t/libarm920t.a(interrupts.o)
 .debug_info    0x000002f4      0x68d cpu/arm920t/at91rm9200/libat91rm9200.a(interrupts.o)
 .debug_info    0x00000981     0x5576 cpu/arm920t/at91rm9200/libat91rm9200.a(mmc.o)
 .debug_info    0x00005ef7       0x62 lib_arm/libarm.a(_udivsi3.o)
 .debug_info    0x00005f59       0x62 lib_arm/libarm.a(_umodsi3.o)
 .debug_info    0x00005fbb      0x353 lib_arm/libarm.a(board.o)
 .debug_info    0x0000630e       0x3a lib_arm/libarm.a(div0.o)
 .debug_info    0x00006348     0x1200 fs/fat/libfat.a(fat.o)
 .debug_info    0x00007548      0xf8a net/libnet.a(net.o)
 .debug_info    0x000084d2      0x331 net/libnet.a(tftp.o)
 .debug_info    0x00008803      0x8e4 net/libnet.a(bootp.o)
 .debug_info    0x000090e7      0x244 net/libnet.a(rarp.o)
 .debug_info    0x0000932b      0x180 net/libnet.a(eth.o)
 .debug_info    0x000094ab      0xb5e net/libnet.a(nfs.o)
 .debug_info    0x0000a009      0x3b0 disk/libdisk.a(part.o)
 .debug_info    0x0000a3b9      0x60d disk/libdisk.a(part_dos.o)
 .debug_info    0x0000a9c6      0x5b3 drivers/libdrivers.a(dataflash.o)
 .debug_info    0x0000af79      0x643 common/libcommon.a(main.o)
 .debug_info    0x0000b5bc      0x1c5 common/libcommon.a(cmd_boot.o)
 .debug_info    0x0000b781      0xcf5 common/libcommon.a(cmd_bootm.o)
 .debug_info    0x0000c476      0x373 common/libcommon.a(cmd_console.o)
 .debug_info    0x0000c7e9      0x4e1 common/libcommon.a(cmd_fat.o)
 .debug_info    0x0000ccca      0x82d common/libcommon.a(cmd_flash.o)
 .debug_info    0x0000d4f7      0x44a common/libcommon.a(cmd_itest.o)
 .debug_info    0x0000d941      0x763 common/libcommon.a(cmd_load.o)
 .debug_info    0x0000e0a4      0xad5 common/libcommon.a(cmd_mem.o)
 .debug_info    0x0000eb79      0x6e7 common/libcommon.a(cmd_mii.o)
 .debug_info    0x0000f260      0x17c common/libcommon.a(cmd_mmc.o)
 .debug_info    0x0000f3dc      0x545 common/libcommon.a(cmd_net.o)
 .debug_info    0x0000f921      0x7b5 common/libcommon.a(cmd_nvedit.o)
 .debug_info    0x000100d6      0x3fc common/libcommon.a(command.o)
 .debug_info    0x000104d2      0x70f common/libcommon.a(console.o)
 .debug_info    0x00010be1      0x2f6 common/libcommon.a(devices.o)
 .debug_info    0x00010ed7      0xa5f common/libcommon.a(dlmalloc.o)
 .debug_info    0x00011936      0x1e8 common/libcommon.a(env_common.o)
 .debug_info    0x00011b1e      0x206 common/libcommon.a(env_flash.o)
 .debug_info    0x00011d24       0xc3 common/libcommon.a(exports.o)
 .debug_info    0x00011de7      0x316 common/libcommon.a(flash.o)
 .debug_info    0x000120fd      0x522 common/libcommon.a(lists.o)
 .debug_info    0x0001261f      0x5af common/libcommon.a(miiphyutil.o)
 .debug_info    0x00012bce      0x520 common/libcommon.a(xyzModem.o)
 .debug_info    0x000130ee      0x10d common/libcommon.a(crc16.o)
 .debug_info    0x000131fb      0x12c lib_generic/libgeneric.a(crc32.o)
 .debug_info    0x00013327      0x125 lib_generic/libgeneric.a(display_options.o)
 .debug_info    0x0001344c      0x862 lib_generic/libgeneric.a(string.o)
 .debug_info    0x00013cae      0x444 lib_generic/libgeneric.a(vsprintf.o)
 .debug_info    0x000140f2     0x16ec lib_generic/libgeneric.a(zlib.o)
 .debug_info    0x000157de       0x56 lib_generic/libgeneric.a(ctype.o)
 .debug_info    0x00015834      0x464 board/at91rm9200dk/libat91rm9200dk.a(at91rm9200dk.o)
 .debug_info    0x00015c98      0x7fd board/at91rm9200dk/libat91rm9200dk.a(at45.o)
 .debug_info    0x00016495      0x5d7 board/at91rm9200dk/libat91rm9200dk.a(flash.o)
 .debug_info    0x00016a6c      0x3f1 cpu/arm920t/libarm920t.a(cpu.o)
 .debug_info    0x00016e5d      0x4bc cpu/arm920t/at91rm9200/libat91rm9200.a(dm9161.o)
 .debug_info    0x00017319      0x767 cpu/arm920t/at91rm9200/libat91rm9200.a(ether.o)
 .debug_info    0x00017a80      0x324 cpu/arm920t/at91rm9200/libat91rm9200.a(serial.o)
 .debug_info    0x00017da4       0x61 lib_arm/libarm.a(_divsi3.o)
 .debug_info    0x00017e05       0x61 lib_arm/libarm.a(_modsi3.o)
 .debug_info    0x00017e66      0x5e1 lib_arm/libarm.a(armlinux.o)
 .debug_info    0x00018447       0xa9 lib_arm/libarm.a(cache.o)

.debug_abbrev   0x00000000     0x5da8
 .debug_abbrev  0x00000000       0x14 cpu/arm920t/start.o
 .debug_abbrev  0x00000014      0x108 cpu/arm920t/libarm920t.a(interrupts.o)
 .debug_abbrev  0x0000011c      0x16a cpu/arm920t/at91rm9200/libat91rm9200.a(interrupts.o)
 .debug_abbrev  0x00000286      0x3e3 cpu/arm920t/at91rm9200/libat91rm9200.a(mmc.o)
 .debug_abbrev  0x00000669       0x14 lib_arm/libarm.a(_udivsi3.o)
 .debug_abbrev  0x0000067d       0x14 lib_arm/libarm.a(_umodsi3.o)
 .debug_abbrev  0x00000691      0x1e7 lib_arm/libarm.a(board.o)
 .debug_abbrev  0x00000878       0x29 lib_arm/libarm.a(div0.o)
 .debug_abbrev  0x000008a1      0x328 fs/fat/libfat.a(fat.o)
 .debug_abbrev  0x00000bc9      0x377 net/libnet.a(net.o)
 .debug_abbrev  0x00000f40      0x187 net/libnet.a(tftp.o)
 .debug_abbrev  0x000010c7      0x306 net/libnet.a(bootp.o)
 .debug_abbrev  0x000013cd       0xf7 net/libnet.a(rarp.o)
 .debug_abbrev  0x000014c4       0xac net/libnet.a(eth.o)
 .debug_abbrev  0x00001570      0x307 net/libnet.a(nfs.o)
 .debug_abbrev  0x00001877      0x174 disk/libdisk.a(part.o)
 .debug_abbrev  0x000019eb      0x1f6 disk/libdisk.a(part_dos.o)
 .debug_abbrev  0x00001be1      0x1df drivers/libdrivers.a(dataflash.o)
 .debug_abbrev  0x00001dc0      0x23a common/libcommon.a(main.o)
 .debug_abbrev  0x00001ffa       0xd4 common/libcommon.a(cmd_boot.o)
 .debug_abbrev  0x000020ce      0x32e common/libcommon.a(cmd_bootm.o)
 .debug_abbrev  0x000023fc      0x13f common/libcommon.a(cmd_console.o)
 .debug_abbrev  0x0000253b      0x152 common/libcommon.a(cmd_fat.o)
 .debug_abbrev  0x0000268d      0x21f common/libcommon.a(cmd_flash.o)
 .debug_abbrev  0x000028ac      0x18f common/libcommon.a(cmd_itest.o)
 .debug_abbrev  0x00002a3b      0x28a common/libcommon.a(cmd_load.o)
 .debug_abbrev  0x00002cc5      0x232 common/libcommon.a(cmd_mem.o)
 .debug_abbrev  0x00002ef7      0x25c common/libcommon.a(cmd_mii.o)
 .debug_abbrev  0x00003153       0xb6 common/libcommon.a(cmd_mmc.o)
 .debug_abbrev  0x00003209      0x1a1 common/libcommon.a(cmd_net.o)
 .debug_abbrev  0x000033aa      0x26f common/libcommon.a(cmd_nvedit.o)
 .debug_abbrev  0x00003619      0x1c3 common/libcommon.a(command.o)
 .debug_abbrev  0x000037dc      0x269 common/libcommon.a(console.o)
 .debug_abbrev  0x00003a45      0x155 common/libcommon.a(devices.o)
 .debug_abbrev  0x00003b9a      0x1c7 common/libcommon.a(dlmalloc.o)
 .debug_abbrev  0x00003d61      0x11f common/libcommon.a(env_common.o)
 .debug_abbrev  0x00003e80      0x15c common/libcommon.a(env_flash.o)
 .debug_abbrev  0x00003fdc       0x76 common/libcommon.a(exports.o)
 .debug_abbrev  0x00004052      0x162 common/libcommon.a(flash.o)
 .debug_abbrev  0x000041b4      0x1c5 common/libcommon.a(lists.o)
 .debug_abbrev  0x00004379      0x1e8 common/libcommon.a(miiphyutil.o)
 .debug_abbrev  0x00004561      0x251 common/libcommon.a(xyzModem.o)
 .debug_abbrev  0x000047b2       0xae common/libcommon.a(crc16.o)
 .debug_abbrev  0x00004860       0x90 lib_generic/libgeneric.a(crc32.o)
 .debug_abbrev  0x000048f0       0xd0 lib_generic/libgeneric.a(display_options.o)
 .debug_abbrev  0x000049c0      0x1bf lib_generic/libgeneric.a(string.o)
 .debug_abbrev  0x00004b7f      0x208 lib_generic/libgeneric.a(vsprintf.o)
 .debug_abbrev  0x00004d87      0x2fa lib_generic/libgeneric.a(zlib.o)
 .debug_abbrev  0x00005081       0x42 lib_generic/libgeneric.a(ctype.o)
 .debug_abbrev  0x000050c3       0xef board/at91rm9200dk/libat91rm9200dk.a(at91rm9200dk.o)
 .debug_abbrev  0x000051b2      0x1db board/at91rm9200dk/libat91rm9200dk.a(at45.o)
 .debug_abbrev  0x0000538d      0x295 board/at91rm9200dk/libat91rm9200dk.a(flash.o)
 .debug_abbrev  0x00005622      0x1a6 cpu/arm920t/libarm920t.a(cpu.o)
 .debug_abbrev  0x000057c8       0xe1 cpu/arm920t/at91rm9200/libat91rm9200.a(dm9161.o)
 .debug_abbrev  0x000058a9      0x1db cpu/arm920t/at91rm9200/libat91rm9200.a(ether.o)
 .debug_abbrev  0x00005a84       0xdb cpu/arm920t/at91rm9200/libat91rm9200.a(serial.o)
 .debug_abbrev  0x00005b5f       0x14 lib_arm/libarm.a(_divsi3.o)
 .debug_abbrev  0x00005b73       0x14 lib_arm/libarm.a(_modsi3.o)
 .debug_abbrev  0x00005b87      0x1d3 lib_arm/libarm.a(armlinux.o)
 .debug_abbrev  0x00005d5a       0x4e lib_arm/libarm.a(cache.o)

.debug_aranges  0x00000000      0x760
 .debug_aranges
                0x00000000       0x20 cpu/arm920t/start.o
 .debug_aranges
                0x00000020       0x20 cpu/arm920t/libarm920t.a(interrupts.o)
 .debug_aranges
                0x00000040       0x20 cpu/arm920t/at91rm9200/libat91rm9200.a(interrupts.o)
 .debug_aranges
                0x00000060       0x20 cpu/arm920t/at91rm9200/libat91rm9200.a(mmc.o)
 .debug_aranges
                0x00000080       0x20 lib_arm/libarm.a(_udivsi3.o)
 .debug_aranges
                0x000000a0       0x20 lib_arm/libarm.a(_umodsi3.o)
 .debug_aranges
                0x000000c0       0x20 lib_arm/libarm.a(board.o)
 .debug_aranges
                0x000000e0       0x20 lib_arm/libarm.a(div0.o)
 .debug_aranges
                0x00000100       0x20 fs/fat/libfat.a(fat.o)
 .debug_aranges
                0x00000120       0x20 net/libnet.a(net.o)
 .debug_aranges
                0x00000140       0x20 net/libnet.a(tftp.o)
 .debug_aranges
                0x00000160       0x20 net/libnet.a(bootp.o)
 .debug_aranges
                0x00000180       0x20 net/libnet.a(rarp.o)
 .debug_aranges
                0x000001a0       0x20 net/libnet.a(eth.o)
 .debug_aranges
                0x000001c0       0x20 net/libnet.a(nfs.o)
 .debug_aranges
                0x000001e0       0x20 disk/libdisk.a(part.o)
 .debug_aranges
                0x00000200       0x20 disk/libdisk.a(part_dos.o)
 .debug_aranges
                0x00000220       0x20 drivers/libdrivers.a(dataflash.o)
 .debug_aranges
                0x00000240       0x20 common/libcommon.a(main.o)
 .debug_aranges
                0x00000260       0x20 common/libcommon.a(cmd_boot.o)
 .debug_aranges
                0x00000280       0x20 common/libcommon.a(cmd_bootm.o)
 .debug_aranges
                0x000002a0       0x20 common/libcommon.a(cmd_console.o)
 .debug_aranges
                0x000002c0       0x20 common/libcommon.a(cmd_fat.o)
 .debug_aranges
                0x000002e0       0x20 common/libcommon.a(cmd_flash.o)
 .debug_aranges
                0x00000300       0x20 common/libcommon.a(cmd_itest.o)
 .debug_aranges
                0x00000320       0x20 common/libcommon.a(cmd_load.o)
 .debug_aranges
                0x00000340       0x20 common/libcommon.a(cmd_mem.o)
 .debug_aranges
                0x00000360       0x20 common/libcommon.a(cmd_mii.o)
 .debug_aranges
                0x00000380       0x20 common/libcommon.a(cmd_mmc.o)
 .debug_aranges
                0x000003a0       0x20 common/libcommon.a(cmd_net.o)
 .debug_aranges
                0x000003c0       0x20 common/libcommon.a(cmd_nvedit.o)
 .debug_aranges
                0x000003e0       0x20 common/libcommon.a(command.o)
 .debug_aranges
                0x00000400       0x20 common/libcommon.a(console.o)
 .debug_aranges
                0x00000420       0x20 common/libcommon.a(devices.o)
 .debug_aranges
                0x00000440       0x20 common/libcommon.a(dlmalloc.o)
 .debug_aranges
                0x00000460       0x20 common/libcommon.a(env_common.o)
 .debug_aranges
                0x00000480       0x20 common/libcommon.a(env_flash.o)
 .debug_aranges
                0x000004a0       0x20 common/libcommon.a(exports.o)
 .debug_aranges
                0x000004c0       0x20 common/libcommon.a(flash.o)
 .debug_aranges
                0x000004e0       0x20 common/libcommon.a(lists.o)
 .debug_aranges
                0x00000500       0x20 common/libcommon.a(miiphyutil.o)
 .debug_aranges
                0x00000520       0x20 common/libcommon.a(xyzModem.o)
 .debug_aranges
                0x00000540       0x20 common/libcommon.a(crc16.o)
 .debug_aranges
                0x00000560       0x20 lib_generic/libgeneric.a(crc32.o)
 .debug_aranges
                0x00000580       0x20 lib_generic/libgeneric.a(display_options.o)
 .debug_aranges
                0x000005a0       0x20 lib_generic/libgeneric.a(string.o)
 .debug_aranges
                0x000005c0       0x20 lib_generic/libgeneric.a(vsprintf.o)
 .debug_aranges
                0x000005e0       0x20 lib_generic/libgeneric.a(zlib.o)
 .debug_aranges
                0x00000600       0x20 board/at91rm9200dk/libat91rm9200dk.a(at91rm9200dk.o)
 .debug_aranges
                0x00000620       0x20 board/at91rm9200dk/libat91rm9200dk.a(at45.o)
 .debug_aranges
                0x00000640       0x20 board/at91rm9200dk/libat91rm9200dk.a(flash.o)
 .debug_aranges
                0x00000660       0x20 cpu/arm920t/libarm920t.a(cpu.o)
 .debug_aranges
                0x00000680       0x20 cpu/arm920t/at91rm9200/libat91rm9200.a(dm9161.o)
 .debug_aranges
                0x000006a0       0x20 cpu/arm920t/at91rm9200/libat91rm9200.a(ether.o)
 .debug_aranges
                0x000006c0       0x20 cpu/arm920t/at91rm9200/libat91rm9200.a(serial.o)
 .debug_aranges
                0x000006e0       0x20 lib_arm/libarm.a(_divsi3.o)
 .debug_aranges
                0x00000700       0x20 lib_arm/libarm.a(_modsi3.o)
 .debug_aranges
                0x00000720       0x20 lib_arm/libarm.a(armlinux.o)
 .debug_aranges
                0x00000740       0x20 lib_arm/libarm.a(cache.o)

.debug_frame    0x00000000     0x3d38
 .debug_frame   0x00000000      0x108 cpu/arm920t/libarm920t.a(interrupts.o)
 .debug_frame   0x00000108       0xf4 cpu/arm920t/at91rm9200/libat91rm9200.a(interrupts.o)
 .debug_frame   0x000001fc     0x10dc cpu/arm920t/at91rm9200/libat91rm9200.a(mmc.o)
 .debug_frame   0x000012d8       0xa4 lib_arm/libarm.a(board.o)
 .debug_frame   0x0000137c       0x20 lib_arm/libarm.a(div0.o)
 .debug_frame   0x0000139c      0x1c4 fs/fat/libfat.a(fat.o)
 .debug_frame   0x00001560      0x2d4 net/libnet.a(net.o)
 .debug_frame   0x00001834       0x98 net/libnet.a(tftp.o)
 .debug_frame   0x000018cc      0x170 net/libnet.a(bootp.o)
 .debug_frame   0x00001a3c       0x60 net/libnet.a(rarp.o)
 .debug_frame   0x00001a9c       0x28 net/libnet.a(eth.o)
 .debug_frame   0x00001ac4      0x15c net/libnet.a(nfs.o)
 .debug_frame   0x00001c20       0x7c disk/libdisk.a(part.o)
 .debug_frame   0x00001c9c       0xcc disk/libdisk.a(part_dos.o)
 .debug_frame   0x00001d68      0x108 drivers/libdrivers.a(dataflash.o)
 .debug_frame   0x00001e70       0xb8 common/libcommon.a(main.o)
 .debug_frame   0x00001f28       0x2c common/libcommon.a(cmd_boot.o)
 .debug_frame   0x00001f54       0xec common/libcommon.a(cmd_bootm.o)
 .debug_frame   0x00002040       0x30 common/libcommon.a(cmd_console.o)
 .debug_frame   0x00002070       0x94 common/libcommon.a(cmd_fat.o)
 .debug_frame   0x00002104      0x120 common/libcommon.a(cmd_flash.o)
 .debug_frame   0x00002224       0x74 common/libcommon.a(cmd_itest.o)
 .debug_frame   0x00002298      0x174 common/libcommon.a(cmd_load.o)
 .debug_frame   0x0000240c      0x180 common/libcommon.a(cmd_mem.o)
 .debug_frame   0x0000258c       0x7c common/libcommon.a(cmd_mii.o)
 .debug_frame   0x00002608       0x28 common/libcommon.a(cmd_mmc.o)
 .debug_frame   0x00002630       0x84 common/libcommon.a(cmd_net.o)
 .debug_frame   0x000026b4      0x108 common/libcommon.a(cmd_nvedit.o)
 .debug_frame   0x000027bc       0x9c common/libcommon.a(command.o)
 .debug_frame   0x00002858      0x218 common/libcommon.a(console.o)
 .debug_frame   0x00002a70       0x5c common/libcommon.a(devices.o)
 .debug_frame   0x00002acc      0x130 common/libcommon.a(dlmalloc.o)
 .debug_frame   0x00002bfc       0x7c common/libcommon.a(env_common.o)
 .debug_frame   0x00002c78       0x68 common/libcommon.a(env_flash.o)
 .debug_frame   0x00002ce0       0x48 common/libcommon.a(exports.o)
 .debug_frame   0x00002d28       0x78 common/libcommon.a(flash.o)
 .debug_frame   0x00002da0      0x138 common/libcommon.a(lists.o)
 .debug_frame   0x00002ed8      0x14c common/libcommon.a(miiphyutil.o)
 .debug_frame   0x00003024      0x11c common/libcommon.a(xyzModem.o)
 .debug_frame   0x00003140       0x28 common/libcommon.a(crc16.o)
 .debug_frame   0x00003168       0x28 lib_generic/libgeneric.a(crc32.o)
 .debug_frame   0x00003190       0x48 lib_generic/libgeneric.a(display_options.o)
 .debug_frame   0x000031d8      0x20c lib_generic/libgeneric.a(string.o)
 .debug_frame   0x000033e4       0xe4 lib_generic/libgeneric.a(vsprintf.o)
 .debug_frame   0x000034c8      0x1f0 lib_generic/libgeneric.a(zlib.o)
 .debug_frame   0x000036b8       0x48 board/at91rm9200dk/libat91rm9200dk.a(at91rm9200dk.o)
 .debug_frame   0x00003700      0x1c8 board/at91rm9200dk/libat91rm9200dk.a(at45.o)
 .debug_frame   0x000038c8       0xf4 board/at91rm9200dk/libat91rm9200dk.a(flash.o)
 .debug_frame   0x000039bc       0xf4 cpu/arm920t/libarm920t.a(cpu.o)
 .debug_frame   0x00003ab0       0x84 cpu/arm920t/at91rm9200/libat91rm9200.a(dm9161.o)
 .debug_frame   0x00003b34      0x10c cpu/arm920t/at91rm9200/libat91rm9200.a(ether.o)
 .debug_frame   0x00003c40       0x90 cpu/arm920t/at91rm9200/libat91rm9200.a(serial.o)
 .debug_frame   0x00003cd0       0x48 lib_arm/libarm.a(armlinux.o)
 .debug_frame   0x00003d18       0x20 lib_arm/libarm.a(cache.o)

.debug_loc      0x00000000     0xf393
 .debug_loc     0x00000000      0x119 cpu/arm920t/libarm920t.a(interrupts.o)
 .debug_loc     0x00000119       0x57 cpu/arm920t/at91rm9200/libat91rm9200.a(interrupts.o)
 .debug_loc     0x00000170     0x14d6 cpu/arm920t/at91rm9200/libat91rm9200.a(mmc.o)
 .debug_loc     0x00001646       0xae lib_arm/libarm.a(board.o)
 .debug_loc     0x000016f4      0xc51 fs/fat/libfat.a(fat.o)
 .debug_loc     0x00002345      0x900 net/libnet.a(net.o)
 .debug_loc     0x00002c45      0x1c7 net/libnet.a(tftp.o)
 .debug_loc     0x00002e0c      0x514 net/libnet.a(bootp.o)
 .debug_loc     0x00003320       0x9b net/libnet.a(rarp.o)
 .debug_loc     0x000033bb       0x1e net/libnet.a(eth.o)
 .debug_loc     0x000033d9      0x55e net/libnet.a(nfs.o)
 .debug_loc     0x00003937      0x118 disk/libdisk.a(part.o)
 .debug_loc     0x00003a4f      0x33c disk/libdisk.a(part_dos.o)
 .debug_loc     0x00003d8b      0x438 drivers/libdrivers.a(dataflash.o)
 .debug_loc     0x000041c3      0x6ef common/libcommon.a(main.o)
 .debug_loc     0x000048b2       0xbc common/libcommon.a(cmd_boot.o)
 .debug_loc     0x0000496e      0x6d9 common/libcommon.a(cmd_bootm.o)
 .debug_loc     0x00005047       0x6c common/libcommon.a(cmd_console.o)
 .debug_loc     0x000050b3      0x3a0 common/libcommon.a(cmd_fat.o)
 .debug_loc     0x00005453      0xa2c common/libcommon.a(cmd_flash.o)
 .debug_loc     0x00005e7f      0x34f common/libcommon.a(cmd_itest.o)
 .debug_loc     0x000061ce      0x5cb common/libcommon.a(cmd_load.o)
 .debug_loc     0x00006799      0xbf4 common/libcommon.a(cmd_mem.o)
 .debug_loc     0x0000738d      0x4ef common/libcommon.a(cmd_mii.o)
 .debug_loc     0x0000787c       0x4c common/libcommon.a(cmd_mmc.o)
 .debug_loc     0x000078c8      0x2e2 common/libcommon.a(cmd_net.o)
 .debug_loc     0x00007baa      0x825 common/libcommon.a(cmd_nvedit.o)
 .debug_loc     0x000083cf      0x49b common/libcommon.a(command.o)
 .debug_loc     0x0000886a      0x355 common/libcommon.a(console.o)
 .debug_loc     0x00008bbf       0x3e common/libcommon.a(devices.o)
 .debug_loc     0x00008bfd     0x12d6 common/libcommon.a(dlmalloc.o)
 .debug_loc     0x00009ed3       0x6d common/libcommon.a(env_common.o)
 .debug_loc     0x00009f40       0x6d common/libcommon.a(env_flash.o)
 .debug_loc     0x00009fad      0x356 common/libcommon.a(flash.o)
 .debug_loc     0x0000a303      0x30c common/libcommon.a(lists.o)
 .debug_loc     0x0000a60f      0x473 common/libcommon.a(miiphyutil.o)
 .debug_loc     0x0000aa82      0x467 common/libcommon.a(xyzModem.o)
 .debug_loc     0x0000aee9       0x13 common/libcommon.a(crc16.o)
 .debug_loc     0x0000aefc       0xde lib_generic/libgeneric.a(crc32.o)
 .debug_loc     0x0000afda       0x83 lib_generic/libgeneric.a(display_options.o)
 .debug_loc     0x0000b05d      0x533 lib_generic/libgeneric.a(string.o)
 .debug_loc     0x0000b590      0x646 lib_generic/libgeneric.a(vsprintf.o)
 .debug_loc     0x0000bbd6     0x24f4 lib_generic/libgeneric.a(zlib.o)
 .debug_loc     0x0000e0ca      0x7cb board/at91rm9200dk/libat91rm9200dk.a(at45.o)
 .debug_loc     0x0000e895      0x53f board/at91rm9200dk/libat91rm9200dk.a(flash.o)
 .debug_loc     0x0000edd4       0xa5 cpu/arm920t/libarm920t.a(cpu.o)
 .debug_loc     0x0000ee79      0x121 cpu/arm920t/at91rm9200/libat91rm9200.a(dm9161.o)
 .debug_loc     0x0000ef9a      0x1cc cpu/arm920t/at91rm9200/libat91rm9200.a(ether.o)
 .debug_loc     0x0000f166       0x5a cpu/arm920t/at91rm9200/libat91rm9200.a(serial.o)
 .debug_loc     0x0000f1c0      0x1d3 lib_arm/libarm.a(armlinux.o)

.debug_pubnames
                0x00000000     0x382a
 .debug_pubnames
                0x00000000       0xdf cpu/arm920t/libarm920t.a(interrupts.o)
 .debug_pubnames
                0x000000df       0xd6 cpu/arm920t/at91rm9200/libat91rm9200.a(interrupts.o)
 .debug_pubnames
                0x000001b5     0x182d cpu/arm920t/at91rm9200/libat91rm9200.a(mmc.o)
 .debug_pubnames
                0x000019e2       0x5b lib_arm/libarm.a(board.o)
 .debug_pubnames
                0x00001a3d       0x1d lib_arm/libarm.a(div0.o)
 .debug_pubnames
                0x00001a5a       0x80 fs/fat/libfat.a(fat.o)
 .debug_pubnames
                0x00001ada      0x279 net/libnet.a(net.o)
 .debug_pubnames
                0x00001d53       0x20 net/libnet.a(tftp.o)
 .debug_pubnames
                0x00001d73       0x69 net/libnet.a(bootp.o)
 .debug_pubnames
                0x00001ddc       0x22 net/libnet.a(rarp.o)
 .debug_pubnames
                0x00001dfe       0x25 net/libnet.a(eth.o)
 .debug_pubnames
                0x00001e23       0x1f net/libnet.a(nfs.o)
 .debug_pubnames
                0x00001e42       0x54 disk/libdisk.a(part.o)
 .debug_pubnames
                0x00001e96       0x52 disk/libdisk.a(part_dos.o)
 .debug_pubnames
                0x00001ee8      0x102 drivers/libdrivers.a(dataflash.o)
 .debug_pubnames
                0x00001fea       0x48 common/libcommon.a(main.o)
 .debug_pubnames
                0x00002032       0x47 common/libcommon.a(cmd_boot.o)
 .debug_pubnames
                0x00002079       0xb3 common/libcommon.a(cmd_bootm.o)
 .debug_pubnames
                0x0000212c       0x3a common/libcommon.a(cmd_console.o)
 .debug_pubnames
                0x00002166       0x99 common/libcommon.a(cmd_fat.o)
 .debug_pubnames
                0x000021ff       0xb2 common/libcommon.a(cmd_flash.o)
 .debug_pubnames
                0x000022b1       0x53 common/libcommon.a(cmd_itest.o)
 .debug_pubnames
                0x00002304       0xff common/libcommon.a(cmd_load.o)
 .debug_pubnames
                0x00002403      0x1a3 common/libcommon.a(cmd_mem.o)
 .debug_pubnames
                0x000025a6       0xe2 common/libcommon.a(cmd_mii.o)
 .debug_pubnames
                0x00002688       0x36 common/libcommon.a(cmd_mmc.o)
 .debug_pubnames
                0x000026be       0xc6 common/libcommon.a(cmd_net.o)
 .debug_pubnames
                0x00002784       0xd1 common/libcommon.a(cmd_nvedit.o)
 .debug_pubnames
                0x00002855       0xaa common/libcommon.a(command.o)
 .debug_pubnames
                0x000028ff      0x10e common/libcommon.a(console.o)
 .debug_pubnames
                0x00002a0d       0x76 common/libcommon.a(devices.o)
 .debug_pubnames
                0x00002a83       0xb3 common/libcommon.a(dlmalloc.o)
 .debug_pubnames
                0x00002b36       0x88 common/libcommon.a(env_common.o)
 .debug_pubnames
                0x00002bbe       0x75 common/libcommon.a(env_flash.o)
 .debug_pubnames
                0x00002c33       0x35 common/libcommon.a(exports.o)
 .debug_pubnames
                0x00002c68       0x53 common/libcommon.a(flash.o)
 .debug_pubnames
                0x00002cbb      0x116 common/libcommon.a(lists.o)
 .debug_pubnames
                0x00002dd1       0xe4 common/libcommon.a(miiphyutil.o)
 .debug_pubnames
                0x00002eb5       0xd5 common/libcommon.a(xyzModem.o)
 .debug_pubnames
                0x00002f8a       0x20 common/libcommon.a(crc16.o)
 .debug_pubnames
                0x00002faa       0x1c lib_generic/libgeneric.a(crc32.o)
 .debug_pubnames
                0x00002fc6       0x35 lib_generic/libgeneric.a(display_options.o)
 .debug_pubnames
                0x00002ffb      0x122 lib_generic/libgeneric.a(string.o)
 .debug_pubnames
                0x0000311d       0x5a lib_generic/libgeneric.a(vsprintf.o)
 .debug_pubnames
                0x00003177       0xab lib_generic/libgeneric.a(zlib.o)
 .debug_pubnames
                0x00003222       0x1d lib_generic/libgeneric.a(ctype.o)
 .debug_pubnames
                0x0000323f       0x4e board/at91rm9200dk/libat91rm9200dk.a(at91rm9200dk.o)
 .debug_pubnames
                0x0000328d      0x1d3 board/at91rm9200dk/libat91rm9200dk.a(at45.o)
 .debug_pubnames
                0x00003460       0xd5 board/at91rm9200dk/libat91rm9200dk.a(flash.o)
 .debug_pubnames
                0x00003535       0xb3 cpu/arm920t/libarm920t.a(cpu.o)
 .debug_pubnames
                0x000035e8       0x70 cpu/arm920t/at91rm9200/libat91rm9200.a(dm9161.o)
 .debug_pubnames
                0x00003658      0x110 cpu/arm920t/at91rm9200/libat91rm9200.a(ether.o)
 .debug_pubnames
                0x00003768       0x7b cpu/arm920t/at91rm9200/libat91rm9200.a(serial.o)
 .debug_pubnames
                0x000037e3       0x25 lib_arm/libarm.a(armlinux.o)
 .debug_pubnames
                0x00003808       0x22 lib_arm/libarm.a(cache.o)

.debug_str      0x00000000     0x60d3
 .debug_str     0x00000000      0x177 cpu/arm920t/libarm920t.a(interrupts.o)
                                0x1ba (size before relaxing)
 .debug_str     0x00000177      0x306 cpu/arm920t/at91rm9200/libat91rm9200.a(interrupts.o)
                                0x3d3 (size before relaxing)
 .debug_str     0x0000047d     0x2135 cpu/arm920t/at91rm9200/libat91rm9200.a(mmc.o)
                               0x24e0 (size before relaxing)
 .debug_str     0x000025b2      0x15d lib_arm/libarm.a(board.o)
                                0x21d (size before relaxing)
 .debug_str     0x0000270f        0xe lib_arm/libarm.a(div0.o)
                                 0x5f (size before relaxing)
 .debug_str     0x0000271d      0x4b2 fs/fat/libfat.a(fat.o)
                                0x666 (size before relaxing)
 .debug_str     0x00002bcf      0x4de net/libnet.a(net.o)
                                0x612 (size before relaxing)
 .debug_str     0x000030ad       0x8f net/libnet.a(tftp.o)
                                0x202 (size before relaxing)
 .debug_str     0x0000313c      0x25f net/libnet.a(bootp.o)
                                0x43a (size before relaxing)
 .debug_str     0x0000339b       0x4c net/libnet.a(rarp.o)
                                0x1a5 (size before relaxing)
 .debug_str     0x000033e7       0x15 net/libnet.a(eth.o)
                                0x167 (size before relaxing)
 .debug_str     0x000033fc      0x1cd net/libnet.a(nfs.o)
                                0x3cd (size before relaxing)
 .debug_str     0x000035c9       0x9c disk/libdisk.a(part.o)
                                0x210 (size before relaxing)
 .debug_str     0x00003665      0x148 disk/libdisk.a(part_dos.o)
                                0x2fb (size before relaxing)
 .debug_str     0x000037ad      0x2ae drivers/libdrivers.a(dataflash.o)
                                0x385 (size before relaxing)
 .debug_str     0x00003a5b      0x166 common/libcommon.a(main.o)
                                0x23e (size before relaxing)
 .debug_str     0x00003bc1       0x3a common/libcommon.a(cmd_boot.o)
                                0x165 (size before relaxing)
 .debug_str     0x00003bfb      0x28c common/libcommon.a(cmd_bootm.o)
                                0x4b1 (size before relaxing)
 .debug_str     0x00003e87       0xca common/libcommon.a(cmd_console.o)
                                0x204 (size before relaxing)
 .debug_str     0x00003f51       0x74 common/libcommon.a(cmd_fat.o)
                                0x245 (size before relaxing)
 .debug_str     0x00003fc5      0x13e common/libcommon.a(cmd_flash.o)
                                0x2e9 (size before relaxing)
 .debug_str     0x00004103       0x90 common/libcommon.a(cmd_itest.o)
                                0x1c0 (size before relaxing)
 .debug_str     0x00004193      0x1bc common/libcommon.a(cmd_load.o)
                                0x358 (size before relaxing)
 .debug_str     0x0000434f      0x1ff common/libcommon.a(cmd_mem.o)
                                0x365 (size before relaxing)
 .debug_str     0x0000454e      0x174 common/libcommon.a(cmd_mii.o)
                                0x306 (size before relaxing)
 .debug_str     0x000046c2       0x26 common/libcommon.a(cmd_mmc.o)
                                0x146 (size before relaxing)
 .debug_str     0x000046e8       0xc3 common/libcommon.a(cmd_net.o)
                                0x2b5 (size before relaxing)
 .debug_str     0x000047ab       0xeb common/libcommon.a(cmd_nvedit.o)
                                0x2da (size before relaxing)
 .debug_str     0x00004896       0xd9 common/libcommon.a(command.o)
                                0x20e (size before relaxing)
 .debug_str     0x0000496f       0xe6 common/libcommon.a(console.o)
                                0x2d4 (size before relaxing)
 .debug_str     0x00004a55       0x44 common/libcommon.a(devices.o)
                                0x1de (size before relaxing)
 .debug_str     0x00004a99      0x2a7 common/libcommon.a(dlmalloc.o)
                                0x3f2 (size before relaxing)
 .debug_str     0x00004d40       0x7e common/libcommon.a(env_common.o)
                                0x183 (size before relaxing)
 .debug_str     0x00004dbe       0x5f common/libcommon.a(env_flash.o)
                                0x1a4 (size before relaxing)
 .debug_str     0x00004e1d       0x25 common/libcommon.a(exports.o)
                                0x104 (size before relaxing)
 .debug_str     0x00004e42       0x39 common/libcommon.a(flash.o)
                                0x1a2 (size before relaxing)
 .debug_str     0x00004e7b      0x1dc common/libcommon.a(lists.o)
                                0x32d (size before relaxing)
 .debug_str     0x00005057      0x111 common/libcommon.a(miiphyutil.o)
                                0x241 (size before relaxing)
 .debug_str     0x00005168      0x129 common/libcommon.a(xyzModem.o)
                                0x271 (size before relaxing)
 .debug_str     0x00005291       0x25 common/libcommon.a(crc16.o)
                                0x10a (size before relaxing)
 .debug_str     0x000052b6       0x4c lib_generic/libgeneric.a(crc32.o)
                                0x113 (size before relaxing)
 .debug_str     0x00005302       0x2d lib_generic/libgeneric.a(display_options.o)
                                0x125 (size before relaxing)