Archive member included because of file (symbol)

cpu/arm920t/libarm920t.a(interrupts.o)
                              cpu/arm920t/start.o (do_undefined_instruction)
cpu/arm920t/at91rm9200/libat91rm9200.a(interrupts.o)
                              cpu/arm920t/libarm920t.a(interrupts.o) (reset_cpu)
cpu/arm920t/at91rm9200/libat91rm9200.a(mmc.o)
                              cpu/arm920t/libarm920t.a(interrupts.o) (AT91F_MCI_Handler)
lib_arm/libarm.a(_udivsi3.o)  cpu/arm920t/at91rm9200/libat91rm9200.a(mmc.o) (__udivsi3)
lib_arm/libarm.a(_umodsi3.o)  cpu/arm920t/at91rm9200/libat91rm9200.a(mmc.o) (__umodsi3)
lib_arm/libarm.a(board.o)     cpu/arm920t/start.o (start_armboot)
lib_arm/libarm.a(div0.o)      lib_arm/libarm.a(_udivsi3.o) (__div0)
fs/fat/libfat.a(fat.o)        cpu/arm920t/at91rm9200/libat91rm9200.a(mmc.o) (fat_register_device)
net/libnet.a(net.o)           lib_arm/libarm.a(board.o) (getenv_IPaddr)
net/libnet.a(tftp.o)          net/libnet.a(net.o) (TftpStart)
net/libnet.a(bootp.o)         net/libnet.a(net.o) (BootpRequest)
net/libnet.a(rarp.o)          net/libnet.a(net.o) (RarpRequest)
net/libnet.a(eth.o)           lib_arm/libarm.a(board.o) (eth_initialize)
net/libnet.a(nfs.o)           net/libnet.a(net.o) (NfsStart)
disk/libdisk.a(part.o)        fs/fat/libfat.a(fat.o) (dev_print)
disk/libdisk.a(part_dos.o)    disk/libdisk.a(part.o) (test_part_dos)
drivers/libdrivers.a(dataflash.o)
                              lib_arm/libarm.a(board.o) (AT91F_DataflashInit)
common/libcommon.a(main.o)    lib_arm/libarm.a(board.o) (main_loop)
common/libcommon.a(cmd_boot.o)
                              (__u_boot_cmd_go)
common/libcommon.a(cmd_bootm.o)
                              lib_arm/libarm.a(board.o) (load_addr)
common/libcommon.a(cmd_console.o)
                              (__u_boot_cmd_coninfo)
common/libcommon.a(cmd_fat.o)
                              (__u_boot_cmd_fatload)
common/libcommon.a(cmd_flash.o)
                              (__u_boot_cmd_flinfo)
common/libcommon.a(cmd_itest.o)
                              (__u_boot_cmd_itest)
common/libcommon.a(cmd_load.o)
                              (__u_boot_cmd_loadb)
common/libcommon.a(cmd_mem.o)
                              common/libcommon.a(cmd_itest.o) (cmd_get_data_size)
common/libcommon.a(cmd_mii.o)
                              (__u_boot_cmd_mii)
common/libcommon.a(cmd_mmc.o)
                              (__u_boot_cmd_mmcinit)
common/libcommon.a(cmd_net.o)
                              (__u_boot_cmd_bootp)
common/libcommon.a(cmd_nvedit.o)
                              net/libnet.a(net.o) (setenv)
common/libcommon.a(command.o)
                              (__u_boot_cmd_version)
common/libcommon.a(console.o)
                              cpu/arm920t/libarm920t.a(interrupts.o) (printf)
common/libcommon.a(devices.o)
                              common/libcommon.a(cmd_console.o) (devlist)
common/libcommon.a(dlmalloc.o)
                              common/libcommon.a(cmd_bootm.o) (free)
common/libcommon.a(env_common.o)
                              common/libcommon.a(cmd_nvedit.o) (env_get_char)
common/libcommon.a(env_flash.o)
                              common/libcommon.a(cmd_nvedit.o) (env_name_spec)
common/libcommon.a(exports.o)
                              lib_arm/libarm.a(board.o) (jumptable_init)
common/libcommon.a(flash.o)   common/libcommon.a(cmd_load.o) (addr2info)
common/libcommon.a(lists.o)   common/libcommon.a(devices.o) (ListCreate)
common/libcommon.a(miiphyutil.o)
                              net/libnet.a(eth.o) (miiphy_init)
common/libcommon.a(xyzModem.o)
                              common/libcommon.a(cmd_load.o) (xyzModem_stream_open)
common/libcommon.a(crc16.o)   common/libcommon.a(xyzModem.o) (cyg_crc16)
lib_generic/libgeneric.a(crc32.o)
                              common/libcommon.a(cmd_bootm.o) (crc32)
lib_generic/libgeneric.a(display_options.o)
                              lib_arm/libarm.a(board.o) (print_size)
lib_generic/libgeneric.a(string.o)
                              fs/fat/libfat.a(fat.o) (strcpy)
lib_generic/libgeneric.a(vsprintf.o)
                              lib_arm/libarm.a(board.o) (simple_strtoul)
lib_generic/libgeneric.a(zlib.o)
                              common/libcommon.a(cmd_bootm.o) (inflateEnd)
lib_generic/libgeneric.a(ctype.o)
                              lib_generic/libgeneric.a(vsprintf.o) (_ctype)
board/at91rm9200dk/libat91rm9200dk.a(at91rm9200dk.o)
                              lib_arm/libarm.a(board.o) (board_init)
board/at91rm9200dk/libat91rm9200dk.a(at45.o)
                              drivers/libdrivers.a(dataflash.o) (AT91F_SpiInit)
board/at91rm9200dk/libat91rm9200dk.a(flash.o)
                              lib_arm/libarm.a(board.o) (flash_init)
cpu/arm920t/libarm920t.a(cpu.o)
                              lib_arm/libarm.a(board.o) (cpu_init)
cpu/arm920t/at91rm9200/libat91rm9200.a(dm9161.o)
                              board/at91rm9200dk/libat91rm9200dk.a(at91rm9200dk.o) (dm9161_IsPhyConnected)
cpu/arm920t/at91rm9200/libat91rm9200.a(ether.o)
                              cpu/arm920t/at91rm9200/libat91rm9200.a(dm9161.o) (at91rm9200_EmacEnableMDIO)
cpu/arm920t/at91rm9200/libat91rm9200.a(serial.o)
                              common/libcommon.a(cmd_load.o) (serial_setbrg)
lib_arm/libarm.a(armlinux.o)  common/libcommon.a(cmd_bootm.o) (do_bootm_linux)
lib_arm/libarm.a(cache.o)     common/libcommon.a(cmd_load.o) (flush_cache)

Memory Configuration

Name             Origin             Length             Attributes
*default*        0x00000000         0xffffffff

Linker script and memory map

                0x00000000                . = 0x0
                0x00000000                . = ALIGN (0x4)

.text           0x21f00000    0x2ebf4
 cpu/arm920t/start.o(.text)
 .text          0x21f00000      0x340 cpu/arm920t/start.o
                0x21f00050                IRQ_STACK_START
                0x21f00048                _bss_start
                0x21f0004c                _bss_end
                0x21f00044                _armboot_start
                0x21f00000                _start
                0x21f00054                FIQ_STACK_START
 *(.text)
 .text          0x21f00340      0x45c cpu/arm920t/libarm920t.a(interrupts.o)
                0x21f00750                do_fiq
                0x21f00660                do_undefined_instruction
                0x21f003c8                show_regs
                0x21f00780                do_irq
                0x21f003a4                bad_mode
                0x21f006c0                do_prefetch_abort
                0x21f00364                disable_interrupts
                0x21f00720                do_not_used
                0x21f006f0                do_data_abort
                0x21f00690                do_software_interrupt
                0x21f00340                enable_interrupts
 .text          0x21f0079c      0x3dc cpu/arm920t/at91rm9200/libat91rm9200.a(interrupts.o)
                0x21f008b0                set_timer
                0x21f00870                reset_timer
                0x21f0079c                interrupt_init
                0x21f00ad0                get_tbclk
                0x21f00884                get_timer
                0x21f008f8                reset_timer_masked
                0x21f009f0                get_timer_masked
                0x21f008d8                udelay
                0x21f00a20                udelay_masked
                0x21f00af4                reset_cpu
                0x21f00aa8                get_ticks
                0x21f0093c                get_timer_raw
 .text          0x21f00b78     0x4d6c cpu/arm920t/at91rm9200/libat91rm9200.a(mmc.o)
                0x21f03308                AT91F_UDP_EpClear
                0x21f03420                AT91F_UDP_GetInterruptMaskStatus
                0x21f00bf8                AT91F_PDC_SetRx
                0x21f02904                AT91F_US_DisableRx
                0x21f02070                AT91F_PIO_GetOutputStatus
                0x21f017a0                AT91F_SPI_PutChar
                0x21f055a4                mmc_ident
                0x21f03a68                AT91F_US0_CfgPIO
                0x21f015f0                AT91F_SPI_CfgMode
                0x21f034c4                AT91F_ST_EnableIt
                0x21f0184c                AT91F_SPI_IsInterruptMasked
                0x21f012e0                AT91F_SSC_EnableRx
                0x21f01cd4                AT91F_PIO_CfgPeriph
                0x21f02f68                AT91F_AIC_Open
                0x21f00c78                AT91F_PDC_EnableTx
                0x21f021fc                AT91F_PIO_GetInterruptMaskStatus
                0x21f05468                doswap
                0x21f02018                AT91F_PIO_OutputEnable
                0x21f03758                AT91F_SPI_CfgPMC
                0x21f028d4                AT91F_US_ResetTx
                0x21f057dc                AT91F_MCI_Handler
                0x21f0463c                AT91F_MCI_MMC_GetAllCID
                0x21f036d0                AT91F_SSC2_CfgPIO
                0x21f03668                AT91F_EMAC_CfgPIO
                0x21f03164                AT91F_UDP_GetState
                0x21f0381c                AT91F_TC1_CfgPMC
                0x21f0161c                AT91F_SPI_CfgPCS
                0x21f035e0                AT91F_SYS_CfgPMC
                0x21f03b08                AT91F_UDP_CfgPMC
                0x21f056c0                AT91F_CfgDevice
                0x21f039bc                AT91F_US2_CfgPMC
                0x21f01160                AT91F_SSC_SetBaudrate
                0x21f03444                AT91F_UDP_IsInterruptMasked
                0x21f01724                AT91F_SPI_Close
                0x21f030dc                AT91F_UDP_DisableEp
                0x21f0379c                AT91F_TC5_CfgPMC
                0x21f02b38                AT91F_US_SetIrdaFilter
                0x21f00dc8                AT91F_PDC_Open
                0x21f0124c                AT91F_SSC_Configure
                0x21f00d98                AT91F_PDC_IsNextRxEmpty
                0x21f0399c                AT91F_US3_CfgPMC
                0x21f016cc                AT91F_SPI_SendFrame
                0x21f04c1c                AT91F_MCI_SDCard_SetBusWidth
                0x21f018dc                AT91F_TC_GetInterruptMaskStatus
                0x21f02148                AT91F_PIO_IsInputFilterSet
                0x21f02244                AT91F_PIO_IsInterruptMasked
                0x21f05668                AT91F_MCIDeviceWaitReady
                0x21f018b0                AT91F_TC_InterruptDisable
                0x21f03938                AT91F_PIOA_CfgPMC
                0x21f021a4                AT91F_PIO_InterruptEnable
                0x21f01050                AT91F_DBGU_GetInterruptMaskStatus
                0x21f027e4                AT91F_US_Configure
                0x21f03c70                AT91F_MCI_SDCard_SendAppCommand
                0x21f034f0                AT91F_ST_DisableIt
                0x21f00b78                AT91F_PDC_SetNextRx
                0x21f0241c                AT91F_PIO_OutputWriteEnable
                0x21f04fc8                mmc_block_read
                0x21f01ea8                AT91F_PIO_IsInputSet
                0x21f02594                AT91F_TWI_DisableIt
                0x21f04744                AT91F_MCI_MMC_Init
                0x21f0227c                AT91F_PIO_IsInterruptSet
                0x21f02bcc                AT91F_MCI_EnableIt
                0x21f02f2c                AT91F_AIC_IsPending
                0x21f02094                AT91F_PIO_IsOutputSet
                0x21f02ae0                AT91F_US_ReceiveFrame
                0x21f04380                AT91F_MCI_MMC_SelectCard
                0x21f0457c                AT91F_MCI_SetBlocklength
                0x21f03540                AT91F_ST_IsInterruptMasked
                0x21f02a28                AT91F_US_PutChar
                0x21f02368                AT91F_PIO_A_RegisterSelection
                0x21f04b68                AT91F_MCI_SDCard_GetCID
                0x21f01370                AT91F_SSC_EnableIt
                0x21f01f64                AT91F_PIO_Enable
                0x21f023e4                AT91F_PIO_IsAB_RegisterSet
                0x21f02474                AT91F_PIO_GetOutputWriteStatus
                0x21f029d8                AT91F_US_RxReady
                0x21f03880                AT91F_PMC_CfgPMC
                0x21f030a4                AT91F_UDP_EnableEp
                0x21f03118                AT91F_UDP_SetState
                0x21f02928                AT91F_US_DisableTx
                0x21f00c38                AT91F_PDC_SetTx
                0x21f03b28                AT91F_ST_CfgPMC
                0x21f037dc                AT91F_TC3_CfgPMC
                0x21f01e0c                AT91F_PIO_CfgDirectDrive
                0x21f00e40                AT91F_PDC_Close
                0x21f0543c                mmc_write
                0x21f02a00                AT91F_US_Error
                0x21f01f90                AT91F_PIO_Disable
                0x21f01074                AT91F_DBGU_IsInterruptMasked
                0x21f02c6c                AT91F_MCI_Cfg_ModeRegister
                0x21f01128                AT91F_RTC_IsInterruptMasked
                0x21f010d8                AT91F_RTC_InterruptDisable
                0x21f014d4                AT91F_SPI_Open
                0x21f038a0                AT91F_PMC_CfgPIO
                0x21f013c8                AT91F_SSC_ReceiveFrame
                0x21f02880                AT91F_US_EnableTx
                0x21f00ff8                AT91F_DBGU_InterruptEnable
                0x21f03d6c                AT91F_MCI_GetStatus
                0x21f02498                AT91F_PIO_IsOutputWriteSet
                0x21f02724                AT91F_US_SetBaudrate
                0x21f03044                AT91F_UDP_DisableIt
                0x21f01b74                AT91F_PMC_GetMasterClock
                0x21f0383c                AT91F_TC0_CfgPMC
                0x21f04acc                AT91F_MCI_SDCard_GetOCR
                0x21f00cc0                AT91F_PDC_DisableTx
                0x21f035bc                AT91F_DBGU_CfgPIO
                0x21f052dc                mmc_init
                0x21f03600                AT91F_UHP_CfgPMC
                0x21f03018                AT91F_UDP_EnableIt
                0x21f02044                AT91F_PIO_OutputDisable
                0x21f0152c                AT91F_SPI_EnableIt
                0x21f00c9c                AT91F_PDC_EnableRx
                0x21f02a5c                AT91F_US_GetChar
                0x21f01f0c                AT91F_PIO_ClearOutput
                0x21f025fc                AT91F_TWI_GetInterruptMaskStatus
                0x21f00f50                AT91F_PDC_ReceiveFrame
                0x21f036f4                AT91F_SSC1_CfgPMC
                0x21f02394                AT91F_PIO_B_RegisterSelection
                0x21f02e04                AT91F_AIC_AcknowledgeIt
                0x21f00ea8                AT91F_PDC_SendFrame
                0x21f01fe0                AT91F_PIO_IsSet
                0x21f02124                AT91F_PIO_GetInputFilterStatus
                0x21f01884                AT91F_TC_InterruptEnable
                0x21f01304                AT91F_SSC_DisableRx
                0x21f00d08                AT91F_PDC_IsTxEmpty
                0x21f02b68                AT91F_MCI_Configure
                0x21f02c24                AT91F_MCI_Enable_Interface
                0x21f0230c                AT91F_PIO_GetMultiDriverStatus
                0x21f023c0                AT91F_PIO_Get_AB_RegisterStatus
                0x21f01104                AT91F_RTC_GetInterruptMaskStatus
                0x21f03b48                AT91F_MCI_SendCommand
                0x21f01ee0                AT91F_PIO_SetOutput
                0x21f036b0                AT91F_SSC2_CfgPMC
                0x21f031b8                AT91F_UDP_EpStall
                0x21f0294c                AT91F_US_Close
                0x21f01e48                AT91F_PIO_CfgInputFilter
                0x21f03aac                AT91F_MCI_CfgPIO
                0x21f01420                AT91F_SSC_SendFrame
                0x21f02c48                AT91F_MCI_Disable_Interface
                0x21f03978                AT91F_TWI_CfgPIO
                0x21f028a4                AT91F_US_ResetRx
                0x21f03070                AT91F_UDP_SetAddress
                0x21f0351c                AT91F_ST_GetInterruptMaskStatus
                0x21f0385c                AT91F_SMC2_CfgPIO
                0x21f03a00                AT91F_US1_CfgPMC
                0x21f039dc                AT91F_US2_CfgPIO
                0x21f00d68                AT91F_PDC_IsRxEmpty
                0x21f02a88                AT91F_US_SendFrame
                0x21f045b8                AT91F_MCI_MMC_GetAllOCR
                0x21f03714                AT91F_SSC1_CfgPIO
                0x21f037bc                AT91F_TC4_CfgPMC
                0x21f01024                AT91F_DBGU_InterruptDisable
                0x21f02bf8                AT91F_MCI_DisableIt
                0x21f03a8c                AT91F_MCI_CfgPMC
                0x21f038f8                AT91F_PIOC_CfgPMC
                0x21f02d84                AT91F_AIC_DisableIt
                0x21f017fc                AT91F_SPI_GetChar
                0x21f024f4                AT91F_PIO_IsOutputDataStatusSet
                0x21f020cc                AT91F_PIO_InputFilterEnable
                0x21f010ac                AT91F_RTC_InterruptEnable
                0x21f01674                AT91F_SPI_ReceiveFrame
                0x21f04fa4                mmc_get_dev
                0x21f033dc                AT91F_UDP_EpStatus
                0x21f03264                AT91F_UDP_EpRead
                0x21f0318c                AT91F_UDP_ResetEp
                0x21f0134c                AT91F_SSC_DisableTx
                0x21f022e0                AT91F_PIO_MultiDriverDisable
                0x21f02568                AT91F_TWI_EnableIt
                0x21f03a48                AT91F_US0_CfgPMC
                0x21f01c2c                AT91F_PMC_EnablePCK
                0x21f01d24                AT91F_PIO_CfgOutput
                0x21f015a8                AT91F_SPI_Enable
                0x21f055c4                mmc2info
                0x21f00bb8                AT91F_PDC_SetNextTx
                0x21f01dd0                AT91F_PIO_CfgPullup
                0x21f0347c                AT91F_ST_SetPeriodInterval
                0x21f0278c                AT91F_US_EnableIt
                0x21f032a8                AT91F_UDP_EpEndOfWr
                0x21f00d38                AT91F_PDC_IsNextTxEmpty
                0x21f025c0                AT91F_TWI_Configure
                0x21f0149c                AT91F_SSC_IsInterruptMasked
                0x21f054b0                AT91F_MCI_CorrectByteOrder
                0x21f03918                AT91F_PIOB_CfgPMC
                0x21f02c98                AT91F_AIC_ConfigureIt
                0x21f03620                AT91F_SDRC_CfgPIO
                0x21f024d0                AT91F_PIO_GetCfgPullup
                0x21f03dd8                AT91F_MCI_Device_Handler
                0x21f0252c                AT91F_PIO_IsCfgPullupStatusSet
                0x21f02220                AT91F_PIO_GetInterruptStatus
                0x21f03374                AT91F_UDP_EpSet
                0x21f04108                AT91F_MCI_WriteBlock
                0x21f03738                AT91F_SSC0_CfgPMC
                0x21f02eb8                AT91F_AIC_Trig
                0x21f02448                AT91F_PIO_OutputWriteDisable
                0x21f01828                AT91F_SPI_GetInterruptMaskStatus
                0x21f03958                AT91F_TWI_CfgPMC
                0x21f037fc                AT91F_TC2_CfgPMC
                0x21f044b8                AT91F_MCI_GetCSD
                0x21f03e90                AT91F_MCI_ReadBlock
                0x21f022b4                AT91F_PIO_MultiDriverEnable
                0x21f050b4                mmc_read
                0x21f027b8                AT91F_US_DisableIt
                0x21f01900                AT91F_TC_IsInterruptMasked
                0x21f03690                AT91F_RTC_CfgPMC
                0x21f01d5c                AT91F_PIO_CfgInput
                0x21f021d0                AT91F_PIO_InterruptDisable
                0x21f01584                AT91F_SPI_Reset
                0x21f01f38                AT91F_PIO_ForceOutput
                0x21f015cc                AT91F_SPI_Disable
                0x21f01558                AT91F_SPI_DisableIt
                0x21f02658                AT91F_US_Baudrate
                0x21f01d94                AT91F_PIO_CfgOpendrain
                0x21f03a20                AT91F_US1_CfgPIO
                0x21f05778                AT91F_Test_SDCard
                0x21f01978                AT91F_PMC_GetProcessorClock
                0x21f03578                AT91F_EBI_CfgPIO
                0x21f01478                AT91F_SSC_GetInterruptMaskStatus
                0x21f020f8                AT91F_PIO_InputFilterDisable
                0x21f014f4                AT91F_SPI_CfgCs
                0x21f04d0c                AT91F_MCI_SDCard_Init
                0x21f03648                AT91F_EMAC_CfgPMC
                0x21f01c00                AT91F_PMC_DisablePeriphClock
                0x21f01e84                AT91F_PIO_GetInput
                0x21f02e2c                AT91F_AIC_SetExceptionVector
                0x21f03778                AT91F_SPI_CfgPIO
                0x21f03218                AT91F_UDP_EpWrite
                0x21f02d4c                AT91F_AIC_EnableIt
                0x21f01938                AT91F_CKGR_GetMainClock
                0x21f038d8                AT91F_PIOD_CfgPMC
                0x21f02dcc                AT91F_AIC_ClearIt
                0x21f02180                AT91F_PIO_GetOutputDataStatus
                0x21f0359c                AT91F_DBGU_CfgPMC
                0x21f0139c                AT91F_SSC_DisableIt
                0x21f01bd4                AT91F_PMC_EnablePeriphClock
                0x21f02620                AT91F_TWI_IsInterruptMasked
                0x21f01fbc                AT91F_PIO_GetStatus
                0x21f0285c                AT91F_US_EnableRx
                0x21f02760                AT91F_US_SetTimeguard
                0x21f00ce4                AT91F_PDC_DisableRx
                0x21f02ef0                AT91F_AIC_IsActive
                0x21f02330                AT91F_PIO_IsMultiDriverSet
                0x21f03ae4                AT91F_AIC_CfgPMC
                0x21f029b0                AT91F_US_TxReady
                0x21f01328                AT91F_SSC_EnableTx
                0x21f01c98                AT91F_PMC_DisablePCK
 .text          0x21f058e4       0x98 lib_arm/libarm.a(_udivsi3.o)
                0x21f058e4                __udivsi3
 .text          0x21f0597c       0xb4 lib_arm/libarm.a(_umodsi3.o)
                0x21f0597c                __umodsi3
 .text          0x21f05a30      0x5a4 lib_arm/libarm.a(board.o)
                0x21f05fb8                hang
                0x21f05ce4                start_armboot
                0x21f05ab0                sbrk
 .text          0x21f05fd4       0x14 lib_arm/libarm.a(div0.o)
                0x21f05fd4                __div0
 .text          0x21f05fe8     0x2850 fs/fat/libfat.a(fat.o)
                0x21f087e8                file_fat_read
                0x21f0799c                do_fat_read
                0x21f087b4                file_fat_ls
                0x21f085ec                file_fat_detectfs
                0x21f06060                disk_read
                0x21f06120                fat_register_device
 .text          0x21f08838     0x20c4 net/libnet.a(net.o)
                0x21f0a894                getenv_IPaddr
                0x21f09f70                NetCksumOk
                0x21f092d0                NetSetTimeout
                0x21f0a470                copy_filename
                0x21f0a088                NetEthHdrSize
                0x21f0a53c                ip_to_string
                0x21f08ae0                ArpTimeoutCheck
                0x21f09594                NetReceive
                0x21f0a610                string_to_ip
                0x21f09370                NetSendUDPPacket
                0x21f0a85c                print_IPaddr
                0x21f0a110                NetSetEther
                0x21f08b94                NetLoop
                0x21f08838                ArpRequest
                0x21f0a720                VLAN_to_string
                0x21f0a8c8                getenv_VLAN
                0x21f09fc0                NetCksum
                0x21f0a268                NetSetIP
                0x21f0a7bc                string_to_VLAN
                0x21f091d4                NetStartAgain
                0x21f092a8                NetSetHandler
                0x21f09344                NetSendPacket
 .text          0x21f0a8fc      0xb88 net/libnet.a(tftp.o)
                0x21f0b194                TftpStart
 .text          0x21f0b484     0x13f4 net/libnet.a(bootp.o)
                0x21f0c864                DhcpRequest
                0x21f0bc6c                BootpRequest
 .text          0x21f0c878      0x31c net/libnet.a(rarp.o)
                0x21f0c968                RarpRequest
 .text          0x21f0cb94       0x2c net/libnet.a(eth.o)
                0x21f0cb94                eth_initialize
 .text          0x21f0cbc0     0x1b10 net/libnet.a(nfs.o)
                0x21f0e344                NfsStart
 .text          0x21f0e6d0      0x484 disk/libdisk.a(part.o)
                0x21f0e6d0                dev_print
                0x21f0eb00                print_part
                0x21f0e9c0                get_partition_info
                0x21f0e988                init_part
 .text          0x21f0eb54      0x9b4 disk/libdisk.a(part_dos.o)
                0x21f0f4b8                get_partition_info_dos
                0x21f0f480                print_part_dos
                0x21f0ed74                test_part_dos
 .text          0x21f0f508     0x15e4 drivers/libdrivers.a(dataflash.o)
                0x21f0f508                AT91F_DataflashInit
                0x21f109fc                dataflash_perror
                0x21f101f4                AT91F_DataflashSelect
                0x21f0fea8                dataflash_print_info
                0x21f1048c                prot_dataflash
                0x21f10344                addr_dataflash
                0x21f103dc                size_dataflash
                0x21f105a8                dataflash_real_protect
                0x21f10900                write_dataflash
                0x21f10848                read_dataflash
 .text          0x21f10aec      0xfe0 common/libcommon.a(main.o)
                0x21f11674                run_command
                0x21f119b0                do_run
                0x21f10d24                readline
                0x21f10aec                main_loop
 .text          0x21f11acc       0xf8 common/libcommon.a(cmd_boot.o)
                0x21f11acc                do_go
 .text          0x21f11bc4     0x1550 common/libcommon.a(cmd_bootm.o)
                0x21f12820                print_image_hdr
                0x21f125b4                do_bootd
                0x21f12dd0                gunzip
                0x21f11bc4                do_bootm
 .text          0x21f13114      0x1bc common/libcommon.a(cmd_console.o)
                0x21f13114                do_coninfo
 .text          0x21f132d0      0x66c common/libcommon.a(cmd_fat.o)
                0x21f13334                do_fat_fsload
                0x21f137b0                do_fat_fsinfo
                0x21f135c8                do_fat_ls
                0x21f132d0                get_dev
 .text          0x21f1393c     0x1a7c common/libcommon.a(cmd_flash.o)
                0x21f142ec                do_flinfo
                0x21f14878                flash_sect_erase
                0x21f14a2c                do_protect
                0x21f1445c                do_flerase
                0x21f1515c                flash_sect_protect
 .text          0x21f153b8      0x604 common/libcommon.a(cmd_itest.o)
                0x21f15730                binary_test
                0x21f15860                do_itest
 .text          0x21f159bc     0x1584 common/libcommon.a(cmd_load.o)
                0x21f161fc                k_data_init
                0x21f15e50                s1_sendpacket
                0x21f16330                handle_send_packet
                0x21f1625c                k_data_restore
                0x21f15f74                send_nack
                0x21f159bc                do_load_serial_bin
                0x21f16288                k_data_char
                0x21f15dd8                chk1
                0x21f16230                k_data_save
                0x21f15d64                ktrans
                0x21f15d00                send_pad
                0x21f15ea0                send_ack
 .text          0x21f16f40     0x1a28 common/libcommon.a(cmd_mem.o)
                0x21f18004                do_mem_base
                0x21f17594                do_mem_mw
                0x21f18820                do_mem_crc
                0x21f17548                do_mem_nm
                0x21f174fc                do_mem_mm
                0x21f17ac4                do_mem_cp
                0x21f182d4                do_mem_mtest
                0x21f17754                do_mem_cmp
                0x21f16f40                cmd_get_data_size
                0x21f18084                do_mem_loop
                0x21f17060                do_mem_md
 .text          0x21f18968      0xdb8 common/libcommon.a(cmd_mii.o)
                0x21f18968                MII_dump_0_to_5
                0x21f1901c                do_mii
 .text          0x21f19720       0x64 common/libcommon.a(cmd_mmc.o)
                0x21f19720                do_mmc
 .text          0x21f19784      0x57c common/libcommon.a(cmd_net.o)
                0x21f1980c                do_rarpb
                0x21f197c8                do_tftpb
                0x21f19850                do_dhcp
                0x21f19784                do_bootp
                0x21f19894                do_nfs
 .text          0x21f19d00     0x1134 common/libcommon.a(cmd_nvedit.o)
                0x21f1aa48                getenv
                0x21f19fc4                _do_setenv
                0x21f1ab40                getenv_r
                0x21f19d00                do_printenv
                0x21f1a978                setenv
                0x21f1acec                do_saveenv
                0x21f1a9d0                do_setenv
 .text          0x21f1ae34      0x5d0 common/libcommon.a(command.o)
                0x21f1ae78                do_echo
                0x21f1b2d0                find_cmd
                0x21f1af94                do_help
                0x21f1ae34                do_version
 .text          0x21f1b404      0xa50 common/libcommon.a(console.o)
                0x21f1bbdc                console_init_r
                0x21f1b8bc                printf
                0x21f1ba80                console_assign
                0x21f1b768                getc
                0x21f1b870                puts
                0x21f1ba68                dbg
                0x21f1b558                serial_printf
                0x21f1b60c                ftstc
                0x21f1b70c                fprintf
                0x21f1b7c0                tstc
                0x21f1b910                vprintf
                0x21f1b960                ctrlc
                0x21f1b818                putc
                0x21f1b9e8                disable_ctrlc
                0x21f1b5ac                fgetc
                0x21f1ba28                had_ctrlc
                0x21f1b66c                fputc
                0x21f1bbb8                console_init_f
                0x21f1ba48                clear_ctrlc
                0x21f1b6c0                fputs
 .text          0x21f1be54      0x15c common/libcommon.a(devices.o)
                0x21f1bedc                device_register
                0x21f1bf84                devices_done
                0x21f1bf18                devices_init
 .text          0x21f1bfb0     0x2ac8 common/libcommon.a(dlmalloc.o)
                0x21f1c3d8                malloc
                0x21f1e4b8                pvalloc
                0x21f1e50c                calloc
                0x21f1e8dc                malloc_usable_size
                0x21f1d534                realloc
                0x21f1e738                malloc_trim
                0x21f1bfb0                malloc_bin_reloc
                0x21f1e99c                mallopt
                0x21f1e21c                memalign
                0x21f1e718                cfree
                0x21f1e48c                valloc
                0x21f1cf7c                free
 .text          0x21f1ea78      0x228 common/libcommon.a(env_common.o)
                0x21f1eb7c                env_get_addr
                0x21f1ebe0                env_relocate
                0x21f1ea78                env_crc_update
                0x21f1eb18                env_get_char_memory
 .text          0x21f1eca0      0x238 common/libcommon.a(env_flash.o)
                0x21f1eea0                env_relocate_spec
                0x21f1ed78                saveenv
                0x21f1eca0                env_get_char_spec
                0x21f1ecd0                env_init
 .text          0x21f1eed8      0x150 common/libcommon.a(exports.o)
                0x21f1ef00                jumptable_init
                0x21f1eee8                get_version
 .text          0x21f1f028      0x6bc common/libcommon.a(flash.o)
                0x21f1f2d4                flash_write
                0x21f1f028                flash_protect
                0x21f1f20c                addr2info
                0x21f1f584                flash_perror
 .text          0x21f1f6e4      0x998 common/libcommon.a(lists.o)
                0x21f1f788                DisposeHandle
                0x21f1fb48                ListDispose
                0x21f1fbac                ListInsertItems
                0x21f1fb04                ListSetAllocationPolicy
                0x21f2002c                ListGetItemSize
                0x21f20004                ListGetDataPtr
                0x21f1f6e4                NewHandle
                0x21f1f7e8                SetHandleSize
                0x21f1fb6c                ListInsertItem
                0x21f1f7c4                GetHandleSize
                0x21f20054                ListNumItems
                0x21f1ff80                ListGetPtrToItem
                0x21f1fa60                ListCreate
                0x21f1fed8                ListGetItems
 .text          0x21f2007c      0xc04 common/libcommon.a(miiphyutil.o)
                0x21f20a50                miiphy_speed
                0x21f207c4                miiphy_info
                0x21f208ec                miiphy_reset
                0x21f20310                miiphy_set_current_dev
                0x21f206f4                miiphy_listdev
                0x21f2042c                miiphy_read
                0x21f203e0                miiphy_get_current_dev
                0x21f20b68                miiphy_duplex
                0x21f2058c                miiphy_write
                0x21f200b8                miiphy_register
                0x21f2007c                miiphy_init
 .text          0x21f20c80     0x13e8 common/libcommon.a(xyzModem.o)
                0x21f21f84                xyzModem_error
                0x21f21d94                xyzModem_stream_close
                0x21f20c80                CYGACC_COMM_IF_GETC_TIMEOUT
                0x21f20d64                parse_num
                0x21f21e20                xyzModem_stream_terminate
                0x21f21600                xyzModem_stream_open
                0x21f20d2c                CYGACC_COMM_IF_PUTC
                0x21f218cc                xyzModem_stream_read
 .text          0x21f22068       0xc0 common/libcommon.a(crc16.o)
                0x21f22068                cyg_crc16
 .text          0x21f22128      0x29c lib_generic/libgeneric.a(crc32.o)
                0x21f22128                crc32
 .text          0x21f223c4      0x140 lib_generic/libgeneric.a(display_options.o)
                0x21f223c4                display_options
                0x21f223f0                print_size
 .text          0x21f22504      0xef4 lib_generic/libgeneric.a(string.o)
                0x21f22504                strcpy
                0x21f23214                memscan
                0x21f2307c                memmove
                0x21f22ffc                memcpy
                0x21f22e4c                strswab
                0x21f22a48                strnlen
                0x21f22968                strrchr
                0x21f22610                strcat
                0x21f2335c                memchr
                0x21f2329c                strstr
                0x21f22824                strncmp
                0x21f2257c                strncpy
                0x21f22f84                bcopy
                0x21f22ca0                strtok
                0x21f23174                memcmp
                0x21f226a8                strncat
                0x21f22ab8                strdup
                0x21f22f18                memset
                0x21f2277c                strcmp
                0x21f22db4                strsep
                0x21f22b34                strspn
                0x21f229f4                strlen
                0x21f228f4                strchr
                0x21f22bfc                strpbrk
 .text          0x21f233f8     0x11a8 lib_generic/libgeneric.a(vsprintf.o)
                0x21f23c34                vsprintf
                0x21f23628                simple_strtol
                0x21f24544                panic
                0x21f244f8                sprintf
                0x21f233f8                simple_strtoul
 .text          0x21f245a0     0x671c lib_generic/libgeneric.a(zlib.o)
                0x21f24918                inflate
                0x21f24744                inflateInit2
                0x21f25000                inflateIncomp
                0x21f2a7f0                adler32
                0x21f245a0                inflateReset
                0x21f25064                inflateSync
                0x21f248ec                inflateInit
                0x21f24678                inflateEnd
 .text          0x21f2acbc       0xe0 board/at91rm9200dk/libat91rm9200dk.a(at91rm9200dk.o)
                0x21f2ad0c                dram_init
                0x21f2acbc                board_init
                0x21f2ad44                at91rm9200_GetPhyInterface
 .text          0x21f2ad9c     0x1360 board/at91rm9200dk/libat91rm9200dk.a(at45.o)
                0x21f2b55c                AT91F_DataFlashPagePgmBuf
                0x21f2b48c                AT91F_DataFlashContinuousRead
                0x21f2ba34                AT91F_WriteBufferToMain
                0x21f2b3ec                AT91F_DataFlashWaitReady
                0x21f2b9a0                AT91F_BlockErase
                0x21f2bf6c                AT91F_DataFlashRead
                0x21f2b310                AT91F_DataFlashGetStatus
                0x21f2b910                AT91F_PageErase
                0x21f2b610                AT91F_MainMemoryToBufferTransfert
                0x21f2c098                AT91F_DataflashProbe
                0x21f2af2c                AT91F_SpiWrite
                0x21f2b6d4                AT91F_DataFlashWriteBuffer
                0x21f2bc38                AT91F_DataFlashWrite
                0x21f2ae38                AT91F_SpiEnable
                0x21f2b0d0                AT91F_DataFlashSendCommand
                0x21f2bafc                AT91F_PartialPageWrite
                0x21f2ad9c                AT91F_SpiInit
 .text          0x21f2c0fc     0x10f0 board/at91rm9200dk/libat91rm9200dk.a(flash.o)
                0x21f2c0fc                flash_identification
                0x21f2cb28                flash_erase
                0x21f2c36c                flash_init
                0x21f2c91c                flash_print_info
                0x21f2c30c                flash_unlock_sector
                0x21f2c288                flash_number_sector
                0x21f2d050                write_buff
 .text          0x21f2d1ec      0x278 cpu/arm920t/libarm920t.a(cpu.o)
                0x21f2d2bc                cleanup_before_linux
                0x21f2d3d4                dcache_enable
                0x21f2d26c                cpu_init
                0x21f2d348                icache_enable
                0x21f2d30c                do_reset
                0x21f2d37c                icache_disable
                0x21f2d440                dcache_status
                0x21f2d3b0                icache_status
                0x21f2d408                dcache_disable
 .text          0x21f2d464      0x5f8 cpu/arm920t/at91rm9200/libat91rm9200.a(dm9161.o)
                0x21f2d500                dm9161_GetLinkSpeed
                0x21f2d784                dm9161_AutoNegotiate
                0x21f2d6e8                dm9161_InitPhy
                0x21f2d464                dm9161_IsPhyConnected
 .text          0x21f2da5c      0x718 cpu/arm920t/at91rm9200/libat91rm9200.a(ether.o)
                0x21f2e030                eth_halt
                0x21f2e0b8                at91rm9200_miiphy_write
                0x21f2da5c                at91rm9200_EmacEnableMDIO
                0x21f2e138                at91rm9200_miiphy_initialize
                0x21f2db20                at91rm9200_EmacWritePhy
                0x21f2dab4                at91rm9200_EmacReadPhy
                0x21f2df28                eth_rx
                0x21f2da88                at91rm9200_EmacDisableMDIO
                0x21f2db84                eth_init
                0x21f2e040                at91rm9200_miiphy_read
                0x21f2de88                eth_send
 .text          0x21f2e174      0x200 cpu/arm920t/at91rm9200/libat91rm9200.a(serial.o)
                0x21f2e174                serial_setbrg
                0x21f2e34c                serial_tstc
                0x21f2e254                serial_putc
                0x21f2e1d4                serial_init
                0x21f2e2bc                serial_puts
                0x21f2e308                serial_getc
 .text          0x21f2e374      0x860 lib_arm/libarm.a(armlinux.o)
                0x21f2e374                do_bootm_linux
 .text          0x21f2ebd4       0x20 lib_arm/libarm.a(cache.o)
                0x21f2ebd4                flush_cache

.glue_7         0x21f2ebf4        0x0

.glue_7t        0x21f2ebf4        0x0
                0x21f2ebf4                . = ALIGN (0x4)

.rodata         0x21f2ebf4     0x43d0
 *(.rodata)
 .rodata        0x21f2ebf4      0x308 cpu/arm920t/libarm920t.a(interrupts.o)
 .rodata        0x21f2eefc      0x16c cpu/arm920t/at91rm9200/libat91rm9200.a(mmc.o)
 .rodata        0x21f2f068       0xa4 lib_arm/libarm.a(board.o)
                0x21f2f068                version_string
 .rodata        0x21f2f10c      0x18c fs/fat/libfat.a(fat.o)
 .rodata        0x21f2f298      0x1d4 net/libnet.a(net.o)
 .rodata        0x21f2f46c      0x1d4 net/libnet.a(tftp.o)
 .rodata        0x21f2f640      0x14c net/libnet.a(bootp.o)
 .rodata        0x21f2f78c       0x4c net/libnet.a(rarp.o)
 .rodata        0x21f2f7d8      0x1b0 net/libnet.a(nfs.o)
 .rodata        0x21f2f988      0x19c disk/libdisk.a(part.o)
 .rodata        0x21f2fb24      0x10c disk/libdisk.a(part_dos.o)
 .rodata        0x21f2fc30      0x180 drivers/libdrivers.a(dataflash.o)
 .rodata        0x21f2fdb0      0x104 common/libcommon.a(main.o)
 .rodata        0x21f2feb4       0xbc common/libcommon.a(cmd_boot.o)
 .rodata        0x21f2ff70      0x654 common/libcommon.a(cmd_bootm.o)
 .rodata        0x21f305c4       0x70 common/libcommon.a(cmd_console.o)
 .rodata        0x21f30634      0x290 common/libcommon.a(cmd_fat.o)
 .rodata        0x21f308c4      0x378 common/libcommon.a(cmd_flash.o)
 .rodata        0x21f30c3c       0xb0 common/libcommon.a(cmd_itest.o)
 .rodata        0x21f30cec      0x1fc common/libcommon.a(cmd_load.o)
 .rodata        0x21f30ee8      0x4a8 common/libcommon.a(cmd_mem.o)
 .rodata        0x21f31390      0x650 common/libcommon.a(cmd_mii.o)
 .rodata        0x21f319e0       0x38 common/libcommon.a(cmd_mmc.o)
 .rodata        0x21f31a18      0x1ec common/libcommon.a(cmd_net.o)
 .rodata        0x21f31c04      0x2a8 common/libcommon.a(cmd_nvedit.o)
 .rodata        0x21f31eac       0xfc common/libcommon.a(command.o)
 .rodata        0x21f31fa8       0x7c common/libcommon.a(console.o)
 .rodata        0x21f32024       0x48 common/libcommon.a(devices.o)
 .rodata        0x21f3206c       0x34 common/libcommon.a(env_common.o)
 .rodata        0x21f320a0       0x3c common/libcommon.a(env_flash.o)
 .rodata        0x21f320dc      0x120 common/libcommon.a(flash.o)
 .rodata        0x21f321fc      0x190 common/libcommon.a(miiphyutil.o)
 .rodata        0x21f3238c       0xf8 common/libcommon.a(xyzModem.o)
 .rodata        0x21f32484      0x200 common/libcommon.a(crc16.o)
 .rodata        0x21f32684      0x400 lib_generic/libgeneric.a(crc32.o)
 .rodata        0x21f32a84       0x20 lib_generic/libgeneric.a(display_options.o)
 .rodata        0x21f32aa4       0x58 lib_generic/libgeneric.a(vsprintf.o)
 .rodata        0x21f32afc      0x214 lib_generic/libgeneric.a(zlib.o)
 .rodata        0x21f32d10       0x10 board/at91rm9200dk/libat91rm9200dk.a(at45.o)
 .rodata        0x21f32d20      0x184 board/at91rm9200dk/libat91rm9200dk.a(flash.o)
 .rodata        0x21f32ea4       0x5c cpu/arm920t/at91rm9200/libat91rm9200.a(ether.o)
 .rodata        0x21f32f00       0xc4 lib_arm/libarm.a(armlinux.o)
                0x21f32fc4                . = ALIGN (0x4)

.data           0x21f32fc4      0xc14
 *(.data)
 .data          0x21f32fc4       0x2c lib_arm/libarm.a(board.o)
                0x21f32fc4                init_sequence
 .data          0x21f32ff0        0x4 fs/fat/libfat.a(fat.o)
 .data          0x21f32ff4        0xa net/libnet.a(net.o)
                0x21f32ff4                NetBcastAddr
                0x21f32ffc                NetOurNativeVLAN
                0x21f32ffa                NetOurVLAN
 *fill*         0x21f32ffe        0x2 00
 .data          0x21f33000        0x4 net/libnet.a(nfs.o)
 .data          0x21f33004       0x40 drivers/libdrivers.a(dataflash.o)
                0x21f33004                cs
                0x21f33014                area_list
 .data          0x21f33044       0x10 common/libcommon.a(main.o)
 .data          0x21f33054        0x4 common/libcommon.a(cmd_bootm.o)
                0x21f33054                load_addr
 .data          0x21f33058       0x68 common/libcommon.a(cmd_itest.o)
                0x21f33058                op_table
 .data          0x21f330c0        0x4 common/libcommon.a(cmd_mem.o)
                0x21f330c0                dp_last_length
 .data          0x21f330c4      0x2e8 common/libcommon.a(cmd_mii.o)
                0x21f33238                reg_3_desc_tbl
                0x21f330f4                reg_0_desc_tbl
                0x21f3325c                reg_4_desc_tbl
                0x21f3337c                desc_and_len_tbl
                0x21f330c4                reg_0_5_desc_tbl
                0x21f332ec                reg_5_desc_tbl
                0x21f3316c                reg_1_desc_tbl
                0x21f3322c                reg_2_desc_tbl
 .data          0x21f333ac        0xc common/libcommon.a(devices.o)
                0x21f333ac                stdio_names
 .data          0x21f333b8      0x414 common/libcommon.a(dlmalloc.o)
 .data          0x21f337cc       0x24 common/libcommon.a(env_common.o)
                0x21f337cc                env_get_char
                0x21f337d0                default_environment
 .data          0x21f337f0        0xc common/libcommon.a(env_flash.o)
                0x21f337f0                env_name_spec
                0x21f337f4                env_ptr
 .data          0x21f337fc      0x2a0 lib_generic/libgeneric.a(zlib.o)
                0x21f33a78                zlib_version
                0x21f33a7c                z_errmsg
 .data          0x21f33a9c      0x100 lib_generic/libgeneric.a(ctype.o)
                0x21f33a9c                _ctype
 .data          0x21f33b9c       0x38 board/at91rm9200dk/libat91rm9200dk.a(flash.o)
                0x21f33bc4                OrgAT49BV6416
                0x21f33b9c                OrgAT49BV16x4
                0x21f33bb4                OrgAT49BV16x4A
 .data          0x21f33bd4        0x4 cpu/arm920t/at91rm9200/libat91rm9200.a(serial.o)
                0x21f33bd4                us
                0x21f33bd8                . = ALIGN (0x4)

.got
 *(.got)
                0x21f33bd8                . = .
                0x21f33bd8                __u_boot_cmd_start = .

.u_boot_cmd     0x21f33bd8      0x334
 *(.u_boot_cmd)
 .u_boot_cmd    0x21f33bd8       0x28 common/libcommon.a(cmd_boot.o)
                0x21f33bec                __u_boot_cmd_reset
                0x21f33bd8                __u_boot_cmd_go
 .u_boot_cmd    0x21f33c00       0x50 common/libcommon.a(cmd_bootm.o)
                0x21f33c00                __u_boot_cmd_bootm
                0x21f33c28                __u_boot_cmd_bootd
                0x21f33c14                __u_boot_cmd_boot
                0x21f33c3c                __u_boot_cmd_imls
 .u_boot_cmd    0x21f33c50       0x14 common/libcommon.a(cmd_console.o)
                0x21f33c50                __u_boot_cmd_coninfo
 .u_boot_cmd    0x21f33c64       0x3c common/libcommon.a(cmd_fat.o)
                0x21f33c8c                __u_boot_cmd_fatinfo
                0x21f33c64                __u_boot_cmd_fatload
                0x21f33c78                __u_boot_cmd_fatls
 .u_boot_cmd    0x21f33ca0       0x3c common/libcommon.a(cmd_flash.o)
                0x21f33ca0                __u_boot_cmd_flinfo
                0x21f33cb4                __u_boot_cmd_erase
                0x21f33cc8                __u_boot_cmd_protect
 .u_boot_cmd    0x21f33cdc       0x14 common/libcommon.a(cmd_itest.o)
                0x21f33cdc                __u_boot_cmd_itest
 .u_boot_cmd    0x21f33cf0       0x28 common/libcommon.a(cmd_load.o)
                0x21f33d04                __u_boot_cmd_loady
                0x21f33cf0                __u_boot_cmd_loadb
 .u_boot_cmd    0x21f33d18       0xc8 common/libcommon.a(cmd_mem.o)
                0x21f33d18                __u_boot_cmd_md
                0x21f33d7c                __u_boot_cmd_cmp
                0x21f33d54                __u_boot_cmd_mw
                0x21f33db8                __u_boot_cmd_loop
                0x21f33da4                __u_boot_cmd_base
                0x21f33d2c                __u_boot_cmd_mm
                0x21f33d90                __u_boot_cmd_crc32
                0x21f33d40                __u_boot_cmd_nm
                0x21f33dcc                __u_boot_cmd_mtest
                0x21f33d68                __u_boot_cmd_cp
 .u_boot_cmd    0x21f33de0       0x14 common/libcommon.a(cmd_mii.o)
                0x21f33de0                __u_boot_cmd_mii
 .u_boot_cmd    0x21f33df4       0x14 common/libcommon.a(cmd_mmc.o)
                0x21f33df4                __u_boot_cmd_mmcinit
 .u_boot_cmd    0x21f33e08       0x64 common/libcommon.a(cmd_net.o)
                0x21f33e58                __u_boot_cmd_nfs
                0x21f33e30                __u_boot_cmd_rarpboot
                0x21f33e1c                __u_boot_cmd_tftpboot
                0x21f33e08                __u_boot_cmd_bootp
                0x21f33e44                __u_boot_cmd_dhcp
 .u_boot_cmd    0x21f33e6c       0x50 common/libcommon.a(cmd_nvedit.o)
                0x21f33ea8                __u_boot_cmd_run
                0x21f33e94                __u_boot_cmd_saveenv
                0x21f33e6c                __u_boot_cmd_printenv
                0x21f33e80                __u_boot_cmd_setenv
 .u_boot_cmd    0x21f33ebc       0x50 common/libcommon.a(command.o)
                0x21f33ed0                __u_boot_cmd_echo
                0x21f33ef8                __u_boot_cmd_question_mark
                0x21f33ebc                __u_boot_cmd_version
                0x21f33ee4                __u_boot_cmd_help
                0x21f33f0c                __u_boot_cmd_end = .
                0x21f33f0c                . = ALIGN (0x4)
                0x21f33f0c                __bss_start = .

.bss            0x21f34000    0x4d404
 *(.bss)
 .bss           0x21f34000        0xc cpu/arm920t/at91rm9200/libat91rm9200.a(interrupts.o)
                0x21f34000                tmr
 .bss           0x21f3400c      0x28c cpu/arm920t/at91rm9200/libat91rm9200.a(mmc.o)
                0x21f3400c                MCI_Device_Features
                0x21f34028                MCI_Device_Desc
                0x21f3402c                MCI_Device
 .bss           0x21f34298       0x10 lib_arm/libarm.a(board.o)
                0x21f34298                monitor_flash_len
 .bss           0x21f342a8    0x30008 fs/fat/libfat.a(fat.o)
                0x21f342a8                get_vfatname_block
                0x21f442a8                get_dentfromdir_block
                0x21f542a8                do_fat_read_block
 .bss           0x21f642b0     0x25c0 net/libnet.a(net.o)
                0x21f6685c                NetArpWaitTry
                0x21f6622c                NetArpWaitPacketMAC
                0x21f64354                NetOurEther
                0x21f6435c                NetOurIP
                0x21f64360                NetServerIP
                0x21f66234                NetArpWaitTxPacketSize
                0x21f66228                NetArpWaitReplyIP
                0x21f64364                NetRxPackets
                0x21f66230                NetArpWaitTxPacket
                0x21f642bc                NetOurNISDomain
                0x21f66224                NetArpWaitPacketIP
                0x21f64380                NetState
                0x21f64384                BootFile
                0x21f6433e                NetServerEther
                0x21f642b0                NetOurSubnetMask
                0x21f6433c                NetBootFileSize
                0x21f6437c                NetIPID
                0x21f642dc                NetOurHostName
                0x21f64374                NetRxPkt
                0x21f642b4                NetOurGatewayIP
                0x21f64344                NetEtherNullAddr
                0x21f66238                NetArpWaitPacketBuf
                0x21f64378                NetRxPktLen
                0x21f6434c                NetTxPacket
                0x21f64350                NetBootFileXferSize
                0x21f642b8                NetOurDNSIP
                0x21f64404                PktBuf
                0x21f642fc                NetOurRootPath
                0x21f66858                NetArpWaitTimerStart
 .bss           0x21f66870       0x34 net/libnet.a(tftp.o)
 .bss           0x21f668a4       0x14 net/libnet.a(bootp.o)
                0x21f668ac                NetDHCPServerIP
                0x21f668a4                dhcp_state
                0x21f668b4                BootpTry
                0x21f668b0                BootpID
                0x21f668a8                dhcp_leasetime
 .bss           0x21f668b8        0x4 net/libnet.a(rarp.o)
                0x21f668b8                RarpTry
 .bss           0x21f668bc      0x8b0 net/libnet.a(nfs.o)
 .bss           0x21f6716c       0xf8 drivers/libdrivers.a(dataflash.o)
                0x21f6716c                dataflash_info
 .bss           0x21f67264      0x200 common/libcommon.a(main.o)
                0x21f67264                console_buffer
 .bss           0x21f67464       0x40 common/libcommon.a(cmd_bootm.o)
                0x21f67464                header
 .bss           0x21f674a4       0x88 common/libcommon.a(cmd_load.o)
                0x21f674d0                his_pad_char
                0x21f674a4                os_data_count
                0x21f674d4                os_data_init
                0x21f674f0                send_ptr
                0x21f674a8                os_data_header
                0x21f674d8                os_data_char
                0x21f674c8                his_eol
                0x21f674d1                his_quote
                0x21f674dc                send_parms
                0x21f674cc                his_pad_count
 .bss           0x21f6752c       0x14 common/libcommon.a(cmd_mem.o)
                0x21f67530                dp_last_size
                0x21f6752c                dp_last_addr
                0x21f67538                mm_last_size
                0x21f67534                mm_last_addr
 .bss           0x21f67540       0x18 common/libcommon.a(cmd_mii.o)
                0x21f67554                last_reg_hi
                0x21f67544                last_data
                0x21f6754c                last_addr_hi
                0x21f67550                last_reg_lo
                0x21f67540                last_op
                0x21f67548                last_addr_lo
 .bss           0x21f67558        0x8 common/libcommon.a(console.o)
 .bss           0x21f67560       0x10 common/libcommon.a(devices.o)
                0x21f67560                devlist
                0x21f67564                stdio_devices
 .bss           0x21f67570       0x3c common/libcommon.a(dlmalloc.o)
 .bss           0x21f675ac        0xc common/libcommon.a(miiphyutil.o)
 .bss           0x21f675b8      0x43c common/libcommon.a(xyzModem.o)
 .bss           0x21f679f4        0x4 lib_generic/libgeneric.a(string.o)
                0x21f679f4                ___strtok
 .bss           0x21f679f8     0x10a8 lib_generic/libgeneric.a(zlib.o)
 .bss           0x21f68aa0      0x50c board/at91rm9200dk/libat91rm9200dk.a(flash.o)
                0x21f68aa0                flash_info
 *fill*         0x21f68fac       0x54 00
 .bss           0x21f69000    0x18400 cpu/arm920t/at91rm9200/libat91rm9200.a(ether.o)
                0x21f69200                rbfp
                0x21f69000                rbfdt
                0x21f81204                PhyOps
                0x21f69204                rbf_framebuf
                0x21f81214                p_mac
 .bss           0x21f81400        0x4 lib_arm/libarm.a(armlinux.o)
                0x21f81404                _end = .
Address of section .text set to 0x21f00000
LOAD cpu/arm920t/start.o
START GROUP
LOAD lib_generic/libgeneric.a
LOAD board/at91rm9200dk/libat91rm9200dk.a
LOAD cpu/arm920t/libarm920t.a
LOAD cpu/arm920t/at91rm9200/libat91rm9200.a
LOAD lib_arm/libarm.a
LOAD fs/cramfs/libcramfs.a
LOAD fs/fat/libfat.a
LOAD fs/fdos/libfdos.a
LOAD fs/jffs2/libjffs2.a
LOAD fs/reiserfs/libreiserfs.a
LOAD fs/ext2/libext2fs.a
LOAD net/libnet.a
LOAD disk/libdisk.a
LOAD rtc/librtc.a
LOAD dtt/libdtt.a
LOAD drivers/libdrivers.a
LOAD drivers/nand/libnand.a
LOAD drivers/nand_legacy/libnand_legacy.a
LOAD drivers/sk98lin/libsk98lin.a
LOAD post/libpost.a
LOAD post/cpu/libcpu.a
LOAD common/libcommon.a
END GROUP
LOAD /home/guitar/ELDK/usr/bin/../lib/gcc/arm-linux/4.0.0/libgcc.a
OUTPUT(u-boot elf32-littlearm)

.debug_line     0x00000000     0xd3ac
 .debug_line    0x00000000       0x86 cpu/arm920t/start.o
 .debug_line    0x00000086      0x364 cpu/arm920t/libarm920t.a(interrupts.o)
 .debug_line    0x000003ea      0x376 cpu/arm920t/at91rm9200/libat91rm9200.a(interrupts.o)
 .debug_line    0x00000760      0x93a cpu/arm920t/at91rm9200/libat91rm9200.a(mmc.o)
 .debug_line    0x0000109a       0x5c lib_arm/libarm.a(_udivsi3.o)
 .debug_line    0x000010f6       0x63 lib_arm/libarm.a(_umodsi3.o)
 .debug_line    0x00001159      0x40c lib_arm/libarm.a(board.o)
 .debug_line    0x00001565       0x35 lib_arm/libarm.a(div0.o)
 .debug_line    0x0000159a      0x5b9 fs/fat/libfat.a(fat.o)
 .debug_line    0x00001b53      0x5b1 net/libnet.a(net.o)
 .debug_line    0x00002104      0x429 net/libnet.a(tftp.o)
 .debug_line    0x0000252d      0x4ca net/libnet.a(bootp.o)
 .debug_line    0x000029f7      0x3ae net/libnet.a(rarp.o)
 .debug_line    0x00002da5      0x367 net/libnet.a(eth.o)
 .debug_line    0x0000310c      0x4f7 net/libnet.a(nfs.o)
 .debug_line    0x00003603      0x330 disk/libdisk.a(part.o)
 .debug_line    0x00003933      0x371 disk/libdisk.a(part_dos.o)
 .debug_line    0x00003ca4      0x44e drivers/libdrivers.a(dataflash.o)
 .debug_line    0x000040f2      0x427 common/libcommon.a(main.o)
 .debug_line    0x00004519      0x368 common/libcommon.a(cmd_boot.o)
 .debug_line    0x00004881      0x562 common/libcommon.a(cmd_bootm.o)
 .debug_line    0x00004de3      0x306 common/libcommon.a(cmd_console.o)
 .debug_line    0x000050e9      0x3e3 common/libcommon.a(cmd_fat.o)
 .debug_line    0x000054cc      0x4d7 common/libcommon.a(cmd_flash.o)
 .debug_line    0x000059a3      0x328 common/libcommon.a(cmd_itest.o)
 .debug_line    0x00005ccb      0x4fd common/libcommon.a(cmd_load.o)
 .debug_line    0x000061c8      0x513 common/libcommon.a(cmd_mem.o)
 .debug_line    0x000066db      0x425 common/libcommon.a(cmd_mii.o)
 .debug_line    0x00006b00      0x326 common/libcommon.a(cmd_mmc.o)
 .debug_line    0x00006e26      0x3ab common/libcommon.a(cmd_net.o)
 .debug_line    0x000071d1      0x49d common/libcommon.a(cmd_nvedit.o)
 .debug_line    0x0000766e      0x34c common/libcommon.a(command.o)
 .debug_line    0x000079ba      0x3c7 common/libcommon.a(console.o)
 .debug_line    0x00007d81      0x31e common/libcommon.a(devices.o)
 .debug_line    0x0000809f      0x4b7 common/libcommon.a(dlmalloc.o)
 .debug_line    0x00008556      0x31d common/libcommon.a(env_common.o)
 .debug_line    0x00008873      0x323 common/libcommon.a(env_flash.o)
 .debug_line    0x00008b96      0x2f7 common/libcommon.a(exports.o)
 .debug_line    0x00008e8d      0x332 common/libcommon.a(flash.o)
 .debug_line    0x000091bf      0x378 common/libcommon.a(lists.o)
 .debug_line    0x00009537      0x44e common/libcommon.a(miiphyutil.o)
 .debug_line    0x00009985      0x440 common/libcommon.a(xyzModem.o)
 .debug_line    0x00009dc5      0x12d common/libcommon.a(crc16.o)
 .debug_line    0x00009ef2      0x2e1 lib_generic/libgeneric.a(crc32.o)
 .debug_line    0x0000a1d3      0x2e7 lib_generic/libgeneric.a(display_options.o)
 .debug_line    0x0000a4ba      0x259 lib_generic/libgeneric.a(string.o)
 .debug_line    0x0000a713      0x3d5 lib_generic/libgeneric.a(vsprintf.o)
 .debug_line    0x0000aae8      0x58b lib_generic/libgeneric.a(zlib.o)
 .debug_line    0x0000b073       0x65 lib_generic/libgeneric.a(ctype.o)
 .debug_line    0x0000b0d8      0x3ef board/at91rm9200dk/libat91rm9200dk.a(at91rm9200dk.o)
 .debug_line    0x0000b4c7      0x46e board/at91rm9200dk/libat91rm9200dk.a(at45.o)
 .debug_line    0x0000b935      0x3d5 board/at91rm9200dk/libat91rm9200dk.a(flash.o)
 .debug_line    0x0000bd0a      0x31f cpu/arm920t/libarm920t.a(cpu.o)
 .debug_line    0x0000c029      0x437 cpu/arm920t/at91rm9200/libat91rm9200.a(dm9161.o)
 .debug_line    0x0000c460      0x446 cpu/arm920t/at91rm9200/libat91rm9200.a(ether.o)
 .debug_line    0x0000c8a6      0x3da cpu/arm920t/at91rm9200/libat91rm9200.a(serial.o)
 .debug_line    0x0000cc80      0x463 lib_arm/libarm.a(armlinux.o)
 .debug_line    0x0000d0e3      0x2c9 lib_arm/libarm.a(cache.o)

.debug_info     0x00000000    0x20f05
 .debug_info    0x00000000       0x63 cpu/arm920t/start.o
 .debug_info    0x00000063      0x3bb cpu/arm920t/libarm920t.a(interrupts.o)
 .debug_info    0x0000041e      0x9ef cpu/arm920t/at91rm9200/libat91rm9200.a(interrupts.o)
 .debug_info    0x00000e0d     0x63b4 cpu/arm920t/at91rm9200/libat91rm9200.a(mmc.o)
 .debug_info    0x000071c1       0x62 lib_arm/libarm.a(_udivsi3.o)
 .debug_info    0x00007223       0x62 lib_arm/libarm.a(_umodsi3.o)
 .debug_info    0x00007285      0x6de lib_arm/libarm.a(board.o)
 .debug_info    0x00007963       0x8c lib_arm/libarm.a(div0.o)
 .debug_info    0x000079ef     0x1571 fs/fat/libfat.a(fat.o)
 .debug_info    0x00008f60     0x1680 net/libnet.a(net.o)
 .debug_info    0x0000a5e0      0x594 net/libnet.a(tftp.o)
 .debug_info    0x0000ab74      0xb4a net/libnet.a(bootp.o)
 .debug_info    0x0000b6be      0x399 net/libnet.a(rarp.o)
 .debug_info    0x0000ba57      0x274 net/libnet.a(eth.o)
 .debug_info    0x0000bccb      0xe14 net/libnet.a(nfs.o)
 .debug_info    0x0000cadf      0x4fa disk/libdisk.a(part.o)
 .debug_info    0x0000cfd9      0x79d disk/libdisk.a(part_dos.o)
 .debug_info    0x0000d776      0x922 drivers/libdrivers.a(dataflash.o)
 .debug_info    0x0000e098      0x721 common/libcommon.a(main.o)
 .debug_info    0x0000e7b9      0x2ad common/libcommon.a(cmd_boot.o)
 .debug_info    0x0000ea66     0x101d common/libcommon.a(cmd_bootm.o)
 .debug_info    0x0000fa83      0x4c2 common/libcommon.a(cmd_console.o)
 .debug_info    0x0000ff45      0x649 common/libcommon.a(cmd_fat.o)
 .debug_info    0x0001058e      0x9b7 common/libcommon.a(cmd_flash.o)
 .debug_info    0x00010f45      0x505 common/libcommon.a(cmd_itest.o)
 .debug_info    0x0001144a      0xd18 common/libcommon.a(cmd_load.o)
 .debug_info    0x00012162      0xd3d common/libcommon.a(cmd_mem.o)
 .debug_info    0x00012e9f      0x930 common/libcommon.a(cmd_mii.o)
 .debug_info    0x000137cf      0x258 common/libcommon.a(cmd_mmc.o)
 .debug_info    0x00013a27      0x6d8 common/libcommon.a(cmd_net.o)
 .debug_info    0x000140ff      0xa4e common/libcommon.a(cmd_nvedit.o)
 .debug_info    0x00014b4d      0x560 common/libcommon.a(command.o)
 .debug_info    0x000150ad      0xac7 common/libcommon.a(console.o)
 .debug_info    0x00015b74      0x61c common/libcommon.a(devices.o)
 .debug_info    0x00016190      0xe95 common/libcommon.a(dlmalloc.o)
 .debug_info    0x00017025      0x4ee common/libcommon.a(env_common.o)
 .debug_info    0x00017513      0x50e common/libcommon.a(env_flash.o)
 .debug_info    0x00017a21      0x38b common/libcommon.a(exports.o)
 .debug_info    0x00017dac      0x42c common/libcommon.a(flash.o)
 .debug_info    0x000181d8      0x70c common/libcommon.a(lists.o)
 .debug_info    0x000188e4      0x743 common/libcommon.a(miiphyutil.o)
 .debug_info    0x00019027      0x815 common/libcommon.a(xyzModem.o)
 .debug_info    0x0001983c      0x1cb common/libcommon.a(crc16.o)
 .debug_info    0x00019a07      0x1e6 lib_generic/libgeneric.a(crc32.o)
 .debug_info    0x00019bed      0x1f9 lib_generic/libgeneric.a(display_options.o)
 .debug_info    0x00019de6      0x9a8 lib_generic/libgeneric.a(string.o)
 .debug_info    0x0001a78e      0x56a lib_generic/libgeneric.a(vsprintf.o)
 .debug_info    0x0001acf8     0x187e lib_generic/libgeneric.a(zlib.o)
 .debug_info    0x0001c576       0xc1 lib_generic/libgeneric.a(ctype.o)
 .debug_info    0x0001c637      0x879 board/at91rm9200dk/libat91rm9200dk.a(at91rm9200dk.o)
 .debug_info    0x0001ceb0      0xaf9 board/at91rm9200dk/libat91rm9200dk.a(at45.o)
 .debug_info    0x0001d9a9      0x798 board/at91rm9200dk/libat91rm9200dk.a(flash.o)
 .debug_info    0x0001e141      0x670 cpu/arm920t/libarm920t.a(cpu.o)
 .debug_info    0x0001e7b1      0x6ba cpu/arm920t/at91rm9200/libat91rm9200.a(dm9161.o)
 .debug_info    0x0001ee6b      0xb46 cpu/arm920t/at91rm9200/libat91rm9200.a(ether.o)
 .debug_info    0x0001f9b1      0x676 cpu/arm920t/at91rm9200/libat91rm9200.a(serial.o)
 .debug_info    0x00020027      0xd7d lib_arm/libarm.a(armlinux.o)
 .debug_info    0x00020da4      0x161 lib_arm/libarm.a(cache.o)

.debug_abbrev   0x00000000     0x4606
 .debug_abbrev  0x00000000       0x14 cpu/arm920t/start.o
 .debug_abbrev  0x00000014       0xf3 cpu/arm920t/libarm920t.a(interrupts.o)
 .debug_abbrev  0x00000107      0x12b cpu/arm920t/at91rm9200/libat91rm9200.a(interrupts.o)
 .debug_abbrev  0x00000232      0x238 cpu/arm920t/at91rm9200/libat91rm9200.a(mmc.o)
 .debug_abbrev  0x0000046a       0x14 lib_arm/libarm.a(_udivsi3.o)
 .debug_abbrev  0x0000047e       0x14 lib_arm/libarm.a(_umodsi3.o)
 .debug_abbrev  0x00000492      0x195 lib_arm/libarm.a(board.o)
 .debug_abbrev  0x00000627       0x2b lib_arm/libarm.a(div0.o)
 .debug_abbrev  0x00000652      0x1f2 fs/fat/libfat.a(fat.o)
 .debug_abbrev  0x00000844      0x234 net/libnet.a(net.o)
 .debug_abbrev  0x00000a78      0x109 net/libnet.a(tftp.o)
 .debug_abbrev  0x00000b81      0x1be net/libnet.a(bootp.o)
 .debug_abbrev  0x00000d3f      0x114 net/libnet.a(rarp.o)
 .debug_abbrev  0x00000e53       0xae net/libnet.a(eth.o)
 .debug_abbrev  0x00000f01      0x1e6 net/libnet.a(nfs.o)
 .debug_abbrev  0x000010e7      0x11b disk/libdisk.a(part.o)
 .debug_abbrev  0x00001202      0x154 disk/libdisk.a(part_dos.o)
 .debug_abbrev  0x00001356      0x180 drivers/libdrivers.a(dataflash.o)
 .debug_abbrev  0x000014d6      0x172 common/libcommon.a(main.o)
 .debug_abbrev  0x00001648       0xba common/libcommon.a(cmd_boot.o)
 .debug_abbrev  0x00001702      0x22e common/libcommon.a(cmd_bootm.o)
 .debug_abbrev  0x00001930      0x118 common/libcommon.a(cmd_console.o)
 .debug_abbrev  0x00001a48       0xdb common/libcommon.a(cmd_fat.o)
 .debug_abbrev  0x00001b23      0x169 common/libcommon.a(cmd_flash.o)
 .debug_abbrev  0x00001c8c       0xec common/libcommon.a(cmd_itest.o)
 .debug_abbrev  0x00001d78      0x1dd common/libcommon.a(cmd_load.o)
 .debug_abbrev  0x00001f55      0x198 common/libcommon.a(cmd_mem.o)
 .debug_abbrev  0x000020ed      0x16e common/libcommon.a(cmd_mii.o)
 .debug_abbrev  0x0000225b       0xab common/libcommon.a(cmd_mmc.o)
 .debug_abbrev  0x00002306      0x155 common/libcommon.a(cmd_net.o)
 .debug_abbrev  0x0000245b      0x1d6 common/libcommon.a(cmd_nvedit.o)
 .debug_abbrev  0x00002631      0x161 common/libcommon.a(command.o)
 .debug_abbrev  0x00002792      0x206 common/libcommon.a(console.o)
 .debug_abbrev  0x00002998      0x12a common/libcommon.a(devices.o)
 .debug_abbrev  0x00002ac2      0x16c common/libcommon.a(dlmalloc.o)
 .debug_abbrev  0x00002c2e      0x13c common/libcommon.a(env_common.o)
 .debug_abbrev  0x00002d6a      0x157 common/libcommon.a(env_flash.o)
 .debug_abbrev  0x00002ec1       0xe6 common/libcommon.a(exports.o)
 .debug_abbrev  0x00002fa7       0xe8 common/libcommon.a(flash.o)
 .debug_abbrev  0x0000308f      0x18c common/libcommon.a(lists.o)
 .debug_abbrev  0x0000321b      0x15d common/libcommon.a(miiphyutil.o)
 .debug_abbrev  0x00003378      0x16e common/libcommon.a(xyzModem.o)
 .debug_abbrev  0x000034e6       0x92 common/libcommon.a(crc16.o)
 .debug_abbrev  0x00003578       0x92 lib_generic/libgeneric.a(crc32.o)
 .debug_abbrev  0x0000360a       0xb4 lib_generic/libgeneric.a(display_options.o)
 .debug_abbrev  0x000036be      0x129 lib_generic/libgeneric.a(string.o)
 .debug_abbrev  0x000037e7      0x158 lib_generic/libgeneric.a(vsprintf.o)
 .debug_abbrev  0x0000393f      0x1a5 lib_generic/libgeneric.a(zlib.o)
 .debug_abbrev  0x00003ae4       0x44 lib_generic/libgeneric.a(ctype.o)
 .debug_abbrev  0x00003b28      0x11f board/at91rm9200dk/libat91rm9200dk.a(at91rm9200dk.o)
 .debug_abbrev  0x00003c47      0x182 board/at91rm9200dk/libat91rm9200dk.a(at45.o)
 .debug_abbrev  0x00003dc9      0x167 board/at91rm9200dk/libat91rm9200dk.a(flash.o)
 .debug_abbrev  0x00003f30      0x14a cpu/arm920t/libarm920t.a(cpu.o)
 .debug_abbrev  0x0000407a       0xe3 cpu/arm920t/at91rm9200/libat91rm9200.a(dm9161.o)
 .debug_abbrev  0x0000415d      0x196 cpu/arm920t/at91rm9200/libat91rm9200.a(ether.o)
 .debug_abbrev  0x000042f3      0x127 cpu/arm920t/at91rm9200/libat91rm9200.a(serial.o)
 .debug_abbrev  0x0000441a      0x19c lib_arm/libarm.a(armlinux.o)
 .debug_abbrev  0x000045b6       0x50 lib_arm/libarm.a(cache.o)

.debug_aranges  0x00000000      0x720
 .debug_aranges
                0x00000000       0x20 cpu/arm920t/start.o
 .debug_aranges
                0x00000020       0x20 cpu/arm920t/libarm920t.a(interrupts.o)
 .debug_aranges
                0x00000040       0x20 cpu/arm920t/at91rm9200/libat91rm9200.a(interrupts.o)
 .debug_aranges
                0x00000060       0x20 cpu/arm920t/at91rm9200/libat91rm9200.a(mmc.o)
 .debug_aranges
                0x00000080       0x20 lib_arm/libarm.a(_udivsi3.o)
 .debug_aranges
                0x000000a0       0x20 lib_arm/libarm.a(_umodsi3.o)
 .debug_aranges
                0x000000c0       0x20 lib_arm/libarm.a(board.o)
 .debug_aranges
                0x000000e0       0x20 lib_arm/libarm.a(div0.o)
 .debug_aranges
                0x00000100       0x20 fs/fat/libfat.a(fat.o)
 .debug_aranges
                0x00000120       0x20 net/libnet.a(net.o)
 .debug_aranges
                0x00000140       0x20 net/libnet.a(tftp.o)
 .debug_aranges
                0x00000160       0x20 net/libnet.a(bootp.o)
 .debug_aranges
                0x00000180       0x20 net/libnet.a(rarp.o)
 .debug_aranges
                0x000001a0       0x20 net/libnet.a(eth.o)
 .debug_aranges
                0x000001c0       0x20 net/libnet.a(nfs.o)
 .debug_aranges
                0x000001e0       0x20 disk/libdisk.a(part.o)
 .debug_aranges
                0x00000200       0x20 disk/libdisk.a(part_dos.o)
 .debug_aranges
                0x00000220       0x20 drivers/libdrivers.a(dataflash.o)
 .debug_aranges
                0x00000240       0x20 common/libcommon.a(main.o)
 .debug_aranges
                0x00000260       0x20 common/libcommon.a(cmd_boot.o)
 .debug_aranges
                0x00000280       0x20 common/libcommon.a(cmd_bootm.o)
 .debug_aranges
                0x000002a0       0x20 common/libcommon.a(cmd_console.o)
 .debug_aranges
                0x000002c0       0x20 common/libcommon.a(cmd_fat.o)
 .debug_aranges
                0x000002e0       0x20 common/libcommon.a(cmd_flash.o)
 .debug_aranges
                0x00000300       0x20 common/libcommon.a(cmd_itest.o)
 .debug_aranges
                0x00000320       0x20 common/libcommon.a(cmd_load.o)
 .debug_aranges
                0x00000340       0x20 common/libcommon.a(cmd_mem.o)
 .debug_aranges
                0x00000360       0x20 common/libcommon.a(cmd_mii.o)
 .debug_aranges
                0x00000380       0x20 common/libcommon.a(cmd_mmc.o)
 .debug_aranges
                0x000003a0       0x20 common/libcommon.a(cmd_net.o)
 .debug_aranges
                0x000003c0       0x20 common/libcommon.a(cmd_nvedit.o)
 .debug_aranges
                0x000003e0       0x20 common/libcommon.a(command.o)
 .debug_aranges
                0x00000400       0x20 common/libcommon.a(console.o)
 .debug_aranges
                0x00000420       0x20 common/libcommon.a(devices.o)
 .debug_aranges
                0x00000440       0x20 common/libcommon.a(dlmalloc.o)
 .debug_aranges
                0x00000460       0x20 common/libcommon.a(env_common.o)
 .debug_aranges
                0x00000480       0x20 common/libcommon.a(env_flash.o)
 .debug_aranges
                0x000004a0       0x20 common/libcommon.a(exports.o)
 .debug_aranges
                0x000004c0       0x20 common/libcommon.a(flash.o)
 .debug_aranges
                0x000004e0       0x20 common/libcommon.a(lists.o)
 .debug_aranges
                0x00000500       0x20 common/libcommon.a(miiphyutil.o)
 .debug_aranges
                0x00000520       0x20 common/libcommon.a(xyzModem.o)
 .debug_aranges
                0x00000540       0x20 common/libcommon.a(crc16.o)
 .debug_aranges
                0x00000560       0x20 lib_generic/libgeneric.a(crc32.o)
 .debug_aranges
                0x00000580       0x20 lib_generic/libgeneric.a(display_options.o)
 .debug_aranges
                0x000005a0       0x20 lib_generic/libgeneric.a(string.o)
 .debug_aranges
                0x000005c0       0x20 lib_generic/libgeneric.a(vsprintf.o)
 .debug_aranges
                0x000005e0       0x20 lib_generic/libgeneric.a(zlib.o)
 .debug_aranges
                0x00000600       0x20 board/at91rm9200dk/libat91rm9200dk.a(at91rm9200dk.o)
 .debug_aranges
                0x00000620       0x20 board/at91rm9200dk/libat91rm9200dk.a(at45.o)
 .debug_aranges
                0x00000640       0x20 board/at91rm9200dk/libat91rm9200dk.a(flash.o)
 .debug_aranges
                0x00000660       0x20 cpu/arm920t/libarm920t.a(cpu.o)
 .debug_aranges
                0x00000680       0x20 cpu/arm920t/at91rm9200/libat91rm9200.a(dm9161.o)
 .debug_aranges
                0x000006a0       0x20 cpu/arm920t/at91rm9200/libat91rm9200.a(ether.o)
 .debug_aranges
                0x000006c0       0x20 cpu/arm920t/at91rm9200/libat91rm9200.a(serial.o)
 .debug_aranges
                0x000006e0       0x20 lib_arm/libarm.a(armlinux.o)
 .debug_aranges
                0x00000700       0x20 lib_arm/libarm.a(cache.o)

.debug_macinfo  0x00000000   0x36772f
 .debug_macinfo
                0x00000000     0xee94 cpu/arm920t/libarm920t.a(interrupts.o)
 .debug_macinfo
                0x0000ee94    0x13b70 cpu/arm920t/at91rm9200/libat91rm9200.a(interrupts.o)
 .debug_macinfo
                0x00022a04    0x25462 cpu/arm920t/at91rm9200/libat91rm9200.a(mmc.o)
 .debug_macinfo
                0x00047e66    0x10da7 lib_arm/libarm.a(board.o)
 .debug_macinfo
                0x00058c0d      0x7f4 lib_arm/libarm.a(div0.o)
 .debug_macinfo
                0x00059401    0x1069f fs/fat/libfat.a(fat.o)
 .debug_macinfo
                0x00069aa0    0x10937 net/libnet.a(net.o)
 .debug_macinfo
                0x0007a3d7    0x108b9 net/libnet.a(tftp.o)
 .debug_macinfo
                0x0008ac90    0x1096c net/libnet.a(bootp.o)
 .debug_macinfo
                0x0009b5fc    0x10905 net/libnet.a(rarp.o)
 .debug_macinfo
                0x000abf01    0x10c2e net/libnet.a(eth.o)
 .debug_macinfo
                0x000bcb2f    0x10f9e net/libnet.a(nfs.o)
 .debug_macinfo
                0x000cdacd     0xefa5 disk/libdisk.a(part.o)
 .debug_macinfo
                0x000dca72     0xf043 disk/libdisk.a(part_dos.o)
 .debug_macinfo
                0x000ebab5    0x13ec0 drivers/libdrivers.a(dataflash.o)
 .debug_macinfo
                0x000ff975     0xf055 common/libcommon.a(main.o)
 .debug_macinfo
                0x0010e9ca    0x105f6 common/libcommon.a(cmd_boot.o)
 .debug_macinfo
                0x0011efc0    0x15eb6 common/libcommon.a(cmd_bootm.o)
 .debug_macinfo
                0x00134e76     0xf0c0 common/libcommon.a(cmd_console.o)
 .debug_macinfo
                0x00143f36    0x11322 common/libcommon.a(cmd_fat.o)
 .debug_macinfo
                0x00155258    0x14005 common/libcommon.a(cmd_flash.o)
 .debug_macinfo
                0x0016925d     0xefe4 common/libcommon.a(cmd_itest.o)
 .debug_macinfo
                0x00178241    0x10a7c common/libcommon.a(cmd_load.o)
 .debug_macinfo
                0x00188cbd    0x13fe7 common/libcommon.a(cmd_mem.o)
 .debug_macinfo
                0x0019cca4    0x10da8 common/libcommon.a(cmd_mii.o)
 .debug_macinfo
                0x001ada4c     0xef94 common/libcommon.a(cmd_mmc.o)
 .debug_macinfo
                0x001bc9e0    0x105f6 common/libcommon.a(cmd_net.o)
 .debug_macinfo
                0x001ccfd6    0x10779 common/libcommon.a(cmd_nvedit.o)
 .debug_macinfo
                0x001dd74f     0xef81 common/libcommon.a(command.o)
 .debug_macinfo
                0x001ec6d0     0xf63f common/libcommon.a(console.o)
 .debug_macinfo
                0x001fbd0f     0xf60d common/libcommon.a(devices.o)
 .debug_macinfo
                0x0020b31c    0x1030a common/libcommon.a(dlmalloc.o)
 .debug_macinfo
                0x0021b626     0xf6c6 common/libcommon.a(env_common.o)
 .debug_macinfo
                0x0022acec     0xf670 common/libcommon.a(env_flash.o)
 .debug_macinfo
                0x0023a35c     0xeecd common/libcommon.a(exports.o)
 .debug_macinfo
                0x00249229     0xee7b common/libcommon.a(flash.o)
 .debug_macinfo
                0x002580a4     0xf6b7 common/libcommon.a(lists.o)
 .debug_macinfo
                0x0026775b    0x11714 common/libcommon.a(miiphyutil.o)
 .debug_macinfo
                0x00278e6f     0xf1a2 common/libcommon.a(xyzModem.o)
 .debug_macinfo
                0x00288011      0xbeb common/libcommon.a(crc16.o)
 .debug_macinfo
                0x00288bfc     0xf149 lib_generic/libgeneric.a(crc32.o)
 .debug_macinfo
                0x00297d45     0xee7b lib_generic/libgeneric.a(display_options.o)
 .debug_macinfo
                0x002a6bc0     0x1592 lib_generic/libgeneric.a(string.o)
 .debug_macinfo
                0x002a8152     0xf378 lib_generic/libgeneric.a(vsprintf.o)
 .debug_macinfo
                0x002b74ca     0x16d1 lib_generic/libgeneric.a(zlib.o)
 .debug_macinfo
                0x002b8b9b      0xae2 lib_generic/libgeneric.a(ctype.o)
 .debug_macinfo
                0x002b967d    0x1605b board/at91rm9200dk/libat91rm9200dk.a(at91rm9200dk.o)
 .debug_macinfo
                0x002cf6d8    0x13f79 board/at91rm9200dk/libat91rm9200dk.a(at45.o)
 .debug_macinfo
                0x002e3651     0xf093 board/at91rm9200dk/libat91rm9200dk.a(flash.o)
 .debug_macinfo
                0x002f26e4     0xf032 cpu/arm920t/libarm920t.a(cpu.o)
 .debug_macinfo
                0x00301716    0x16324 cpu/arm920t/at91rm9200/libat91rm9200.a(dm9161.o)
 .debug_macinfo
                0x00317a3a    0x161e0 cpu/arm920t/at91rm9200/libat91rm9200.a(ether.o)
 .debug_macinfo
                0x0032dc1a    0x15721 cpu/arm920t/at91rm9200/libat91rm9200.a(serial.o)
 .debug_macinfo
                0x0034333b    0x15579 lib_arm/libarm.a(armlinux.o)
 .debug_macinfo
                0x003588b4     0xee7b lib_arm/libarm.a(cache.o)

.debug_frame    0x00000000     0x5e50
 .debug_frame   0x00000000      0x170 cpu/arm920t/libarm920t.a(interrupts.o)
 .debug_frame   0x00000170      0x190 cpu/arm920t/at91rm9200/libat91rm9200.a(interrupts.o)
 .debug_frame   0x00000300     0x1ef0 cpu/arm920t/at91rm9200/libat91rm9200.a(mmc.o)
 .debug_frame   0x000021f0      0x110 lib_arm/libarm.a(board.o)
 .debug_frame   0x00002300       0x30 lib_arm/libarm.a(div0.o)
 .debug_frame   0x00002330      0x250 fs/fat/libfat.a(fat.o)
 .debug_frame   0x00002580      0x3d8 net/libnet.a(net.o)
 .debug_frame   0x00002958       0xd0 net/libnet.a(tftp.o)
 .debug_frame   0x00002a28      0x230 net/libnet.a(bootp.o)
 .debug_frame   0x00002c58       0x90 net/libnet.a(rarp.o)
 .debug_frame   0x00002ce8       0x30 net/libnet.a(eth.o)
 .debug_frame   0x00002d18      0x2d0 net/libnet.a(nfs.o)
 .debug_frame   0x00002fe8       0xb0 disk/libdisk.a(part.o)
 .debug_frame   0x00003098      0x130 disk/libdisk.a(part_dos.o)
 .debug_frame   0x000031c8      0x150 drivers/libdrivers.a(dataflash.o)
 .debug_frame   0x00003318      0x110 common/libcommon.a(main.o)
 .debug_frame   0x00003428       0x30 common/libcommon.a(cmd_boot.o)
 .debug_frame   0x00003458      0x170 common/libcommon.a(cmd_bootm.o)
 .debug_frame   0x000035c8       0x30 common/libcommon.a(cmd_console.o)
 .debug_frame   0x000035f8       0x90 common/libcommon.a(cmd_fat.o)
 .debug_frame   0x00003688      0x110 common/libcommon.a(cmd_flash.o)
 .debug_frame   0x00003798       0xd0 common/libcommon.a(cmd_itest.o)
 .debug_frame   0x00003868      0x2b0 common/libcommon.a(cmd_load.o)
 .debug_frame   0x00003b18      0x190 common/libcommon.a(cmd_mem.o)
 .debug_frame   0x00003ca8       0xb0 common/libcommon.a(cmd_mii.o)
 .debug_frame   0x00003d58       0x30 common/libcommon.a(cmd_mmc.o)
 .debug_frame   0x00003d88       0xf0 common/libcommon.a(cmd_net.o)
 .debug_frame   0x00003e78      0x130 common/libcommon.a(cmd_nvedit.o)
 .debug_frame   0x00003fa8       0x90 common/libcommon.a(command.o)
 .debug_frame   0x00004038      0x2cc common/libcommon.a(console.o)
 .debug_frame   0x00004304       0x90 common/libcommon.a(devices.o)
 .debug_frame   0x00004394      0x1b0 common/libcommon.a(dlmalloc.o)
 .debug_frame   0x00004544       0xb0 common/libcommon.a(env_common.o)
 .debug_frame   0x000045f4       0x90 common/libcommon.a(env_flash.o)
 .debug_frame   0x00004684       0x70 common/libcommon.a(exports.o)
 .debug_frame   0x000046f4       0x90 common/libcommon.a(flash.o)
 .debug_frame   0x00004784      0x1f0 common/libcommon.a(lists.o)
 .debug_frame   0x00004974      0x1d0 common/libcommon.a(miiphyutil.o)
 .debug_frame   0x00004b44      0x1b0 common/libcommon.a(xyzModem.o)
 .debug_frame   0x00004cf4       0x30 common/libcommon.a(crc16.o)
 .debug_frame   0x00004d24       0x30 lib_generic/libgeneric.a(crc32.o)
 .debug_frame   0x00004d54       0x50 lib_generic/libgeneric.a(display_options.o)
 .debug_frame   0x00004da4      0x310 lib_generic/libgeneric.a(string.o)
 .debug_frame   0x000050b4      0x11c lib_generic/libgeneric.a(vsprintf.o)
 .debug_frame   0x000051d0      0x350 lib_generic/libgeneric.a(zlib.o)
 .debug_frame   0x00005520       0x70 board/at91rm9200dk/libat91rm9200dk.a(at91rm9200dk.o)
 .debug_frame   0x00005590      0x230 board/at91rm9200dk/libat91rm9200dk.a(at45.o)
 .debug_frame   0x000057c0      0x110 board/at91rm9200dk/libat91rm9200dk.a(flash.o)
 .debug_frame   0x000058d0      0x190 cpu/arm920t/libarm920t.a(cpu.o)
 .debug_frame   0x00005a60       0x90 cpu/arm920t/at91rm9200/libat91rm9200.a(dm9161.o)
 .debug_frame   0x00005af0      0x170 cpu/arm920t/at91rm9200/libat91rm9200.a(ether.o)
 .debug_frame   0x00005c60       0xd0 cpu/arm920t/at91rm9200/libat91rm9200.a(serial.o)
 .debug_frame   0x00005d30       0xf0 lib_arm/libarm.a(armlinux.o)
 .debug_frame   0x00005e20       0x30 lib_arm/libarm.a(cache.o)

.debug_pubnames
                0x00000000     0x3c14
 .debug_pubnames
                0x00000000       0xdf cpu/arm920t/libarm920t.a(interrupts.o)
 .debug_pubnames
                0x000000df       0xde cpu/arm920t/at91rm9200/libat91rm9200.a(interrupts.o)
 .debug_pubnames
                0x000001bd     0x1868 cpu/arm920t/at91rm9200/libat91rm9200.a(mmc.o)
 .debug_pubnames
                0x00001a25       0x71 lib_arm/libarm.a(board.o)
 .debug_pubnames
                0x00001a96       0x1d lib_arm/libarm.a(div0.o)
 .debug_pubnames
                0x00001ab3       0xc7 fs/fat/libfat.a(fat.o)
 .debug_pubnames
                0x00001b7a      0x3d7 net/libnet.a(net.o)
 .debug_pubnames
                0x00001f51       0x20 net/libnet.a(tftp.o)
 .debug_pubnames
                0x00001f71       0x82 net/libnet.a(bootp.o)
 .debug_pubnames
                0x00001ff3       0x2e net/libnet.a(rarp.o)
 .debug_pubnames
                0x00002021       0x25 net/libnet.a(eth.o)
 .debug_pubnames
                0x00002046       0x1f net/libnet.a(nfs.o)
 .debug_pubnames
                0x00002065       0x54 disk/libdisk.a(part.o)
 .debug_pubnames
                0x000020b9       0x52 disk/libdisk.a(part_dos.o)
 .debug_pubnames
                0x0000210b      0x115 drivers/libdrivers.a(dataflash.o)
 .debug_pubnames
                0x00002220       0x5b common/libcommon.a(main.o)
 .debug_pubnames
                0x0000227b       0x47 common/libcommon.a(cmd_boot.o)
 .debug_pubnames
                0x000022c2       0xbe common/libcommon.a(cmd_bootm.o)
 .debug_pubnames
                0x00002380       0x3a common/libcommon.a(cmd_console.o)
 .debug_pubnames
                0x000023ba       0x99 common/libcommon.a(cmd_fat.o)
 .debug_pubnames
                0x00002453       0xb2 common/libcommon.a(cmd_flash.o)
 .debug_pubnames
                0x00002505       0x53 common/libcommon.a(cmd_itest.o)
 .debug_pubnames
                0x00002558      0x19f common/libcommon.a(cmd_load.o)
 .debug_pubnames
                0x000026f7      0x1e7 common/libcommon.a(cmd_mem.o)
 .debug_pubnames
                0x000028de      0x13e common/libcommon.a(cmd_mii.o)
 .debug_pubnames
                0x00002a1c       0x36 common/libcommon.a(cmd_mmc.o)
 .debug_pubnames
                0x00002a52       0xc6 common/libcommon.a(cmd_net.o)
 .debug_pubnames
                0x00002b18       0xd1 common/libcommon.a(cmd_nvedit.o)
 .debug_pubnames
                0x00002be9       0xaa common/libcommon.a(command.o)
 .debug_pubnames
                0x00002c93      0x10e common/libcommon.a(console.o)
 .debug_pubnames
                0x00002da1       0x76 common/libcommon.a(devices.o)
 .debug_pubnames
                0x00002e17       0xb3 common/libcommon.a(dlmalloc.o)
 .debug_pubnames
                0x00002eca       0x88 common/libcommon.a(env_common.o)
 .debug_pubnames
                0x00002f52       0x75 common/libcommon.a(env_flash.o)
 .debug_pubnames
                0x00002fc7       0x35 common/libcommon.a(exports.o)
 .debug_pubnames
                0x00002ffc       0x53 common/libcommon.a(flash.o)
 .debug_pubnames
                0x0000304f      0x116 common/libcommon.a(lists.o)
 .debug_pubnames
                0x00003165       0xe4 common/libcommon.a(miiphyutil.o)
 .debug_pubnames
                0x00003249       0xd5 common/libcommon.a(xyzModem.o)
 .debug_pubnames
                0x0000331e       0x20 common/libcommon.a(crc16.o)
 .debug_pubnames
                0x0000333e       0x1c lib_generic/libgeneric.a(crc32.o)
 .debug_pubnames
                0x0000335a       0x35 lib_generic/libgeneric.a(display_options.o)
 .debug_pubnames
                0x0000338f      0x130 lib_generic/libgeneric.a(string.o)
 .debug_pubnames
                0x000034bf       0x5a lib_generic/libgeneric.a(vsprintf.o)
 .debug_pubnames
                0x00003519       0xab lib_generic/libgeneric.a(zlib.o)
 .debug_pubnames
                0x000035c4       0x1d lib_generic/libgeneric.a(ctype.o)
 .debug_pubnames
                0x000035e1       0x4e board/at91rm9200dk/libat91rm9200dk.a(at91rm9200dk.o)
 .debug_pubnames
                0x0000362f      0x1d3 board/at91rm9200dk/libat91rm9200dk.a(at45.o)
 .debug_pubnames
                0x00003802       0xe4 board/at91rm9200dk/libat91rm9200dk.a(flash.o)
 .debug_pubnames
                0x000038e6       0xb3 cpu/arm920t/libarm920t.a(cpu.o)
 .debug_pubnames
                0x00003999       0x70 cpu/arm920t/at91rm9200/libat91rm9200.a(dm9161.o)
 .debug_pubnames
                0x00003a09      0x149 cpu/arm920t/at91rm9200/libat91rm9200.a(ether.o)
 .debug_pubnames
                0x00003b52       0x7b cpu/arm920t/at91rm9200/libat91rm9200.a(serial.o)
 .debug_pubnames
                0x00003bcd       0x25 lib_arm/libarm.a(armlinux.o)
 .debug_pubnames
                0x00003bf2       0x22 lib_arm/libarm.a(cache.o)

.debug_str      0x00000000      0x798
 .debug_str     0x00000000       0x15 cpu/arm920t/libarm920t.a(interrupts.o)
 .debug_str     0x00000015       0x21 cpu/arm920t/at91rm9200/libat91rm9200.a(interrupts.o)
 .debug_str     0x00000036      0x15c cpu/arm920t/at91rm9200/libat91rm9200.a(mmc.o)
 .debug_str     0x00000192        0xd lib_arm/libarm.a(board.o)
 .debug_str     0x0000019f       0xc4 fs/fat/libfat.a(fat.o)
 .debug_str     0x00000263       0x1f net/libnet.a(net.o)
 .debug_str     0x00000282        0xd net/libnet.a(tftp.o)
 .debug_str     0x0000028f        0xd net/libnet.a(bootp.o)
 .debug_str     0x0000029c        0xd net/libnet.a(rarp.o)
 .debug_str     0x000002a9        0xd net/libnet.a(eth.o)
 .debug_str     0x000002b6       0x1a net/libnet.a(nfs.o)
 .debug_str     0x000002d0       0x16 disk/libdisk.a(part.o)
 .debug_str     0x000002e6       0x53 disk/libdisk.a(part_dos.o)
 .debug_str     0x00000339       0x34 drivers/libdrivers.a(dataflash.o)
 .debug_str     0x0000036d       0x22 common/libcommon.a(main.o)
 .debug_str     0x0000038f        0xd common/libcommon.a(cmd_boot.o)
 .debug_str     0x0000039c       0x2b common/libcommon.a(cmd_bootm.o)
 .debug_str     0x000003c7        0xd common/libcommon.a(cmd_console.o)
 .debug_str     0x000003d4       0x16 common/libcommon.a(cmd_fat.o)
 .debug_str     0x000003ea       0x56 common/libcommon.a(cmd_flash.o)
 .debug_str     0x00000440        0xd common/libcommon.a(cmd_itest.o)
 .debug_str     0x0000044d       0x1d common/libcommon.a(cmd_load.o)
 .debug_str     0x0000046a       0x33 common/libcommon.a(cmd_mem.o)
 .debug_str     0x0000049d       0x16 common/libcommon.a(cmd_mii.o)
 .debug_str     0x000004b3        0xd common/libcommon.a(cmd_mmc.o)
 .debug_str     0x000004c0       0x1d common/libcommon.a(cmd_net.o)
 .debug_str     0x000004dd       0x16 common/libcommon.a(cmd_nvedit.o)
 .debug_str     0x000004f3       0x13 common/libcommon.a(command.o)
 .debug_str     0x00000506       0x1e common/libcommon.a(console.o)
 .debug_str     0x00000524        0xd common/libcommon.a(devices.o)
 .debug_str     0x00000531       0x41 common/libcommon.a(dlmalloc.o)
 .debug_str     0x00000572        0xd common/libcommon.a(env_common.o)
 .debug_str     0x0000057f        0xd common/libcommon.a(env_flash.o)
 .debug_str     0x0000058c        0xd common/libcommon.a(exports.o)
 .debug_str     0x00000599        0xd common/libcommon.a(flash.o)
 .debug_str     0x000005a6       0x41 common/libcommon.a(lists.o)
 .debug_str     0x000005e7       0x2a common/libcommon.a(miiphyutil.o)
 .debug_str     0x00000611        0xd common/libcommon.a(xyzModem.o)
 .debug_str     0x0000061e        0xd common/libcommon.a(crc16.o)
 .debug_str     0x0000062b        0xd lib_generic/libgeneric.a(crc32.o)
 .debug_str     0x00000638        0xd lib_generic/libgeneric.a(display_options.o)
 .debug_str     0x00000645       0x18 lib_generic/libgeneric.a(string.o)
 .debug_str     0x0000065d       0x17 lib_generic/libgeneric.a(vsprintf.o)
 .debug_str     0x00000674        0xd lib_generic/libgeneric.a(zlib.o)
 .debug_str     0x00000681        0xd board/at91rm9200dk/libat91rm9200dk.a(at91rm9200dk.o)
 .debug_str     0x0000068e       0x5b board/at91rm9200dk/libat91rm9200dk.a(at45.o)
 .debug_str     0x000006e9       0x12 board/at91rm9200dk/libat91rm9200dk.a(flash.o)
 .debug_str     0x000006fb        0xd cpu/arm920t/libarm920t.a(cpu.o)
 .debug_str     0x00000708       0x13 cpu/arm920t/at91rm9200/libat91rm9200.a(dm9161.o)
 .debug_str     0x0000071b       0x23 cpu/arm920t/at91rm9200/libat91rm9200.a(ether.o)
 .debug_str     0x0000073e       0x16 cpu/arm920t/at91rm9200/libat91rm9200.a(serial.o)
 .debug_str     0x00000754       0x37 lib_arm/libarm.a(armlinux.o)
 .debug_str     0x0000078b        0xd lib_arm/libarm.a(cache.o)

.comment        0x00000000      0x898
 .comment       0x00000000       0x28 cpu/arm920t/libarm920t.a(interrupts.o)
 .comment       0x00000028       0x28 cpu/arm920t/at91rm9200/libat91rm9200.a(interrupts.o)
 .comment       0x00000050       0x28 cpu/arm920t/at91rm9200/libat91rm9200.a(mmc.o)
 .comment       0x00000078       0x28 lib_arm/libarm.a(board.o)
 .comment       0x000000a0       0x28 lib_arm/libarm.a(div0.o)
 .comment       0x000000c8       0x28 fs/fat/libfat.a(fat.o)
 .comment       0x000000f0       0x28 net/libnet.a(net.o)
 .comment       0x00000118       0x28 net/libnet.a(tftp.o)
 .comment       0x00000140       0x28 net/libnet.a(bootp.o)
 .comment       0x00000168       0x28 net/libnet.a(rarp.o)
 .comment       0x00000190       0x28 net/libnet.a(eth.o)
 .comment       0x000001b8       0x28 net/libnet.a(nfs.o)
 .comment       0x000001e0       0x28 disk/libdisk.a(part.o)
 .comment       0x00000208       0x28 disk/libdisk.a(part_dos.o)
 .comment       0x00000230       0x28 drivers/libdrivers.a(dataflash.o)
 .comment       0x00000258       0x28 common/libcommon.a(main.o)
 .comment       0x00000280       0x28 common/libcommon.a(cmd_boot.o)
 .comment       0x000002a8       0x28 common/libcommon.a(cmd_bootm.o)
 .comment       0x000002d0       0x28 common/libcommon.a(cmd_console.o)
 .comment       0x000002f8       0x28 common/libcommon.a(cmd_fat.o)
 .comment       0x00000320       0x28 common/libcommon.a(cmd_flash.o)
 .comment       0x00000348       0x28 common/libcommon.a(cmd_itest.o)
 .comment       0x00000370       0x28 common/libcommon.a(cmd_load.o)
 .comment       0x00000398       0x28 common/libcommon.a(cmd_mem.o)
 .comment       0x000003c0       0x28 common/libcommon.a(cmd_mii.o)
 .comment       0x000003e8       0x28 common/libcommon.a(cmd_mmc.o)
 .comment       0x00000410       0x28 common/libcommon.a(cmd_net.o)
 .comment       0x00000438       0x28 common/libcommon.a(cmd_nvedit.o)
 .comment       0x00000460       0x28 common/libcommon.a(command.o)
 .comment       0x00000488       0x28 common/libcommon.a(console.o)
 .comment       0x000004b0       0x28 common/libcommon.a(devices.o)
 .comment       0x000004d8       0x28 common/libcommon.a(dlmalloc.o)
 .comment       0x00000500       0x28 common/libcommon.a(env_common.o)
 .comment       0x00000528       0x28 common/libcommon.a(env_flash.o)
 .comment       0x00000550       0x28 common/libcommon.a(exports.o)
 .comment       0x00000578       0x28 common/libcommon.a(flash.o)
 .comment       0x000005a0       0x28 common/libcommon.a(lists.o)
 .comment       0x000005c8       0x28 common/libcommon.a(miiphyutil.o)
 .comment       0x000005f0       0x28 common/libcommon.a(xyzModem.o)
 .comment       0x00000618       0x28 common/libcommon.a(crc16.o)
 .comment       0x00000640       0x28 lib_generic/libgeneric.a(crc32.o)
 .comment       0x00000668       0x28 lib_generic/libgeneric.a(display_options.o)
 .comment       0x00000690       0x28 lib_generic/libgeneric.a(string.o)
 .comment       0x000006b8       0x28 lib_generic/libgeneric.a(vsprintf.o)
 .comment       0x000006e0       0x28 lib_generic/libgeneric.a(zlib.o)
 .comment       0x00000708       0x28 lib_generic/libgeneric.a(ctype.o)
 .comment       0x00000730       0x28 board/at91rm9200dk/libat91rm9200dk.a(at91rm9200dk.o)
 .comment       0x00000758       0x28 board/at91rm9200dk/libat91rm9200dk.a(at45.o)
 .comment       0x00000780       0x28 board/at91rm9200dk/libat91rm9200dk.a(flash.o)
 .comment       0x000007a8       0x28 cpu/arm920t/libarm920t.a(cpu.o)
 .comment       0x000007d0       0x28 cpu/arm920t/at91rm9200/libat91rm9200.a(dm9161.o)
 .comment       0x000007f8       0x28 cpu/arm920t/at91rm9200/libat91rm9200.a(ether.o)
 .comment       0x00000820       0x28 cpu/arm920t/at91rm9200/libat91rm9200.a(serial.o)
 .comment       0x00000848       0x28 lib_arm/libarm.a(armlinux.o)
 .comment       0x00000870       0x28 lib_arm/libarm.a(cache.o)
